Component: ARM Compiler 5.06 update 7 (build 960) Tool: armlink [4d3601]

==============================================================================

Section Cross References

    startup_stm32f030.o(RESET) refers to startup_stm32f030.o(STACK) for __initial_sp
    startup_stm32f030.o(RESET) refers to startup_stm32f030.o(.text) for Reset_Handler
    startup_stm32f030.o(RESET) refers to stm32f0xx_it.o(i.NMI_Handler) for NMI_Handler
    startup_stm32f030.o(RESET) refers to stm32f0xx_it.o(i.HardFault_Handler) for HardFault_Handler
    startup_stm32f030.o(RESET) refers to stm32f0xx_it.o(i.SVC_Handler) for SVC_Handler
    startup_stm32f030.o(RESET) refers to stm32f0xx_it.o(i.EXTI4_15_IRQHandler) for EXTI4_15_IRQHandler
    startup_stm32f030.o(RESET) refers to stm32f0xx_it.o(i.DMA1_Channel1_IRQHandler) for DMA1_Channel1_IRQHandler
    startup_stm32f030.o(RESET) refers to stm32f0xx_it.o(i.DMA1_Channel2_3_IRQHandler) for DMA1_Channel2_3_IRQHandler
    startup_stm32f030.o(RESET) refers to stm32f0xx_it.o(i.DMA1_Channel4_5_IRQHandler) for DMA1_Channel4_5_IRQHandler
    startup_stm32f030.o(RESET) refers to stm32f0xx_it.o(i.ADC1_IRQHandler) for ADC1_IRQHandler
    startup_stm32f030.o(RESET) refers to stm32f0xx_it.o(i.TIM1_CC_IRQHandler) for TIM1_CC_IRQHandler
    startup_stm32f030.o(RESET) refers to stm32f0xx_it.o(i.TIM3_IRQHandler) for TIM3_IRQHandler
    startup_stm32f030.o(RESET) refers to stm32f0xx_it.o(i.TIM14_IRQHandler) for TIM14_IRQHandler
    startup_stm32f030.o(RESET) refers to stm32f0xx_it.o(i.TIM15_IRQHandler) for TIM15_IRQHandler
    startup_stm32f030.o(RESET) refers to stm32f0xx_it.o(i.TIM16_IRQHandler) for TIM16_IRQHandler
    startup_stm32f030.o(RESET) refers to stm32f0xx_it.o(i.TIM17_IRQHandler) for TIM17_IRQHandler
    startup_stm32f030.o(RESET) refers to stm32f0xx_it.o(i.USART1_IRQHandler) for USART1_IRQHandler
    startup_stm32f030.o(RESET) refers to stm32f0xx_it.o(i.USART2_IRQHandler) for USART2_IRQHandler
    startup_stm32f030.o(.text) refers to system_stm32f0xx.o(i.SystemInit) for SystemInit
    startup_stm32f030.o(.text) refers to entry.o(.ARM.Collect$$$$00000000) for __main
    stm32f0xx_adc.o(i.ADC_DeInit) refers to stm32f0xx_rcc.o(i.RCC_APB2PeriphResetCmd) for RCC_APB2PeriphResetCmd
    stm32f0xx_can.o(i.CAN_DeInit) refers to stm32f0xx_rcc.o(i.RCC_APB1PeriphResetCmd) for RCC_APB1PeriphResetCmd
    stm32f0xx_can.o(i.CAN_GetITStatus) refers to stm32f0xx_can.o(i.CheckITStatus) for CheckITStatus
    stm32f0xx_cec.o(i.CEC_DeInit) refers to stm32f0xx_rcc.o(i.RCC_APB1PeriphResetCmd) for RCC_APB1PeriphResetCmd
    stm32f0xx_crs.o(i.CRS_DeInit) refers to stm32f0xx_rcc.o(i.RCC_APB1PeriphResetCmd) for RCC_APB1PeriphResetCmd
    stm32f0xx_dac.o(i.DAC_DeInit) refers to stm32f0xx_rcc.o(i.RCC_APB1PeriphResetCmd) for RCC_APB1PeriphResetCmd
    stm32f0xx_flash.o(i.FLASH_EraseAllPages) refers to stm32f0xx_flash.o(i.FLASH_WaitForLastOperation) for FLASH_WaitForLastOperation
    stm32f0xx_flash.o(i.FLASH_ErasePage) refers to stm32f0xx_flash.o(i.FLASH_WaitForLastOperation) for FLASH_WaitForLastOperation
    stm32f0xx_flash.o(i.FLASH_OB_BOOT0Config) refers to stm32f0xx_flash.o(i.FLASH_WaitForLastOperation) for FLASH_WaitForLastOperation
    stm32f0xx_flash.o(i.FLASH_OB_BOOT0SWConfig) refers to stm32f0xx_flash.o(i.FLASH_WaitForLastOperation) for FLASH_WaitForLastOperation
    stm32f0xx_flash.o(i.FLASH_OB_BOOTConfig) refers to stm32f0xx_flash.o(i.FLASH_WaitForLastOperation) for FLASH_WaitForLastOperation
    stm32f0xx_flash.o(i.FLASH_OB_EnableWRP) refers to stm32f0xx_flash.o(i.FLASH_WaitForLastOperation) for FLASH_WaitForLastOperation
    stm32f0xx_flash.o(i.FLASH_OB_Erase) refers to stm32f0xx_flash.o(i.FLASH_OB_GetRDP) for FLASH_OB_GetRDP
    stm32f0xx_flash.o(i.FLASH_OB_Erase) refers to stm32f0xx_flash.o(i.FLASH_WaitForLastOperation) for FLASH_WaitForLastOperation
    stm32f0xx_flash.o(i.FLASH_OB_ProgramData) refers to stm32f0xx_flash.o(i.FLASH_WaitForLastOperation) for FLASH_WaitForLastOperation
    stm32f0xx_flash.o(i.FLASH_OB_RDPConfig) refers to stm32f0xx_flash.o(i.FLASH_WaitForLastOperation) for FLASH_WaitForLastOperation
    stm32f0xx_flash.o(i.FLASH_OB_SRAMParityConfig) refers to stm32f0xx_flash.o(i.FLASH_WaitForLastOperation) for FLASH_WaitForLastOperation
    stm32f0xx_flash.o(i.FLASH_OB_UserConfig) refers to stm32f0xx_flash.o(i.FLASH_WaitForLastOperation) for FLASH_WaitForLastOperation
    stm32f0xx_flash.o(i.FLASH_OB_VDDAConfig) refers to stm32f0xx_flash.o(i.FLASH_WaitForLastOperation) for FLASH_WaitForLastOperation
    stm32f0xx_flash.o(i.FLASH_OB_WriteUser) refers to stm32f0xx_flash.o(i.FLASH_WaitForLastOperation) for FLASH_WaitForLastOperation
    stm32f0xx_flash.o(i.FLASH_ProgramHalfWord) refers to stm32f0xx_flash.o(i.FLASH_WaitForLastOperation) for FLASH_WaitForLastOperation
    stm32f0xx_flash.o(i.FLASH_ProgramWord) refers to stm32f0xx_flash.o(i.FLASH_WaitForLastOperation) for FLASH_WaitForLastOperation
[...]
    Removing stm32f0xx_rtc.o(i.RTC_CalibOutputConfig), (44 bytes).
    Removing stm32f0xx_rtc.o(i.RTC_ClearFlag), (32 bytes).
    Removing stm32f0xx_rtc.o(i.RTC_ClearITPendingBit), (36 bytes).
    Removing stm32f0xx_rtc.o(i.RTC_DateStructInit), (14 bytes).
    Removing stm32f0xx_rtc.o(i.RTC_DayLightSavingConfig), (48 bytes).
    Removing stm32f0xx_rtc.o(i.RTC_DeInit), (116 bytes).
    Removing stm32f0xx_rtc.o(i.RTC_EnterInitMode), (88 bytes).
    Removing stm32f0xx_rtc.o(i.RTC_ExitInitMode), (20 bytes).
    Removing stm32f0xx_rtc.o(i.RTC_GetAlarm), (120 bytes).
    Removing stm32f0xx_rtc.o(i.RTC_GetAlarmSubSecond), (20 bytes).
    Removing stm32f0xx_rtc.o(i.RTC_GetDate), (96 bytes).
    Removing stm32f0xx_rtc.o(i.RTC_GetFlagStatus), (44 bytes).
    Removing stm32f0xx_rtc.o(i.RTC_GetITStatus), (76 bytes).
    Removing stm32f0xx_rtc.o(i.RTC_GetStoreOperation), (16 bytes).
    Removing stm32f0xx_rtc.o(i.RTC_GetSubSecond), (16 bytes).
    Removing stm32f0xx_rtc.o(i.RTC_GetTime), (92 bytes).
    Removing stm32f0xx_rtc.o(i.RTC_GetTimeStamp), (164 bytes).
    Removing stm32f0xx_rtc.o(i.RTC_GetTimeStampSubSecond), (12 bytes).
    Removing stm32f0xx_rtc.o(i.RTC_GetWakeUpCounter), (12 bytes).
    Removing stm32f0xx_rtc.o(i.RTC_ITConfig), (100 bytes).
    Removing stm32f0xx_rtc.o(i.RTC_Init), (88 bytes).
    Removing stm32f0xx_rtc.o(i.RTC_OutputConfig), (48 bytes).
    Removing stm32f0xx_rtc.o(i.RTC_OutputTypeConfig), (28 bytes).
    Removing stm32f0xx_rtc.o(i.RTC_ReadBackupRegister), (32 bytes).
    Removing stm32f0xx_rtc.o(i.RTC_RefClockCmd), (76 bytes).
    Removing stm32f0xx_rtc.o(i.RTC_SetAlarm), (216 bytes).
    Removing stm32f0xx_rtc.o(i.RTC_SetDate), (208 bytes).
    Removing stm32f0xx_rtc.o(i.RTC_SetTime), (216 bytes).
    Removing stm32f0xx_rtc.o(i.RTC_SetWakeUpCounter), (24 bytes).
    Removing stm32f0xx_rtc.o(i.RTC_SmoothCalibConfig), (96 bytes).
    Removing stm32f0xx_rtc.o(i.RTC_StructInit), (14 bytes).
    Removing stm32f0xx_rtc.o(i.RTC_SynchroShiftConfig), (124 bytes).
    Removing stm32f0xx_rtc.o(i.RTC_TamperCmd), (32 bytes).
    Removing stm32f0xx_rtc.o(i.RTC_TamperFilterConfig), (28 bytes).
    Removing stm32f0xx_rtc.o(i.RTC_TamperPinsPrechargeDuration), (28 bytes).
    Removing stm32f0xx_rtc.o(i.RTC_TamperPullUpCmd), (40 bytes).
    Removing stm32f0xx_rtc.o(i.RTC_TamperSamplingFreqConfig), (28 bytes).
    Removing stm32f0xx_rtc.o(i.RTC_TamperTriggerConfig), (36 bytes).
    Removing stm32f0xx_rtc.o(i.RTC_TimeStampCmd), (64 bytes).
    Removing stm32f0xx_rtc.o(i.RTC_TimeStampOnTamperDetectionCmd), (36 bytes).
    Removing stm32f0xx_rtc.o(i.RTC_TimeStructInit), (12 bytes).
    Removing stm32f0xx_rtc.o(i.RTC_WaitForSynchro), (108 bytes).
    Removing stm32f0xx_rtc.o(i.RTC_WakeUpClockConfig), (40 bytes).
    Removing stm32f0xx_rtc.o(i.RTC_WakeUpCmd), (116 bytes).
    Removing stm32f0xx_rtc.o(i.RTC_WriteBackupRegister), (28 bytes).
    Removing stm32f0xx_rtc.o(i.RTC_WriteProtectionCmd), (28 bytes).
    Removing stm32f0xx_spi.o(.rev16_text), (4 bytes).
    Removing stm32f0xx_spi.o(.revsh_text), (4 bytes).
    Removing stm32f0xx_spi.o(i.I2S_Cmd), (32 bytes).
    Removing stm32f0xx_spi.o(i.I2S_Init), (232 bytes).
    Removing stm32f0xx_spi.o(i.I2S_StructInit), (20 bytes).
    Removing stm32f0xx_spi.o(i.SPI_BiDirectionalLineConfig), (32 bytes).
    Removing stm32f0xx_spi.o(i.SPI_CRCLengthConfig), (20 bytes).
    Removing stm32f0xx_spi.o(i.SPI_CalculateCRC), (32 bytes).
    Removing stm32f0xx_spi.o(i.SPI_Cmd), (28 bytes).
    Removing stm32f0xx_spi.o(i.SPI_DataSizeConfig), (24 bytes).
    Removing stm32f0xx_spi.o(i.SPI_GetCRC), (16 bytes).
    Removing stm32f0xx_spi.o(i.SPI_GetCRCPolynomial), (6 bytes).
    Removing stm32f0xx_spi.o(i.SPI_GetReceptionFIFOStatus), (12 bytes).
    Removing stm32f0xx_spi.o(i.SPI_GetTransmissionFIFOStatus), (12 bytes).
    Removing stm32f0xx_spi.o(i.SPI_I2S_ClearFlag), (6 bytes).
    Removing stm32f0xx_spi.o(i.SPI_I2S_DMACmd), (20 bytes).
    Removing stm32f0xx_spi.o(i.SPI_I2S_DeInit), (60 bytes).
    Removing stm32f0xx_spi.o(i.SPI_I2S_GetFlagStatus), (20 bytes).
    Removing stm32f0xx_spi.o(i.SPI_I2S_GetITStatus), (56 bytes).
    Removing stm32f0xx_spi.o(i.SPI_I2S_ITConfig), (34 bytes).
    Removing stm32f0xx_spi.o(i.SPI_I2S_ReceiveData16), (6 bytes).
    Removing stm32f0xx_spi.o(i.SPI_I2S_SendData16), (4 bytes).
    Removing stm32f0xx_spi.o(i.SPI_Init), (88 bytes).
    Removing stm32f0xx_spi.o(i.SPI_LastDMATransferCmd), (20 bytes).
    Removing stm32f0xx_spi.o(i.SPI_NSSInternalSoftwareConfig), (32 bytes).
    Removing stm32f0xx_spi.o(i.SPI_NSSPulseModeCmd), (28 bytes).
    Removing stm32f0xx_spi.o(i.SPI_ReceiveData8), (12 bytes).
    Removing stm32f0xx_spi.o(i.SPI_RxFIFOThresholdConfig), (20 bytes).
    Removing stm32f0xx_spi.o(i.SPI_SSOutputCmd), (28 bytes).
    Removing stm32f0xx_spi.o(i.SPI_SendData8), (10 bytes).
    Removing stm32f0xx_spi.o(i.SPI_StructInit), (30 bytes).
    Removing stm32f0xx_spi.o(i.SPI_TIModeCmd), (28 bytes).
    Removing stm32f0xx_spi.o(i.SPI_TransmitCRC), (12 bytes).
    Removing stm32f0xx_syscfg.o(.rev16_text), (4 bytes).
    Removing stm32f0xx_syscfg.o(.revsh_text), (4 bytes).
    Removing stm32f0xx_syscfg.o(i.SYSCFG_BreakConfig), (16 bytes).
    Removing stm32f0xx_syscfg.o(i.SYSCFG_ClearFlag), (16 bytes).
    Removing stm32f0xx_syscfg.o(i.SYSCFG_DMAChannelRemapConfig), (32 bytes).
    Removing stm32f0xx_syscfg.o(i.SYSCFG_DeInit), (44 bytes).
    Removing stm32f0xx_syscfg.o(i.SYSCFG_EXTILineConfig), (64 bytes).
    Removing stm32f0xx_syscfg.o(i.SYSCFG_GetFlagStatus), (32 bytes).
    Removing stm32f0xx_syscfg.o(i.SYSCFG_GetPendingIT), (24 bytes).
    Removing stm32f0xx_syscfg.o(i.SYSCFG_I2CFastModePlusConfig), (32 bytes).
    Removing stm32f0xx_syscfg.o(i.SYSCFG_IRDAEnvSelection), (28 bytes).
    Removing stm32f0xx_syscfg.o(i.SYSCFG_MemoryRemapConfig), (28 bytes).
    Removing stm32f0xx_tim.o(.rev16_text), (4 bytes).
    Removing stm32f0xx_tim.o(.revsh_text), (4 bytes).
    Removing stm32f0xx_tim.o(i.TI1_Config), (56 bytes).
    Removing stm32f0xx_tim.o(i.TI2_Config), (76 bytes).
    Removing stm32f0xx_tim.o(i.TI3_Config), (72 bytes).
    Removing stm32f0xx_tim.o(i.TI4_Config), (80 bytes).
    Removing stm32f0xx_tim.o(i.TIM_ARRPreloadConfig), (28 bytes).
    Removing stm32f0xx_tim.o(i.TIM_BDTRStructInit), (18 bytes).
    Removing stm32f0xx_tim.o(i.TIM_CCPreloadControl), (28 bytes).
    Removing stm32f0xx_tim.o(i.TIM_CCxCmd), (30 bytes).
    Removing stm32f0xx_tim.o(i.TIM_CCxNCmd), (30 bytes).
    Removing stm32f0xx_tim.o(i.TIM_ClearOC1Ref), (24 bytes).
    Removing stm32f0xx_tim.o(i.TIM_ClearOC2Ref), (20 bytes).
    Removing stm32f0xx_tim.o(i.TIM_ClearOC3Ref), (24 bytes).
    Removing stm32f0xx_tim.o(i.TIM_ClearOC4Ref), (20 bytes).
    Removing stm32f0xx_tim.o(i.TIM_CounterModeConfig), (24 bytes).
    Removing stm32f0xx_tim.o(i.TIM_DMACmd), (20 bytes).
    Removing stm32f0xx_tim.o(i.TIM_DMAConfig), (12 bytes).
    Removing stm32f0xx_tim.o(i.TIM_DeInit), (260 bytes).
    Removing stm32f0xx_tim.o(i.TIM_ETRClockMode1Config), (52 bytes).
    Removing stm32f0xx_tim.o(i.TIM_ETRClockMode2Config), (34 bytes).
    Removing stm32f0xx_tim.o(i.TIM_ETRConfig), (24 bytes).
    Removing stm32f0xx_tim.o(i.TIM_EncoderInterfaceConfig), (68 bytes).
    Removing stm32f0xx_tim.o(i.TIM_ForcedOC1Config), (24 bytes).
    Removing stm32f0xx_tim.o(i.TIM_ForcedOC2Config), (24 bytes).
    Removing stm32f0xx_tim.o(i.TIM_ForcedOC3Config), (24 bytes).
    Removing stm32f0xx_tim.o(i.TIM_ForcedOC4Config), (24 bytes).
    Removing stm32f0xx_tim.o(i.TIM_GenerateEvent), (4 bytes).
    Removing stm32f0xx_tim.o(i.TIM_GetCapture1), (6 bytes).
    Removing stm32f0xx_tim.o(i.TIM_GetCapture2), (6 bytes).
    Removing stm32f0xx_tim.o(i.TIM_GetCapture3), (6 bytes).
    Removing stm32f0xx_tim.o(i.TIM_GetCapture4), (6 bytes).
    Removing stm32f0xx_tim.o(i.TIM_GetCounter), (6 bytes).
    Removing stm32f0xx_tim.o(i.TIM_GetPrescaler), (6 bytes).
    Removing stm32f0xx_tim.o(i.TIM_ICInit), (112 bytes).
    Removing stm32f0xx_tim.o(i.TIM_ICStructInit), (18 bytes).
    Removing stm32f0xx_tim.o(i.TIM_ITRxExternalClockConfig), (24 bytes).
    Removing stm32f0xx_tim.o(i.TIM_InternalClockConfig), (16 bytes).
    Removing stm32f0xx_tim.o(i.TIM_OC1FastConfig), (24 bytes).
    Removing stm32f0xx_tim.o(i.TIM_OC1NPolarityConfig), (24 bytes).
    Removing stm32f0xx_tim.o(i.TIM_OC1PolarityConfig), (24 bytes).
    Removing stm32f0xx_tim.o(i.TIM_OC1PreloadConfig), (24 bytes).
    Removing stm32f0xx_tim.o(i.TIM_OC2FastConfig), (24 bytes).
    Removing stm32f0xx_tim.o(i.TIM_OC2NPolarityConfig), (24 bytes).
    Removing stm32f0xx_tim.o(i.TIM_OC2PolarityConfig), (24 bytes).
    Removing stm32f0xx_tim.o(i.TIM_OC2PreloadConfig), (24 bytes).
    Removing stm32f0xx_tim.o(i.TIM_OC3FastConfig), (24 bytes).
    Removing stm32f0xx_tim.o(i.TIM_OC3NPolarityConfig), (24 bytes).
    Removing stm32f0xx_tim.o(i.TIM_OC3PolarityConfig), (24 bytes).
    Removing stm32f0xx_tim.o(i.TIM_OC3PreloadConfig), (24 bytes).
    Removing stm32f0xx_tim.o(i.TIM_OC4FastConfig), (24 bytes).
    Removing stm32f0xx_tim.o(i.TIM_OC4PolarityConfig), (24 bytes).
    Removing stm32f0xx_tim.o(i.TIM_OC4PreloadConfig), (24 bytes).
    Removing stm32f0xx_tim.o(i.TIM_OCStructInit), (20 bytes).
    Removing stm32f0xx_tim.o(i.TIM_PWMIConfig), (124 bytes).
    Removing stm32f0xx_tim.o(i.TIM_PrescalerConfig), (6 bytes).
    Removing stm32f0xx_tim.o(i.TIM_RemapConfig), (6 bytes).
    Removing stm32f0xx_tim.o(i.TIM_SelectCCDMA), (28 bytes).
    Removing stm32f0xx_tim.o(i.TIM_SelectCOM), (28 bytes).
    Removing stm32f0xx_tim.o(i.TIM_SelectHallSensor), (28 bytes).
    Removing stm32f0xx_tim.o(i.TIM_SelectInputTrigger), (24 bytes).
    Removing stm32f0xx_tim.o(i.TIM_SelectMasterSlaveMode), (20 bytes).
    Removing stm32f0xx_tim.o(i.TIM_SelectOCREFClear), (20 bytes).
    Removing stm32f0xx_tim.o(i.TIM_SelectOCxM), (82 bytes).
    Removing stm32f0xx_tim.o(i.TIM_SelectOnePulseMode), (20 bytes).
    Removing stm32f0xx_tim.o(i.TIM_SelectSlaveMode), (20 bytes).
    Removing stm32f0xx_tim.o(i.TIM_SetAutoreload), (4 bytes).
    Removing stm32f0xx_tim.o(i.TIM_SetClockDivision), (20 bytes).
    Removing stm32f0xx_tim.o(i.TIM_SetCompare1), (4 bytes).
    Removing stm32f0xx_tim.o(i.TIM_SetCompare2), (4 bytes).
    Removing stm32f0xx_tim.o(i.TIM_SetCompare3), (4 bytes).
    Removing stm32f0xx_tim.o(i.TIM_SetCompare4), (4 bytes).
    Removing stm32f0xx_tim.o(i.TIM_SetCounter), (4 bytes).
    Removing stm32f0xx_tim.o(i.TIM_SetIC1Prescaler), (20 bytes).
    Removing stm32f0xx_tim.o(i.TIM_SetIC2Prescaler), (24 bytes).
    Removing stm32f0xx_tim.o(i.TIM_SetIC3Prescaler), (20 bytes).
    Removing stm32f0xx_tim.o(i.TIM_SetIC4Prescaler), (24 bytes).
    Removing stm32f0xx_tim.o(i.TIM_TIxExternalClockConfig), (58 bytes).
    Removing stm32f0xx_tim.o(i.TIM_TimeBaseStructInit), (18 bytes).
    Removing stm32f0xx_tim.o(i.TIM_UpdateDisableConfig), (28 bytes).
    Removing stm32f0xx_tim.o(i.TIM_UpdateRequestConfig), (28 bytes).
    Removing stm32f0xx_usart.o(.rev16_text), (4 bytes).
    Removing stm32f0xx_usart.o(.revsh_text), (4 bytes).
    Removing stm32f0xx_usart.o(i.USART_AddressDetectionConfig), (16 bytes).
    Removing stm32f0xx_usart.o(i.USART_AutoBaudRateCmd), (28 bytes).
    Removing stm32f0xx_usart.o(i.USART_AutoBaudRateConfig), (18 bytes).
    Removing stm32f0xx_usart.o(i.USART_ClearFlag), (4 bytes).
    Removing stm32f0xx_usart.o(i.USART_ClockInit), (36 bytes).
    Removing stm32f0xx_usart.o(i.USART_ClockStructInit), (12 bytes).
    Removing stm32f0xx_usart.o(i.USART_Cmd), (24 bytes).
    Removing stm32f0xx_usart.o(i.USART_DECmd), (28 bytes).
    Removing stm32f0xx_usart.o(i.USART_DEPolarityConfig), (18 bytes).
    Removing stm32f0xx_usart.o(i.USART_DMACmd), (20 bytes).
    Removing stm32f0xx_usart.o(i.USART_DMAReceptionErrorConfig), (18 bytes).
    Removing stm32f0xx_usart.o(i.USART_DataInvCmd), (28 bytes).
    Removing stm32f0xx_usart.o(i.USART_DeInit), (240 bytes).
    Removing stm32f0xx_usart.o(i.USART_DirectionModeCmd), (20 bytes).
    Removing stm32f0xx_usart.o(i.USART_GetFlagStatus), (20 bytes).
    Removing stm32f0xx_usart.o(i.USART_HalfDuplexCmd), (24 bytes).
    Removing stm32f0xx_usart.o(i.USART_ITConfig), (66 bytes).
    Removing stm32f0xx_usart.o(i.USART_Init), (248 bytes).
    Removing stm32f0xx_usart.o(i.USART_InvPinCmd), (20 bytes).
    Removing stm32f0xx_usart.o(i.USART_IrDACmd), (24 bytes).
    Removing stm32f0xx_usart.o(i.USART_IrDAConfig), (16 bytes).
    Removing stm32f0xx_usart.o(i.USART_LINBreakDetectLengthConfig), (16 bytes).
    Removing stm32f0xx_usart.o(i.USART_LINCmd), (28 bytes).
    Removing stm32f0xx_usart.o(i.USART_MSBFirstCmd), (28 bytes).
    Removing stm32f0xx_usart.o(i.USART_MuteModeCmd), (28 bytes).
    Removing stm32f0xx_usart.o(i.USART_MuteModeWakeUpConfig), (18 bytes).
    Removing stm32f0xx_usart.o(i.USART_OneBitMethodCmd), (28 bytes).
    Removing stm32f0xx_usart.o(i.USART_OverSampling8Cmd), (28 bytes).
    Removing stm32f0xx_usart.o(i.USART_OverrunDetectionConfig), (18 bytes).
    Removing stm32f0xx_usart.o(i.USART_ReceiveData), (10 bytes).
    Removing stm32f0xx_usart.o(i.USART_ReceiverTimeOutCmd), (28 bytes).
    Removing stm32f0xx_usart.o(i.USART_RequestCmd), (20 bytes).
    Removing stm32f0xx_usart.o(i.USART_STOPModeCmd), (24 bytes).
    Removing stm32f0xx_usart.o(i.USART_SWAPPinCmd), (28 bytes).
    Removing stm32f0xx_usart.o(i.USART_SendData), (8 bytes).
    Removing stm32f0xx_usart.o(i.USART_SetAddress), (18 bytes).
    Removing stm32f0xx_usart.o(i.USART_SetAutoRetryCount), (20 bytes).
    Removing stm32f0xx_usart.o(i.USART_SetBlockLength), (18 bytes).
    Removing stm32f0xx_usart.o(i.USART_SetDEAssertionTime), (20 bytes).
    Removing stm32f0xx_usart.o(i.USART_SetDEDeassertionTime), (20 bytes).
    Removing stm32f0xx_usart.o(i.USART_SetGuardTime), (16 bytes).
    Removing stm32f0xx_usart.o(i.USART_SetPrescaler), (18 bytes).
    Removing stm32f0xx_usart.o(i.USART_SetReceiverTimeOut), (16 bytes).
    Removing stm32f0xx_usart.o(i.USART_SmartCardCmd), (24 bytes).
    Removing stm32f0xx_usart.o(i.USART_SmartCardNACKCmd), (24 bytes).
    Removing stm32f0xx_usart.o(i.USART_StopModeWakeUpSourceConfig), (18 bytes).
    Removing stm32f0xx_usart.o(i.USART_StructInit), (24 bytes).
    Removing stm32f0xx_wwdg.o(.rev16_text), (4 bytes).
    Removing stm32f0xx_wwdg.o(.revsh_text), (4 bytes).
    Removing stm32f0xx_wwdg.o(i.WWDG_ClearFlag), (12 bytes).
    Removing stm32f0xx_wwdg.o(i.WWDG_DeInit), (22 bytes).
    Removing stm32f0xx_wwdg.o(i.WWDG_Enable), (16 bytes).
    Removing stm32f0xx_wwdg.o(i.WWDG_EnableIT), (20 bytes).
    Removing stm32f0xx_wwdg.o(i.WWDG_GetFlagStatus), (24 bytes).
    Removing stm32f0xx_wwdg.o(i.WWDG_SetCounter), (16 bytes).
    Removing stm32f0xx_wwdg.o(i.WWDG_SetPrescaler), (32 bytes).
    Removing stm32f0xx_wwdg.o(i.WWDG_SetWindowValue), (40 bytes).
    Removing main.o(.rev16_text), (4 bytes).
    Removing main.o(.revsh_text), (4 bytes).
    Removing main.o(.data), (1 bytes).
    Removing stm32f0xx_it.o(.rev16_text), (4 bytes).
    Removing stm32f0xx_it.o(.revsh_text), (4 bytes).
    Removing stm32f0xx_it.o(i.PendSV_Handler), (2 bytes).
    Removing stm32f0xx_it.o(i.SysTick_Handler), (2 bytes).
    Removing system_stm32f0xx.o(.rev16_text), (4 bytes).
    Removing system_stm32f0xx.o(.revsh_text), (4 bytes).
    Removing system_stm32f0xx.o(i.SystemCoreClockUpdate), (176 bytes).
    Removing system_stm32f0xx.o(.data), (24 bytes).
    Removing adc.o(.rev16_text), (4 bytes).
    Removing adc.o(.revsh_text), (4 bytes).
    Removing adc.o(i.Average_Data), (36 bytes).
    Removing adc.o(i.Filter), (64 bytes).
    Removing adc.o(i.Get_Sample_Average), (158 bytes).
    Removing adc.o(i.Sort_Data), (70 bytes).
    Removing adc.o(.data), (10 bytes).
    Removing gpio.o(.rev16_text), (4 bytes).
    Removing gpio.o(.revsh_text), (4 bytes).
    Removing gpio.o(i.EMF_GPIO_Init), (148 bytes).
    Removing gpio.o(i.LED_Rx_Gpio_Init), (100 bytes).
    Removing gpio.o(i.SPI_Gpio_Init), (88 bytes).
    Removing gpio.o(i.Usart1_Gpio_Init), (92 bytes).
    Removing gpio.o(.data), (4 bytes).
    Removing iwdg.o(.rev16_text), (4 bytes).
    Removing iwdg.o(.revsh_text), (4 bytes).
    Removing usart.o(.rev16_text), (4 bytes).
    Removing usart.o(.revsh_text), (4 bytes).
    Removing usart.o(i.USART1_DMA_RxInit), (108 bytes).
    Removing usart.o(i.USART1_DMA_TxInit), (116 bytes).
    Removing usart.o(i.USART1_Init), (116 bytes).
    Removing usart.o(i.USART2_DMA_RxInit), (108 bytes).
    Removing usart.o(i.USART2_DMA_TxInit), (116 bytes).
    Removing usart.o(i.USART2_Init), (132 bytes).
    Removing usart.o(i.Usart1_Receive_Close), (36 bytes).
    Removing usart.o(i.Usart1_Receive_Open), (56 bytes).
    Removing usart.o(i.Usart1_Send_Data), (68 bytes).
    Removing usart.o(i.Usart2_Isr), (60 bytes).
    Removing usart.o(i.Usart2_Receive_Close), (36 bytes).
    Removing usart.o(i.Usart2_Receive_Open), (56 bytes).
    Removing usart.o(i.Usart2_Send_Data), (72 bytes).
    Removing usart.o(i.Usart_Init), (20 bytes).
    Removing usart.o(i.Usart_Scanf), (32 bytes).
    Removing usart.o(i.Usart_test), (108 bytes).
    Removing usart.o(i._sys_exit), (4 bytes).
    Removing usart.o(i.ferror), (8 bytes).
    Removing usart.o(i.fputc), (36 bytes).
    Removing usart.o(.data), (4 bytes).
    Removing motor.o(.rev16_text), (4 bytes).
    Removing motor.o(.revsh_text), (4 bytes).
    Removing timer.o(.rev16_text), (4 bytes).
    Removing timer.o(.revsh_text), (4 bytes).
    Removing timer.o(i.TIM17_Init), (88 bytes).
    Removing timer.o(i.TIM_Channel_1_PWM_P_OutPut), (32 bytes).
    Removing timer.o(i.TIM_Channel_2_PWM_P_OutPut), (32 bytes).
    Removing timer.o(i.TIM_Channel_3_PWM_P_OutPut), (32 bytes).
    Removing control.o(.rev16_text), (4 bytes).
    Removing control.o(.revsh_text), (4 bytes).
    Removing control.o(i.EventHandle), (312 bytes).
    Removing control.o(i.Event_PrepareHandle), (140 bytes).
    Removing control.o(i.H1_GetStatus), (24 bytes).
    Removing control.o(i.H2_GetStatus), (28 bytes).
    Removing spi.o(.rev16_text), (4 bytes).
    Removing spi.o(.revsh_text), (4 bytes).
    Removing spi.o(i.Spi_SendByte), (104 bytes).
    Removing spi.o(i.Spi_SendData), (40 bytes).
    Removing protect.o(.rev16_text), (4 bytes).
    Removing protect.o(.revsh_text), (4 bytes).

605 unused section(s) (total 23693 bytes) removed from the image.

==============================================================================

Image Symbol Table

    Local Symbols

    Symbol Name                              Value     Ov Type        Size  Object(Section)

    ../clib/microlib/division.c              0x00000000   Number         0  uidiv.o ABSOLUTE
    ../clib/microlib/init/entry.s            0x00000000   Number         0  entry12a.o ABSOLUTE
    ../clib/microlib/init/entry.s            0x00000000   Number         0  entry2.o ABSOLUTE
    ../clib/microlib/init/entry.s            0x00000000   Number         0  entry12b.o ABSOLUTE
    ../clib/microlib/init/entry.s            0x00000000   Number         0  entry7a.o ABSOLUTE
    ../clib/microlib/init/entry.s            0x00000000   Number         0  entry.o ABSOLUTE
    ../clib/microlib/init/entry.s            0x00000000   Number         0  entry7b.o ABSOLUTE
    ../clib/microlib/init/entry.s            0x00000000   Number         0  entry8a.o ABSOLUTE
    ../clib/microlib/init/entry.s            0x00000000   Number         0  entry8b.o ABSOLUTE
    ../clib/microlib/init/entry.s            0x00000000   Number         0  entry9a.o ABSOLUTE
    ../clib/microlib/init/entry.s            0x00000000   Number         0  entry5.o ABSOLUTE
    ../clib/microlib/init/entry.s            0x00000000   Number         0  entry9b.o ABSOLUTE
    ../clib/microlib/init/entry.s            0x00000000   Number         0  entry10a.o ABSOLUTE
    ../clib/microlib/init/entry.s            0x00000000   Number         0  entry10b.o ABSOLUTE
    ../clib/microlib/init/entry.s            0x00000000   Number         0  entry11a.o ABSOLUTE
    ../clib/microlib/init/entry.s            0x00000000   Number         0  entry11b.o ABSOLUTE
    ../clib/microlib/longlong.c              0x00000000   Number         0  llsshr.o ABSOLUTE
    ../clib/microlib/longlong.c              0x00000000   Number         0  llushr.o ABSOLUTE
    ../clib/microlib/longlong.c              0x00000000   Number         0  llshl.o ABSOLUTE
    ../clib/microlib/string/memset.c         0x00000000   Number         0  memseta.o ABSOLUTE
    ../clib/microlib/stubs.s                 0x00000000   Number         0  iusefp.o ABSOLUTE
    ../clib/microlib/stubs.s                 0x00000000   Number         0  useno.o ABSOLUTE
    ../fplib/microlib/fpadd.c                0x00000000   Number         0  fadd.o ABSOLUTE
    ../fplib/microlib/fpadd.c                0x00000000   Number         0  dadd.o ABSOLUTE
    ../fplib/microlib/fpdiv.c                0x00000000   Number         0  fdiv.o ABSOLUTE
    ../fplib/microlib/fpepilogue.c           0x00000000   Number         0  depilogue.o ABSOLUTE
    ../fplib/microlib/fpepilogue.c           0x00000000   Number         0  fepilogue.o ABSOLUTE
    ../fplib/microlib/fpfix.c                0x00000000   Number         0  ffixi.o ABSOLUTE
    ../fplib/microlib/fpfix.c                0x00000000   Number         0  ffixui.o ABSOLUTE
    ../fplib/microlib/fpfix.c                0x00000000   Number         0  dfixui.o ABSOLUTE
    ../fplib/microlib/fpflt.c                0x00000000   Number         0  dfltui.o ABSOLUTE
    ../fplib/microlib/fpflt.c                0x00000000   Number         0  ffltui.o ABSOLUTE
    ../fplib/microlib/fpflt.c                0x00000000   Number         0  fflti.o ABSOLUTE
    ../fplib/microlib/fpmul.c                0x00000000   Number         0  fmul.o ABSOLUTE
    ../fplib/microlib/fpmul.c                0x00000000   Number         0  dmul.o ABSOLUTE
    ..\Source\APP\main.c                     0x00000000   Number         0  main.o ABSOLUTE
    ..\Source\APP\stm32f0xx_it.c             0x00000000   Number         0  stm32f0xx_it.o ABSOLUTE
    ..\Source\APP\system_stm32f0xx.c         0x00000000   Number         0  system_stm32f0xx.o ABSOLUTE
    ..\Source\FWLib\src\stm32f0xx_adc.c      0x00000000   Number         0  stm32f0xx_adc.o ABSOLUTE
    ..\Source\FWLib\src\stm32f0xx_can.c      0x00000000   Number         0  stm32f0xx_can.o ABSOLUTE
    ..\Source\FWLib\src\stm32f0xx_cec.c      0x00000000   Number         0  stm32f0xx_cec.o ABSOLUTE
    ..\Source\FWLib\src\stm32f0xx_comp.c     0x00000000   Number         0  stm32f0xx_comp.o ABSOLUTE
    ..\Source\FWLib\src\stm32f0xx_crc.c      0x00000000   Number         0  stm32f0xx_crc.o ABSOLUTE
    ..\Source\FWLib\src\stm32f0xx_crs.c      0x00000000   Number         0  stm32f0xx_crs.o ABSOLUTE
    ..\Source\FWLib\src\stm32f0xx_dac.c      0x00000000   Number         0  stm32f0xx_dac.o ABSOLUTE
    ..\Source\FWLib\src\stm32f0xx_dbgmcu.c   0x00000000   Number         0  stm32f0xx_dbgmcu.o ABSOLUTE
    ..\Source\FWLib\src\stm32f0xx_dma.c      0x00000000   Number         0  stm32f0xx_dma.o ABSOLUTE
    ..\Source\FWLib\src\stm32f0xx_exti.c     0x00000000   Number         0  stm32f0xx_exti.o ABSOLUTE
    ..\Source\FWLib\src\stm32f0xx_flash.c    0x00000000   Number         0  stm32f0xx_flash.o ABSOLUTE
    ..\Source\FWLib\src\stm32f0xx_gpio.c     0x00000000   Number         0  stm32f0xx_gpio.o ABSOLUTE
    ..\Source\FWLib\src\stm32f0xx_i2c.c      0x00000000   Number         0  stm32f0xx_i2c.o ABSOLUTE
    ..\Source\FWLib\src\stm32f0xx_iwdg.c     0x00000000   Number         0  stm32f0xx_iwdg.o ABSOLUTE
    ..\Source\FWLib\src\stm32f0xx_misc.c     0x00000000   Number         0  stm32f0xx_misc.o ABSOLUTE
    ..\Source\FWLib\src\stm32f0xx_pwr.c      0x00000000   Number         0  stm32f0xx_pwr.o ABSOLUTE
    ..\Source\FWLib\src\stm32f0xx_rcc.c      0x00000000   Number         0  stm32f0xx_rcc.o ABSOLUTE
    ..\Source\FWLib\src\stm32f0xx_rtc.c      0x00000000   Number         0  stm32f0xx_rtc.o ABSOLUTE
    ..\Source\FWLib\src\stm32f0xx_spi.c      0x00000000   Number         0  stm32f0xx_spi.o ABSOLUTE
    ..\Source\FWLib\src\stm32f0xx_syscfg.c   0x00000000   Number         0  stm32f0xx_syscfg.o ABSOLUTE
    ..\Source\FWLib\src\stm32f0xx_tim.c      0x00000000   Number         0  stm32f0xx_tim.o ABSOLUTE
    ..\Source\FWLib\src\stm32f0xx_usart.c    0x00000000   Number         0  stm32f0xx_usart.o ABSOLUTE
    ..\Source\FWLib\src\stm32f0xx_wwdg.c     0x00000000   Number         0  stm32f0xx_wwdg.o ABSOLUTE
    ..\Source\MyDrivers\adc.c                0x00000000   Number         0  adc.o ABSOLUTE
    ..\Source\MyDrivers\bsp.c                0x00000000   Number         0  bsp.o ABSOLUTE
    ..\Source\MyDrivers\control.c            0x00000000   Number         0  control.o ABSOLUTE
    ..\Source\MyDrivers\gpio.c               0x00000000   Number         0  gpio.o ABSOLUTE
    ..\Source\MyDrivers\iwdg.c               0x00000000   Number         0  iwdg.o ABSOLUTE
    ..\Source\MyDrivers\motor.c              0x00000000   Number         0  motor.o ABSOLUTE
    ..\Source\MyDrivers\protect.c            0x00000000   Number         0  protect.o ABSOLUTE
    ..\Source\MyDrivers\spi.c                0x00000000   Number         0  spi.o ABSOLUTE
    ..\Source\MyDrivers\timer.c              0x00000000   Number         0  timer.o ABSOLUTE
    ..\Source\MyDrivers\usart.c              0x00000000   Number         0  usart.o ABSOLUTE
    ..\Source\Start_Up\startup_stm32f030.s   0x00000000   Number         0  startup_stm32f030.o ABSOLUTE
    ..\\Source\\APP\\main.c                  0x00000000   Number         0  main.o ABSOLUTE
    ..\\Source\\APP\\stm32f0xx_it.c          0x00000000   Number         0  stm32f0xx_it.o ABSOLUTE
    ..\\Source\\APP\\system_stm32f0xx.c      0x00000000   Number         0  system_stm32f0xx.o ABSOLUTE
    ..\\Source\\FWLib\\src\\stm32f0xx_adc.c  0x00000000   Number         0  stm32f0xx_adc.o ABSOLUTE
    ..\\Source\\FWLib\\src\\stm32f0xx_can.c  0x00000000   Number         0  stm32f0xx_can.o ABSOLUTE
    ..\\Source\\FWLib\\src\\stm32f0xx_cec.c  0x00000000   Number         0  stm32f0xx_cec.o ABSOLUTE
    ..\\Source\\FWLib\\src\\stm32f0xx_comp.c 0x00000000   Number         0  stm32f0xx_comp.o ABSOLUTE
    ..\\Source\\FWLib\\src\\stm32f0xx_crc.c  0x00000000   Number         0  stm32f0xx_crc.o ABSOLUTE
    ..\\Source\\FWLib\\src\\stm32f0xx_crs.c  0x00000000   Number         0  stm32f0xx_crs.o ABSOLUTE
    ..\\Source\\FWLib\\src\\stm32f0xx_dac.c  0x00000000   Number         0  stm32f0xx_dac.o ABSOLUTE
    ..\\Source\\FWLib\\src\\stm32f0xx_dbgmcu.c 0x00000000   Number         0  stm32f0xx_dbgmcu.o ABSOLUTE
    ..\\Source\\FWLib\\src\\stm32f0xx_dma.c  0x00000000   Number         0  stm32f0xx_dma.o ABSOLUTE
    ..\\Source\\FWLib\\src\\stm32f0xx_exti.c 0x00000000   Number         0  stm32f0xx_exti.o ABSOLUTE
    ..\\Source\\FWLib\\src\\stm32f0xx_flash.c 0x00000000   Number         0  stm32f0xx_flash.o ABSOLUTE
    ..\\Source\\FWLib\\src\\stm32f0xx_gpio.c 0x00000000   Number         0  stm32f0xx_gpio.o ABSOLUTE
    ..\\Source\\FWLib\\src\\stm32f0xx_i2c.c  0x00000000   Number         0  stm32f0xx_i2c.o ABSOLUTE
    ..\\Source\\FWLib\\src\\stm32f0xx_iwdg.c 0x00000000   Number         0  stm32f0xx_iwdg.o ABSOLUTE
    ..\\Source\\FWLib\\src\\stm32f0xx_misc.c 0x00000000   Number         0  stm32f0xx_misc.o ABSOLUTE
    ..\\Source\\FWLib\\src\\stm32f0xx_pwr.c  0x00000000   Number         0  stm32f0xx_pwr.o ABSOLUTE
    ..\\Source\\FWLib\\src\\stm32f0xx_rcc.c  0x00000000   Number         0  stm32f0xx_rcc.o ABSOLUTE
    ..\\Source\\FWLib\\src\\stm32f0xx_rtc.c  0x00000000   Number         0  stm32f0xx_rtc.o ABSOLUTE
    ..\\Source\\FWLib\\src\\stm32f0xx_spi.c  0x00000000   Number         0  stm32f0xx_spi.o ABSOLUTE
    ..\\Source\\FWLib\\src\\stm32f0xx_syscfg.c 0x00000000   Number         0  stm32f0xx_syscfg.o ABSOLUTE
    ..\\Source\\FWLib\\src\\stm32f0xx_tim.c  0x00000000   Number         0  stm32f0xx_tim.o ABSOLUTE
    ..\\Source\\FWLib\\src\\stm32f0xx_usart.c 0x00000000   Number         0  stm32f0xx_usart.o ABSOLUTE
    ..\\Source\\FWLib\\src\\stm32f0xx_wwdg.c 0x00000000   Number         0  stm32f0xx_wwdg.o ABSOLUTE
    ..\\Source\\MyDrivers\\adc.c             0x00000000   Number         0  adc.o ABSOLUTE
    ..\\Source\\MyDrivers\\control.c         0x00000000   Number         0  control.o ABSOLUTE
    ..\\Source\\MyDrivers\\gpio.c            0x00000000   Number         0  gpio.o ABSOLUTE
    ..\\Source\\MyDrivers\\iwdg.c            0x00000000   Number         0  iwdg.o ABSOLUTE
    ..\\Source\\MyDrivers\\motor.c           0x00000000   Number         0  motor.o ABSOLUTE
    ..\\Source\\MyDrivers\\protect.c         0x00000000   Number         0  protect.o ABSOLUTE
    ..\\Source\\MyDrivers\\spi.c             0x00000000   Number         0  spi.o ABSOLUTE
    ..\\Source\\MyDrivers\\timer.c           0x00000000   Number         0  timer.o ABSOLUTE
    ..\\Source\\MyDrivers\\usart.c           0x00000000   Number         0  usart.o ABSOLUTE
    dc.s                                     0x00000000   Number         0  dc.o ABSOLUTE
    handlers.s                               0x00000000   Number         0  handlers.o ABSOLUTE
    init.s                                   0x00000000   Number         0  init.o ABSOLUTE
    RESET                                    0x08000000   Section      180  startup_stm32f030.o(RESET)
    .ARM.Collect$$$$00000000                 0x080000b4   Section        0  entry.o(.ARM.Collect$$$$00000000)
    .ARM.Collect$$$$00000001                 0x080000b4   Section        4  entry2.o(.ARM.Collect$$$$00000001)
    .ARM.Collect$$$$00000004                 0x080000b8   Section        4  entry5.o(.ARM.Collect$$$$00000004)
    .ARM.Collect$$$$00000008                 0x080000bc   Section        0  entry7b.o(.ARM.Collect$$$$00000008)
    .ARM.Collect$$$$0000000A                 0x080000bc   Section        0  entry8b.o(.ARM.Collect$$$$0000000A)
    .ARM.Collect$$$$0000000B                 0x080000bc   Section        8  entry9a.o(.ARM.Collect$$$$0000000B)
    .ARM.Collect$$$$0000000E                 0x080000c4   Section        4  entry12b.o(.ARM.Collect$$$$0000000E)
    .ARM.Collect$$$$0000000F                 0x080000c8   Section        0  entry10a.o(.ARM.Collect$$$$0000000F)
    .ARM.Collect$$$$00000011                 0x080000c8   Section        0  entry11a.o(.ARM.Collect$$$$00000011)
    .ARM.Collect$$$$00002712                 0x080000c8   Section        4  entry2.o(.ARM.Collect$$$$00002712)
    __lit__00000000                          0x080000c8   Data           4  entry2.o(.ARM.Collect$$$$00002712)
    .text                                    0x080000cc   Section       28  startup_stm32f030.o(.text)
    .text                                    0x080000e8   Section        0  fadd.o(.text)
    .text                                    0x0800019a   Section        0  fmul.o(.text)
    .text                                    0x08000214   Section        0  fdiv.o(.text)
    .text                                    0x08000290   Section        0  dadd.o(.text)
    .text                                    0x080003f8   Section        0  dmul.o(.text)
    .text                                    0x080004c8   Section        0  fflti.o(.text)
    .text                                    0x080004de   Section        0  ffltui.o(.text)
    .text                                    0x080004ec   Section        0  dfltui.o(.text)
    .text                                    0x08000508   Section        0  ffixi.o(.text)
    .text                                    0x0800053a   Section        0  ffixui.o(.text)
    .text                                    0x08000564   Section        0  dfixui.o(.text)
    .text                                    0x080005a0   Section        0  llshl.o(.text)
    .text                                    0x080005c0   Section        0  llushr.o(.text)
    .text                                    0x080005e2   Section        0  llsshr.o(.text)
    .text                                    0x08000608   Section        0  fepilogue.o(.text)
    .text                                    0x08000608   Section        0  iusefp.o(.text)
    .text                                    0x0800068a   Section        0  depilogue.o(.text)
    .text                                    0x08000748   Section       36  init.o(.text)
    i.ADC1_DMA_Init                          0x0800076c   Section        0  adc.o(i.ADC1_DMA_Init)
    i.ADC1_IRQHandler                        0x080007f4   Section        0  stm32f0xx_it.o(i.ADC1_IRQHandler)
    i.ADC_ChannelConfig                      0x08000810   Section        0  stm32f0xx_adc.o(i.ADC_ChannelConfig)
    i.ADC_ClearITPendingBit                  0x08000828   Section        0  stm32f0xx_adc.o(i.ADC_ClearITPendingBit)
    i.ADC_Cmd                                0x0800082c   Section        0  stm32f0xx_adc.o(i.ADC_Cmd)
    i.ADC_Config                             0x08000844   Section        0  adc.o(i.ADC_Config)
    i.ADC_DMACmd                             0x0800090c   Section        0  stm32f0xx_adc.o(i.ADC_DMACmd)
    i.ADC_DMARequestModeConfig               0x08000924   Section        0  stm32f0xx_adc.o(i.ADC_DMARequestModeConfig)
    i.ADC_DeInit                             0x08000934   Section        0  stm32f0xx_adc.o(i.ADC_DeInit)
    i.ADC_GPIO_Init                          0x08000954   Section        0  gpio.o(i.ADC_GPIO_Init)
    i.ADC_GetCalibrationFactor               0x0800099c   Section        0  stm32f0xx_adc.o(i.ADC_GetCalibrationFactor)
    i.ADC_GetFlagStatus                      0x080009d8   Section        0  stm32f0xx_adc.o(i.ADC_GetFlagStatus)
    i.ADC_GetITStatus                        0x08000a08   Section        0  stm32f0xx_adc.o(i.ADC_GetITStatus)
    i.ADC_Init                               0x08000a2c   Section        0  stm32f0xx_adc.o(i.ADC_Init)
    i.ADC_JitterCmd                          0x08000a58   Section        0  stm32f0xx_adc.o(i.ADC_JitterCmd)
    i.ADC_OverrunModeCmd                     0x08000a6c   Section        0  stm32f0xx_adc.o(i.ADC_OverrunModeCmd)
    i.ADC_StartOfConversion                  0x08000a88   Section        0  stm32f0xx_adc.o(i.ADC_StartOfConversion)
    i.ADC_StructInit                         0x08000a92   Section        0  stm32f0xx_adc.o(i.ADC_StructInit)
    i.Array_Sort                             0x08000aa2   Section        0  motor.o(i.Array_Sort)
    i.BLDC_ReadyStart                        0x08000ae8   Section        0  motor.o(i.BLDC_ReadyStart)
    BLDC_ReadyStart                          0x08000ae9   Thumb Code   102  motor.o(i.BLDC_ReadyStart)
    i.DMA1_Channel1_IRQHandler               0x08000b60   Section        0  stm32f0xx_it.o(i.DMA1_Channel1_IRQHandler)
    i.DMA1_Channel2_3_IRQHandler             0x08000bcc   Section        0  stm32f0xx_it.o(i.DMA1_Channel2_3_IRQHandler)
    i.DMA1_Channel4_5_IRQHandler             0x08000bd6   Section        0  stm32f0xx_it.o(i.DMA1_Channel4_5_IRQHandler)
    i.DMA_ClearFlag                          0x08000bec   Section        0  stm32f0xx_dma.o(i.DMA_ClearFlag)
    i.DMA_ClearITPendingBit                  0x08000c0c   Section        0  stm32f0xx_dma.o(i.DMA_ClearITPendingBit)
    i.DMA_Cmd                                0x08000c2c   Section        0  stm32f0xx_dma.o(i.DMA_Cmd)
    i.DMA_DeInit                             0x08000c48   Section        0  stm32f0xx_dma.o(i.DMA_DeInit)
    i.DMA_GetFlagStatus                      0x08000dac   Section        0  stm32f0xx_dma.o(i.DMA_GetFlagStatus)
    i.DMA_GetITStatus                        0x08000de0   Section        0  stm32f0xx_dma.o(i.DMA_GetITStatus)
    i.DMA_ITConfig                           0x08000e14   Section        0  stm32f0xx_dma.o(i.DMA_ITConfig)
    i.DMA_Init                               0x08000e28   Section        0  stm32f0xx_dma.o(i.DMA_Init)
    i.Delay_Ms                               0x08000e68   Section        0  timer.o(i.Delay_Ms)
    i.EXTI4_15_IRQHandler                    0x08000e7c   Section        0  stm32f0xx_it.o(i.EXTI4_15_IRQHandler)
    i.ErroGPIO_Init                          0x08000e80   Section        0  gpio.o(i.ErroGPIO_Init)
    i.Feed_Dog                               0x08000eb4   Section        0  iwdg.o(i.Feed_Dog)
    i.GPIO_Init                              0x08000ebc   Section        0  stm32f0xx_gpio.o(i.GPIO_Init)
    i.GPIO_PinAFConfig                       0x08000f4c   Section        0  stm32f0xx_gpio.o(i.GPIO_PinAFConfig)
    i.GPIO_ReadInputDataBit                  0x08000f90   Section        0  stm32f0xx_gpio.o(i.GPIO_ReadInputDataBit)
    i.GPIO_ResetBits                         0x08000fa4   Section        0  stm32f0xx_gpio.o(i.GPIO_ResetBits)
    i.Gpio_Init                              0x08000fa8   Section        0  gpio.o(i.Gpio_Init)
    i.Hall_GPIO_Init                         0x08000fc0   Section        0  gpio.o(i.Hall_GPIO_Init)
    i.HardFault_Handler                      0x08001004   Section        0  stm32f0xx_it.o(i.HardFault_Handler)
    i.IWDG_Enable                            0x08001008   Section        0  stm32f0xx_iwdg.o(i.IWDG_Enable)
    i.IWDG_ReloadCounter                     0x08001018   Section        0  stm32f0xx_iwdg.o(i.IWDG_ReloadCounter)
    i.IWDG_SetPrescaler                      0x08001028   Section        0  stm32f0xx_iwdg.o(i.IWDG_SetPrescaler)
    i.IWDG_SetReload                         0x08001034   Section        0  stm32f0xx_iwdg.o(i.IWDG_SetReload)
    i.IWDG_WriteAccessCmd                    0x08001040   Section        0  stm32f0xx_iwdg.o(i.IWDG_WriteAccessCmd)
    i.MotorCurrent_Loop                      0x0800104c   Section        0  protect.o(i.MotorCurrent_Loop)
    MotorCurrent_Loop                        0x0800104d   Thumb Code     2  protect.o(i.MotorCurrent_Loop)
    i.MotorCurrent_Protect                   0x08001050   Section        0  protect.o(i.MotorCurrent_Protect)
    MotorCurrent_Protect                     0x08001051   Thumb Code   102  protect.o(i.MotorCurrent_Protect)
    i.MotorVoltage_Protect                   0x080010c4   Section        0  protect.o(i.MotorVoltage_Protect)
    MotorVoltage_Protect                     0x080010c5   Thumb Code    72  protect.o(i.MotorVoltage_Protect)
    i.Motor_CCW                              0x08001120   Section        0  motor.o(i.Motor_CCW)
    Motor_CCW                                0x08001121   Thumb Code   220  motor.o(i.Motor_CCW)
    i.Motor_CW                               0x08001208   Section        0  motor.o(i.Motor_CW)
    Motor_CW                                 0x08001209   Thumb Code   220  motor.o(i.Motor_CW)
    i.Motor_DerictionAdjsut                  0x080012f0   Section        0  motor.o(i.Motor_DerictionAdjsut)
    Motor_DerictionAdjsut                    0x080012f1   Thumb Code    20  motor.o(i.Motor_DerictionAdjsut)
    i.Motor_GetRunDeriction                  0x08001308   Section        0  motor.o(i.Motor_GetRunDeriction)
    Motor_GetRunDeriction                    0x08001309   Thumb Code    26  motor.o(i.Motor_GetRunDeriction)
    i.Motor_Start                            0x08001328   Section        0  motor.o(i.Motor_Start)
    Motor_Start                              0x08001329   Thumb Code    28  motor.o(i.Motor_Start)
    i.Motor_Stop                             0x0800134c   Section        0  motor.o(i.Motor_Stop)
    Motor_Stop                               0x0800134d   Thumb Code    40  motor.o(i.Motor_Stop)
    i.NMI_Handler                            0x08001380   Section        0  stm32f0xx_it.o(i.NMI_Handler)
    i.NVIC_Init                              0x08001384   Section        0  stm32f0xx_misc.o(i.NVIC_Init)
    i.PID_Function                           0x080013f4   Section        0  bsp.o(i.PID_Function)
    i.PID_Init                               0x08001458   Section        0  bsp.o(i.PID_Init)
    i.RCC_ADCCLKConfig                       0x08001470   Section        0  stm32f0xx_rcc.o(i.RCC_ADCCLKConfig)
    i.RCC_AHBPeriphClockCmd                  0x080014a8   Section        0  stm32f0xx_rcc.o(i.RCC_AHBPeriphClockCmd)
    i.RCC_APB1PeriphClockCmd                 0x080014c8   Section        0  stm32f0xx_rcc.o(i.RCC_APB1PeriphClockCmd)
    i.RCC_APB2PeriphClockCmd                 0x080014e8   Section        0  stm32f0xx_rcc.o(i.RCC_APB2PeriphClockCmd)
    i.RCC_APB2PeriphResetCmd                 0x08001508   Section        0  stm32f0xx_rcc.o(i.RCC_APB2PeriphResetCmd)
    i.RCC_ClearFlag                          0x08001528   Section        0  stm32f0xx_rcc.o(i.RCC_ClearFlag)
    i.RCC_GetFlagStatus                      0x0800153c   Section        0  stm32f0xx_rcc.o(i.RCC_GetFlagStatus)
    i.RCC_PLLConfig                          0x08001584   Section        0  stm32f0xx_rcc.o(i.RCC_PLLConfig)
    i.RCC_SYSCLKConfig                       0x080015a8   Section        0  stm32f0xx_rcc.o(i.RCC_SYSCLKConfig)
    i.Read_Holl_Speed                        0x080015c4   Section        0  motor.o(i.Read_Holl_Speed)
    i.SVC_Handler                            0x080016c4   Section        0  stm32f0xx_it.o(i.SVC_Handler)
    i.SetSysClock                            0x080016c8   Section        0  system_stm32f0xx.o(i.SetSysClock)
    SetSysClock                              0x080016c9   Thumb Code   288  system_stm32f0xx.o(i.SetSysClock)
    i.SysVariable_Init                       0x080017f0   Section        0  main.o(i.SysVariable_Init)
    i.SystemInit                             0x08001810   Section        0  system_stm32f0xx.o(i.SystemInit)
    i.TIM14_IRQHandler                       0x0800188c   Section        0  stm32f0xx_it.o(i.TIM14_IRQHandler)
    i.TIM14_ISR                              0x080018ac   Section        0  timer.o(i.TIM14_ISR)
    i.TIM14_Init                             0x080018b0   Section        0  timer.o(i.TIM14_Init)
    i.TIM15_IRQHandler                       0x080018ec   Section        0  stm32f0xx_it.o(i.TIM15_IRQHandler)
    i.TIM15_Init                             0x08001908   Section        0  timer.o(i.TIM15_Init)
    i.TIM16_IRQHandler                       0x08001950   Section        0  stm32f0xx_it.o(i.TIM16_IRQHandler)
    i.TIM16_ISR                              0x08001970   Section        0  timer.o(i.TIM16_ISR)
    i.TIM16_Init                             0x080019c4   Section        0  timer.o(i.TIM16_Init)
    i.TIM17_IRQHandler                       0x08001a18   Section        0  stm32f0xx_it.o(i.TIM17_IRQHandler)
    i.TIM17_ISR                              0x08001a38   Section        0  timer.o(i.TIM17_ISR)
    i.TIM1_CC_IRQHandler                     0x08001a3c   Section        0  stm32f0xx_it.o(i.TIM1_CC_IRQHandler)
    i.TIM1_PWM_Gpio_Init                     0x08001acc   Section        0  gpio.o(i.TIM1_PWM_Gpio_Init)
    i.TIM1_PWM_Init                          0x08001b54   Section        0  timer.o(i.TIM1_PWM_Init)
    i.TIM3_IRQHandler                        0x08001c28   Section        0  stm32f0xx_it.o(i.TIM3_IRQHandler)
    i.TIM3_PWM_Gpio_Init                     0x08001c44   Section        0  gpio.o(i.TIM3_PWM_Gpio_Init)
    i.TIM3_PWM_Init                          0x08001c7c   Section        0  timer.o(i.TIM3_PWM_Init)
    i.TIM6_Init                              0x08001cf0   Section        0  timer.o(i.TIM6_Init)
    i.TIM_BDTRConfig                         0x08001d28   Section        0  stm32f0xx_tim.o(i.TIM_BDTRConfig)
    i.TIM_Channel_1_PWM_ALL_Stop             0x08001d48   Section        0  timer.o(i.TIM_Channel_1_PWM_ALL_Stop)
    i.TIM_Channel_1_PWM_All_OutPut           0x08001d68   Section        0  timer.o(i.TIM_Channel_1_PWM_All_OutPut)
    i.TIM_Channel_1_PWM_N_OutPut             0x08001d88   Section        0  timer.o(i.TIM_Channel_1_PWM_N_OutPut)
    i.TIM_Channel_2_PWM_ALL_Stop             0x08001da8   Section        0  timer.o(i.TIM_Channel_2_PWM_ALL_Stop)
    i.TIM_Channel_2_PWM_All_OutPut           0x08001dc8   Section        0  timer.o(i.TIM_Channel_2_PWM_All_OutPut)
    i.TIM_Channel_2_PWM_N_OutPut             0x08001de8   Section        0  timer.o(i.TIM_Channel_2_PWM_N_OutPut)
    i.TIM_Channel_3_PWM_ALL_Stop             0x08001e08   Section        0  timer.o(i.TIM_Channel_3_PWM_ALL_Stop)
    i.TIM_Channel_3_PWM_All_OutPut           0x08001e28   Section        0  timer.o(i.TIM_Channel_3_PWM_All_OutPut)
    i.TIM_Channel_3_PWM_N_OutPut             0x08001e48   Section        0  timer.o(i.TIM_Channel_3_PWM_N_OutPut)
    i.TIM_ClearFlag                          0x08001e68   Section        0  stm32f0xx_tim.o(i.TIM_ClearFlag)
    i.TIM_ClearITPendingBit                  0x08001e6e   Section        0  stm32f0xx_tim.o(i.TIM_ClearITPendingBit)
    i.TIM_Cmd                                0x08001e74   Section        0  stm32f0xx_tim.o(i.TIM_Cmd)
    i.TIM_CtrlPWMOutputs                     0x08001e90   Section        0  stm32f0xx_tim.o(i.TIM_CtrlPWMOutputs)
    i.TIM_GetFlagStatus                      0x08001eb2   Section        0  stm32f0xx_tim.o(i.TIM_GetFlagStatus)
    i.TIM_GetITStatus                        0x08001ec6   Section        0  stm32f0xx_tim.o(i.TIM_GetITStatus)
    i.TIM_ITConfig                           0x08001eec   Section        0  stm32f0xx_tim.o(i.TIM_ITConfig)
    i.TIM_OC1Init                            0x08001f00   Section        0  stm32f0xx_tim.o(i.TIM_OC1Init)
    i.TIM_OC2Init                            0x08001f94   Section        0  stm32f0xx_tim.o(i.TIM_OC2Init)
    i.TIM_OC3Init                            0x08002040   Section        0  stm32f0xx_tim.o(i.TIM_OC3Init)
    i.TIM_OC4Init                            0x080020d8   Section        0  stm32f0xx_tim.o(i.TIM_OC4Init)
    i.TIM_SelectOutputTrigger                0x08002148   Section        0  stm32f0xx_tim.o(i.TIM_SelectOutputTrigger)
    i.TIM_TimeBaseInit                       0x0800215c   Section        0  stm32f0xx_tim.o(i.TIM_TimeBaseInit)
    i.Timer_Init                             0x080021d8   Section        0  timer.o(i.Timer_Init)
    i.USART1_IRQHandler                      0x080021f4   Section        0  stm32f0xx_it.o(i.USART1_IRQHandler)
    i.USART2_IRQHandler                      0x08002218   Section        0  stm32f0xx_it.o(i.USART2_IRQHandler)
    i.USART_ClearITPendingBit                0x0800222c   Section        0  stm32f0xx_usart.o(i.USART_ClearITPendingBit)
    i.USART_GetITStatus                      0x0800223e   Section        0  stm32f0xx_usart.o(i.USART_GetITStatus)
    i.Usart1_Isr                             0x0800228c   Section        0  usart.o(i.Usart1_Isr)
    i.WDG_Init                               0x080022c8   Section        0  iwdg.o(i.WDG_Init)
    i.__ARM_clz                              0x080022f8   Section        0  depilogue.o(i.__ARM_clz)
    i.__ARM_common_switch8                   0x08002326   Section        0  motor.o(i.__ARM_common_switch8)
    i.__scatterload_copy                     0x08002342   Section       14  handlers.o(i.__scatterload_copy)
    i.__scatterload_null                     0x08002350   Section        2  handlers.o(i.__scatterload_null)
    i.__scatterload_zeroinit                 0x08002352   Section       14  handlers.o(i.__scatterload_zeroinit)
    i.main                                   0x08002360   Section        0  main.o(i.main)
    .data                                    0x20000000   Section       32  motor.o(.data)
    SpeedTimer                               0x2000001e   Data           1  motor.o(.data)
    LostPositionTimer                        0x2000001f   Data           1  motor.o(.data)
    .data                                    0x20000020   Section       24  timer.o(.data)
    .data                                    0x20000038   Section       12  control.o(.data)
    .data                                    0x20000044   Section       25  protect.o(.data)
    Voltage_ProTimes                         0x2000005c   Data           1  protect.o(.data)
    .bss                                     0x20000060   Section       10  adc.o(.bss)
    .bss                                     0x2000006c   Section     1088  usart.o(.bss)
    .bss                                     0x200004ac   Section       60  motor.o(.bss)
    Speed                                    0x200004c0   Data          40  motor.o(.bss)
    .bss                                     0x200004e8   Section       16  bsp.o(.bss)
    STACK                                    0x200004f8   Section     1024  startup_stm32f030.o(STACK)

    Global Symbols

    Symbol Name                              Value     Ov Type        Size  Object(Section)

    BuildAttributes$$THM_ISAv3M$S$PE$A:L22$X:L11$S22$IEEE1$IW$USESV6$~STKCKD$USESV7$~SHL$OTIME$ROPI$EBA8$MICROLIB$REQ8$PRES8$EABIv2 0x00000000   Number         0  anon$$obj.o ABSOLUTE
    __ARM_use_no_argv                        0x00000000   Number         0  main.o ABSOLUTE
    __use_no_errno                           0x00000000   Number         0  useno.o ABSOLUTE
    __use_no_exception_handling              0x00000000   Number         0  useno.o ABSOLUTE
    __use_no_fp                              0x00000000   Number         0  useno.o ABSOLUTE
    __use_no_heap                            0x00000000   Number         0  useno.o ABSOLUTE
    __use_no_heap_region                     0x00000000   Number         0  useno.o ABSOLUTE
    __use_no_semihosting                     0x00000000   Number         0  useno.o ABSOLUTE
    __use_no_semihosting_swi                 0x00000000   Number         0  useno.o ABSOLUTE
    __use_no_signal_handling                 0x00000000   Number         0  useno.o ABSOLUTE
    __arm_fini_                               - Undefined Weak Reference
    __cpp_initialize__aeabi_                  - Undefined Weak Reference
    __cxa_finalize                            - Undefined Weak Reference
    __decompress                              - Undefined Weak Reference
    _clock_init                               - Undefined Weak Reference
    _microlib_exit                            - Undefined Weak Reference
    __Vectors_Size                           0x000000b4   Number         0  startup_stm32f030.o ABSOLUTE
    __Vectors                                0x08000000   Data           4  startup_stm32f030.o(RESET)
    __Vectors_End                            0x080000b4   Data           0  startup_stm32f030.o(RESET)
    __main                                   0x080000b5   Thumb Code     0  entry.o(.ARM.Collect$$$$00000000)
    _main_stk                                0x080000b5   Thumb Code     0  entry2.o(.ARM.Collect$$$$00000001)
    _main_scatterload                        0x080000b9   Thumb Code     0  entry5.o(.ARM.Collect$$$$00000004)
    __main_after_scatterload                 0x080000bd   Thumb Code     0  entry5.o(.ARM.Collect$$$$00000004)
    _main_clock                              0x080000bd   Thumb Code     0  entry7b.o(.ARM.Collect$$$$00000008)
    _main_cpp_init                           0x080000bd   Thumb Code     0  entry8b.o(.ARM.Collect$$$$0000000A)
    _main_init                               0x080000bd   Thumb Code     0  entry9a.o(.ARM.Collect$$$$0000000B)
    __rt_lib_shutdown_fini                   0x080000c5   Thumb Code     0  entry12b.o(.ARM.Collect$$$$0000000E)
    __rt_final_cpp                           0x080000c9   Thumb Code     0  entry10a.o(.ARM.Collect$$$$0000000F)
    __rt_final_exit                          0x080000c9   Thumb Code     0  entry11a.o(.ARM.Collect$$$$00000011)
    Reset_Handler                            0x080000cd   Thumb Code     8  startup_stm32f030.o(.text)
    OS_CPU_PendSVHandler                     0x080000db   Thumb Code     2  startup_stm32f030.o(.text)
    OS_CPU_SysTickHandler                    0x080000dd   Thumb Code     2  startup_stm32f030.o(.text)
    EXTI0_1_IRQHandler                       0x080000df   Thumb Code     0  startup_stm32f030.o(.text)
    EXTI2_3_IRQHandler                       0x080000df   Thumb Code     0  startup_stm32f030.o(.text)
    FLASH_IRQHandler                         0x080000df   Thumb Code     0  startup_stm32f030.o(.text)
    I2C1_IRQHandler                          0x080000df   Thumb Code     0  startup_stm32f030.o(.text)
    I2C2_IRQHandler                          0x080000df   Thumb Code     0  startup_stm32f030.o(.text)
    RCC_IRQHandler                           0x080000df   Thumb Code     0  startup_stm32f030.o(.text)
    RTC_IRQHandler                           0x080000df   Thumb Code     0  startup_stm32f030.o(.text)
    SPI1_IRQHandler                          0x080000df   Thumb Code     0  startup_stm32f030.o(.text)
    SPI2_IRQHandler                          0x080000df   Thumb Code     0  startup_stm32f030.o(.text)
    TIM1_BRK_UP_TRG_COM_IRQHandler           0x080000df   Thumb Code     0  startup_stm32f030.o(.text)
    WWDG_IRQHandler                          0x080000df   Thumb Code     0  startup_stm32f030.o(.text)
    __aeabi_fadd                             0x080000e9   Thumb Code   162  fadd.o(.text)
    __aeabi_fsub                             0x0800018b   Thumb Code     8  fadd.o(.text)
    __aeabi_frsub                            0x08000193   Thumb Code     8  fadd.o(.text)
    __aeabi_fmul                             0x0800019b   Thumb Code   122  fmul.o(.text)
    __aeabi_fdiv                             0x08000215   Thumb Code   124  fdiv.o(.text)
    __aeabi_dadd                             0x08000291   Thumb Code   330  dadd.o(.text)
    __aeabi_dsub                             0x080003db   Thumb Code    12  dadd.o(.text)
    __aeabi_drsub                            0x080003e7   Thumb Code    12  dadd.o(.text)
    __aeabi_dmul                             0x080003f9   Thumb Code   202  dmul.o(.text)
    __aeabi_i2f                              0x080004c9   Thumb Code    22  fflti.o(.text)
    __aeabi_ui2f                             0x080004df   Thumb Code    14  ffltui.o(.text)
    __aeabi_ui2d                             0x080004ed   Thumb Code    24  dfltui.o(.text)
    __aeabi_f2iz                             0x08000509   Thumb Code    50  ffixi.o(.text)
    __aeabi_f2uiz                            0x0800053b   Thumb Code    40  ffixui.o(.text)
    __aeabi_d2uiz                            0x08000565   Thumb Code    50  dfixui.o(.text)
    __aeabi_llsl                             0x080005a1   Thumb Code    32  llshl.o(.text)
    _ll_shift_l                              0x080005a1   Thumb Code     0  llshl.o(.text)
    __aeabi_llsr                             0x080005c1   Thumb Code    34  llushr.o(.text)
    _ll_ushift_r                             0x080005c1   Thumb Code     0  llushr.o(.text)
    __aeabi_lasr                             0x080005e3   Thumb Code    38  llsshr.o(.text)
    _ll_sshift_r                             0x080005e3   Thumb Code     0  llsshr.o(.text)
    __I$use$fp                               0x08000609   Thumb Code     0  iusefp.o(.text)
    _float_round                             0x08000609   Thumb Code    16  fepilogue.o(.text)
    _float_epilogue                          0x08000619   Thumb Code   114  fepilogue.o(.text)
    _double_round                            0x0800068b   Thumb Code    26  depilogue.o(.text)
    _double_epilogue                         0x080006a5   Thumb Code   164  depilogue.o(.text)
    __scatterload                            0x08000749   Thumb Code    28  init.o(.text)
    __scatterload_rt2                        0x08000749   Thumb Code     0  init.o(.text)
    ADC1_DMA_Init                            0x0800076d   Thumb Code   124  adc.o(i.ADC1_DMA_Init)
    ADC1_IRQHandler                          0x080007f5   Thumb Code    24  stm32f0xx_it.o(i.ADC1_IRQHandler)
    ADC_ChannelConfig                        0x08000811   Thumb Code    24  stm32f0xx_adc.o(i.ADC_ChannelConfig)
    ADC_ClearITPendingBit                    0x08000829   Thumb Code     4  stm32f0xx_adc.o(i.ADC_ClearITPendingBit)
    ADC_Cmd                                  0x0800082d   Thumb Code    24  stm32f0xx_adc.o(i.ADC_Cmd)
    ADC_Config                               0x08000845   Thumb Code   188  adc.o(i.ADC_Config)
    ADC_DMACmd                               0x0800090d   Thumb Code    24  stm32f0xx_adc.o(i.ADC_DMACmd)
    ADC_DMARequestModeConfig                 0x08000925   Thumb Code    16  stm32f0xx_adc.o(i.ADC_DMARequestModeConfig)
    ADC_DeInit                               0x08000935   Thumb Code    28  stm32f0xx_adc.o(i.ADC_DeInit)
    ADC_GPIO_Init                            0x08000955   Thumb Code    66  gpio.o(i.ADC_GPIO_Init)
    ADC_GetCalibrationFactor                 0x0800099d   Thumb Code    60  stm32f0xx_adc.o(i.ADC_GetCalibrationFactor)
    ADC_GetFlagStatus                        0x080009d9   Thumb Code    48  stm32f0xx_adc.o(i.ADC_GetFlagStatus)
    ADC_GetITStatus                          0x08000a09   Thumb Code    34  stm32f0xx_adc.o(i.ADC_GetITStatus)
    ADC_Init                                 0x08000a2d   Thumb Code    40  stm32f0xx_adc.o(i.ADC_Init)
    ADC_JitterCmd                            0x08000a59   Thumb Code    20  stm32f0xx_adc.o(i.ADC_JitterCmd)
    ADC_OverrunModeCmd                       0x08000a6d   Thumb Code    28  stm32f0xx_adc.o(i.ADC_OverrunModeCmd)
    ADC_StartOfConversion                    0x08000a89   Thumb Code    10  stm32f0xx_adc.o(i.ADC_StartOfConversion)
    ADC_StructInit                           0x08000a93   Thumb Code    16  stm32f0xx_adc.o(i.ADC_StructInit)
    Array_Sort                               0x08000aa3   Thumb Code    68  motor.o(i.Array_Sort)
    DMA1_Channel1_IRQHandler                 0x08000b61   Thumb Code    80  stm32f0xx_it.o(i.DMA1_Channel1_IRQHandler)
    DMA1_Channel2_3_IRQHandler               0x08000bcd   Thumb Code    10  stm32f0xx_it.o(i.DMA1_Channel2_3_IRQHandler)
    DMA1_Channel4_5_IRQHandler               0x08000bd7   Thumb Code    20  stm32f0xx_it.o(i.DMA1_Channel4_5_IRQHandler)
    DMA_ClearFlag                            0x08000bed   Thumb Code    22  stm32f0xx_dma.o(i.DMA_ClearFlag)
    DMA_ClearITPendingBit                    0x08000c0d   Thumb Code    22  stm32f0xx_dma.o(i.DMA_ClearITPendingBit)
    DMA_Cmd                                  0x08000c2d   Thumb Code    24  stm32f0xx_dma.o(i.DMA_Cmd)
    DMA_DeInit                               0x08000c49   Thumb Code   342  stm32f0xx_dma.o(i.DMA_DeInit)
    DMA_GetFlagStatus                        0x08000dad   Thumb Code    42  stm32f0xx_dma.o(i.DMA_GetFlagStatus)
    DMA_GetITStatus                          0x08000de1   Thumb Code    42  stm32f0xx_dma.o(i.DMA_GetITStatus)
    DMA_ITConfig                             0x08000e15   Thumb Code    20  stm32f0xx_dma.o(i.DMA_ITConfig)
    DMA_Init                                 0x08000e29   Thumb Code    58  stm32f0xx_dma.o(i.DMA_Init)
    Delay_Ms                                 0x08000e69   Thumb Code    16  timer.o(i.Delay_Ms)
    EXTI4_15_IRQHandler                      0x08000e7d   Thumb Code     2  stm32f0xx_it.o(i.EXTI4_15_IRQHandler)
    ErroGPIO_Init                            0x08000e81   Thumb Code    48  gpio.o(i.ErroGPIO_Init)
    Feed_Dog                                 0x08000eb5   Thumb Code     8  iwdg.o(i.Feed_Dog)
    GPIO_Init                                0x08000ebd   Thumb Code   144  stm32f0xx_gpio.o(i.GPIO_Init)
    GPIO_PinAFConfig                         0x08000f4d   Thumb Code    68  stm32f0xx_gpio.o(i.GPIO_PinAFConfig)
    GPIO_ReadInputDataBit                    0x08000f91   Thumb Code    20  stm32f0xx_gpio.o(i.GPIO_ReadInputDataBit)
    GPIO_ResetBits                           0x08000fa5   Thumb Code     4  stm32f0xx_gpio.o(i.GPIO_ResetBits)
    Gpio_Init                                0x08000fa9   Thumb Code    24  gpio.o(i.Gpio_Init)
    Hall_GPIO_Init                           0x08000fc1   Thumb Code    64  gpio.o(i.Hall_GPIO_Init)
    HardFault_Handler                        0x08001005   Thumb Code     4  stm32f0xx_it.o(i.HardFault_Handler)
    IWDG_Enable                              0x08001009   Thumb Code     8  stm32f0xx_iwdg.o(i.IWDG_Enable)
    IWDG_ReloadCounter                       0x08001019   Thumb Code     8  stm32f0xx_iwdg.o(i.IWDG_ReloadCounter)
    IWDG_SetPrescaler                        0x08001029   Thumb Code     6  stm32f0xx_iwdg.o(i.IWDG_SetPrescaler)
    IWDG_SetReload                           0x08001035   Thumb Code     6  stm32f0xx_iwdg.o(i.IWDG_SetReload)
    IWDG_WriteAccessCmd                      0x08001041   Thumb Code     6  stm32f0xx_iwdg.o(i.IWDG_WriteAccessCmd)
    NMI_Handler                              0x08001381   Thumb Code     2  stm32f0xx_it.o(i.NMI_Handler)
    NVIC_Init                                0x08001385   Thumb Code   106  stm32f0xx_misc.o(i.NVIC_Init)
    PID_Function                             0x080013f5   Thumb Code    96  bsp.o(i.PID_Function)
    PID_Init                                 0x08001459   Thumb Code    14  bsp.o(i.PID_Init)
    RCC_ADCCLKConfig                         0x08001471   Thumb Code    52  stm32f0xx_rcc.o(i.RCC_ADCCLKConfig)
    RCC_AHBPeriphClockCmd                    0x080014a9   Thumb Code    28  stm32f0xx_rcc.o(i.RCC_AHBPeriphClockCmd)
    RCC_APB1PeriphClockCmd                   0x080014c9   Thumb Code    28  stm32f0xx_rcc.o(i.RCC_APB1PeriphClockCmd)
    RCC_APB2PeriphClockCmd                   0x080014e9   Thumb Code    28  stm32f0xx_rcc.o(i.RCC_APB2PeriphClockCmd)
    RCC_APB2PeriphResetCmd                   0x08001509   Thumb Code    28  stm32f0xx_rcc.o(i.RCC_APB2PeriphResetCmd)
    RCC_ClearFlag                            0x08001529   Thumb Code    16  stm32f0xx_rcc.o(i.RCC_ClearFlag)
    RCC_GetFlagStatus                        0x0800153d   Thumb Code    68  stm32f0xx_rcc.o(i.RCC_GetFlagStatus)
    RCC_PLLConfig                            0x08001585   Thumb Code    30  stm32f0xx_rcc.o(i.RCC_PLLConfig)
    RCC_SYSCLKConfig                         0x080015a9   Thumb Code    24  stm32f0xx_rcc.o(i.RCC_SYSCLKConfig)
    Read_Holl_Speed                          0x080015c5   Thumb Code   216  motor.o(i.Read_Holl_Speed)
    SVC_Handler                              0x080016c5   Thumb Code     2  stm32f0xx_it.o(i.SVC_Handler)
    SysVariable_Init                         0x080017f1   Thumb Code    28  main.o(i.SysVariable_Init)
    SystemInit                               0x08001811   Thumb Code   110  system_stm32f0xx.o(i.SystemInit)
    TIM14_IRQHandler                         0x0800188d   Thumb Code    28  stm32f0xx_it.o(i.TIM14_IRQHandler)
    TIM14_ISR                                0x080018ad   Thumb Code     2  timer.o(i.TIM14_ISR)
    TIM14_Init                               0x080018b1   Thumb Code    52  timer.o(i.TIM14_Init)
    TIM15_IRQHandler                         0x080018ed   Thumb Code    24  stm32f0xx_it.o(i.TIM15_IRQHandler)
    TIM15_Init                               0x08001909   Thumb Code    64  timer.o(i.TIM15_Init)
    TIM16_IRQHandler                         0x08001951   Thumb Code    28  stm32f0xx_it.o(i.TIM16_IRQHandler)
    TIM16_ISR                                0x08001971   Thumb Code    72  timer.o(i.TIM16_ISR)
    TIM16_Init                               0x080019c5   Thumb Code    76  timer.o(i.TIM16_Init)
    TIM17_IRQHandler                         0x08001a19   Thumb Code    28  stm32f0xx_it.o(i.TIM17_IRQHandler)
    TIM17_ISR                                0x08001a39   Thumb Code     2  timer.o(i.TIM17_ISR)
    TIM1_CC_IRQHandler                       0x08001a3d   Thumb Code   126  stm32f0xx_it.o(i.TIM1_CC_IRQHandler)
    TIM1_PWM_Gpio_Init                       0x08001acd   Thumb Code   130  gpio.o(i.TIM1_PWM_Gpio_Init)
    TIM1_PWM_Init                            0x08001b55   Thumb Code   204  timer.o(i.TIM1_PWM_Init)
    TIM3_IRQHandler                          0x08001c29   Thumb Code    24  stm32f0xx_it.o(i.TIM3_IRQHandler)
    TIM3_PWM_Gpio_Init                       0x08001c45   Thumb Code    52  gpio.o(i.TIM3_PWM_Gpio_Init)
    TIM3_PWM_Init                            0x08001c7d   Thumb Code   108  timer.o(i.TIM3_PWM_Init)
    TIM6_Init                                0x08001cf1   Thumb Code    48  timer.o(i.TIM6_Init)
    TIM_BDTRConfig                           0x08001d29   Thumb Code    32  stm32f0xx_tim.o(i.TIM_BDTRConfig)
    TIM_Channel_1_PWM_ALL_Stop               0x08001d49   Thumb Code    26  timer.o(i.TIM_Channel_1_PWM_ALL_Stop)
    TIM_Channel_1_PWM_All_OutPut             0x08001d69   Thumb Code    26  timer.o(i.TIM_Channel_1_PWM_All_OutPut)
    TIM_Channel_1_PWM_N_OutPut               0x08001d89   Thumb Code    26  timer.o(i.TIM_Channel_1_PWM_N_OutPut)
    TIM_Channel_2_PWM_ALL_Stop               0x08001da9   Thumb Code    26  timer.o(i.TIM_Channel_2_PWM_ALL_Stop)
    TIM_Channel_2_PWM_All_OutPut             0x08001dc9   Thumb Code    26  timer.o(i.TIM_Channel_2_PWM_All_OutPut)
    TIM_Channel_2_PWM_N_OutPut               0x08001de9   Thumb Code    26  timer.o(i.TIM_Channel_2_PWM_N_OutPut)
    TIM_Channel_3_PWM_ALL_Stop               0x08001e09   Thumb Code    28  timer.o(i.TIM_Channel_3_PWM_ALL_Stop)
    TIM_Channel_3_PWM_All_OutPut             0x08001e29   Thumb Code    28  timer.o(i.TIM_Channel_3_PWM_All_OutPut)
    TIM_Channel_3_PWM_N_OutPut               0x08001e49   Thumb Code    28  timer.o(i.TIM_Channel_3_PWM_N_OutPut)
    TIM_ClearFlag                            0x08001e69   Thumb Code     6  stm32f0xx_tim.o(i.TIM_ClearFlag)
    TIM_ClearITPendingBit                    0x08001e6f   Thumb Code     6  stm32f0xx_tim.o(i.TIM_ClearITPendingBit)
    TIM_Cmd                                  0x08001e75   Thumb Code    24  stm32f0xx_tim.o(i.TIM_Cmd)
    TIM_CtrlPWMOutputs                       0x08001e91   Thumb Code    34  stm32f0xx_tim.o(i.TIM_CtrlPWMOutputs)
    TIM_GetFlagStatus                        0x08001eb3   Thumb Code    20  stm32f0xx_tim.o(i.TIM_GetFlagStatus)
    TIM_GetITStatus                          0x08001ec7   Thumb Code    38  stm32f0xx_tim.o(i.TIM_GetITStatus)
    TIM_ITConfig                             0x08001eed   Thumb Code    20  stm32f0xx_tim.o(i.TIM_ITConfig)
    TIM_OC1Init                              0x08001f01   Thumb Code   122  stm32f0xx_tim.o(i.TIM_OC1Init)
    TIM_OC2Init                              0x08001f95   Thumb Code   142  stm32f0xx_tim.o(i.TIM_OC2Init)
    TIM_OC3Init                              0x08002041   Thumb Code   124  stm32f0xx_tim.o(i.TIM_OC3Init)
    TIM_OC4Init                              0x080020d9   Thumb Code    88  stm32f0xx_tim.o(i.TIM_OC4Init)
    TIM_SelectOutputTrigger                  0x08002149   Thumb Code    16  stm32f0xx_tim.o(i.TIM_SelectOutputTrigger)
    TIM_TimeBaseInit                         0x0800215d   Thumb Code    90  stm32f0xx_tim.o(i.TIM_TimeBaseInit)
    Timer_Init                               0x080021d9   Thumb Code    28  timer.o(i.Timer_Init)
    USART1_IRQHandler                        0x080021f5   Thumb Code    28  stm32f0xx_it.o(i.USART1_IRQHandler)
    USART2_IRQHandler                        0x08002219   Thumb Code    12  stm32f0xx_it.o(i.USART2_IRQHandler)
    USART_ClearITPendingBit                  0x0800222d   Thumb Code    18  stm32f0xx_usart.o(i.USART_ClearITPendingBit)
    USART_GetITStatus                        0x0800223f   Thumb Code    78  stm32f0xx_usart.o(i.USART_GetITStatus)
    Usart1_Isr                               0x0800228d   Thumb Code    44  usart.o(i.Usart1_Isr)
    WDG_Init                                 0x080022c9   Thumb Code    44  iwdg.o(i.WDG_Init)
    __ARM_clz                                0x080022f9   Thumb Code    46  depilogue.o(i.__ARM_clz)
    __ARM_common_switch8                     0x08002327   Thumb Code    28  motor.o(i.__ARM_common_switch8)
    __scatterload_copy                       0x08002343   Thumb Code    14  handlers.o(i.__scatterload_copy)
    __scatterload_null                       0x08002351   Thumb Code     2  handlers.o(i.__scatterload_null)
    __scatterload_zeroinit                   0x08002353   Thumb Code    14  handlers.o(i.__scatterload_zeroinit)
    main                                     0x08002361   Thumb Code    38  main.o(i.main)
    Region$$Table$$Base                      0x0800238c   Number         0  anon$$obj.o(Region$$Table)
    Region$$Table$$Limit                     0x080023ac   Number         0  anon$$obj.o(Region$$Table)
    BLDC_Motor                               0x20000000   Data          28  motor.o(.data)
    Phase_Count                              0x2000001c   Data           1  motor.o(.data)
    Phase_ChangeNum                          0x2000001d   Data           1  motor.o(.data)
    Delay_Time                               0x20000020   Data           2  timer.o(.data)
    ms1                                      0x20000022   Data           2  timer.o(.data)
    s1                                       0x20000024   Data           2  timer.o(.data)
    ms2                                      0x20000026   Data           2  timer.o(.data)
    s2                                       0x20000028   Data           2  timer.o(.data)
    Ms100                                    0x2000002a   Data           2  timer.o(.data)
    T14_Counter                              0x2000002c   Data           2  timer.o(.data)
    T17_Count                                0x20000030   Data           4  timer.o(.data)
    LED_Duty                                 0x20000034   Data           2  timer.o(.data)
    Stop_Delay                               0x20000036   Data           2  timer.o(.data)
    ES_Struct                                0x20000038   Data          12  control.o(.data)
    Sys_Protect                              0x20000044   Data          24  protect.o(.data)
    ADC_ConvData                             0x20000060   Data          10  adc.o(.bss)
    Com1                                     0x2000006c   Data         544  usart.o(.bss)
    Com2                                     0x2000028c   Data         544  usart.o(.bss)
    Motor_St                                 0x200004ac   Data          18  motor.o(.bss)
    Speed_PID                                0x200004e8   Data          16  bsp.o(.bss)
    __initial_sp                             0x200008f8   Data           0  startup_stm32f030.o(STACK)



==============================================================================

Memory Map of the image

  Image Entry point : 0x080000b5

  Load Region LR_IROM1 (Base: 0x08000000, Size: 0x0000240c, Max: 0x00010000, ABSOLUTE)

    Execution Region ER_IROM1 (Exec base: 0x08000000, Load base: 0x08000000, Size: 0x000023ac, Max: 0x00010000, ABSOLUTE)

    Exec Addr    Load Addr    Size         Type   Attr      Idx    E Section Name        Object

    0x08000000   0x08000000   0x000000b4   Data   RO            3    RESET               startup_stm32f030.o
    0x080000b4   0x080000b4   0x00000000   Code   RO         4586  * .ARM.Collect$$$$00000000  mc_p.l(entry.o)
    0x080000b4   0x080000b4   0x00000004   Code   RO         4615    .ARM.Collect$$$$00000001  mc_p.l(entry2.o)
    0x080000b8   0x080000b8   0x00000004   Code   RO         4618    .ARM.Collect$$$$00000004  mc_p.l(entry5.o)
    0x080000bc   0x080000bc   0x00000000   Code   RO         4620    .ARM.Collect$$$$00000008  mc_p.l(entry7b.o)
    0x080000bc   0x080000bc   0x00000000   Code   RO         4622    .ARM.Collect$$$$0000000A  mc_p.l(entry8b.o)
    0x080000bc   0x080000bc   0x00000008   Code   RO         4623    .ARM.Collect$$$$0000000B  mc_p.l(entry9a.o)
    0x080000c4   0x080000c4   0x00000004   Code   RO         4630    .ARM.Collect$$$$0000000E  mc_p.l(entry12b.o)
    0x080000c8   0x080000c8   0x00000000   Code   RO         4625    .ARM.Collect$$$$0000000F  mc_p.l(entry10a.o)
    0x080000c8   0x080000c8   0x00000000   Code   RO         4627    .ARM.Collect$$$$00000011  mc_p.l(entry11a.o)
    0x080000c8   0x080000c8   0x00000004   Code   RO         4616    .ARM.Collect$$$$00002712  mc_p.l(entry2.o)
    0x080000cc   0x080000cc   0x0000001c   Code   RO            4    .text               startup_stm32f030.o
    0x080000e8   0x080000e8   0x000000b2   Code   RO         4593    .text               mf_p.l(fadd.o)
    0x0800019a   0x0800019a   0x0000007a   Code   RO         4595    .text               mf_p.l(fmul.o)
    0x08000214   0x08000214   0x0000007c   Code   RO         4597    .text               mf_p.l(fdiv.o)
    0x08000290   0x08000290   0x00000168   Code   RO         4599    .text               mf_p.l(dadd.o)
    0x080003f8   0x080003f8   0x000000d0   Code   RO         4601    .text               mf_p.l(dmul.o)
    0x080004c8   0x080004c8   0x00000016   Code   RO         4603    .text               mf_p.l(fflti.o)
    0x080004de   0x080004de   0x0000000e   Code   RO         4605    .text               mf_p.l(ffltui.o)
    0x080004ec   0x080004ec   0x0000001c   Code   RO         4607    .text               mf_p.l(dfltui.o)
    0x08000508   0x08000508   0x00000032   Code   RO         4609    .text               mf_p.l(ffixi.o)
    0x0800053a   0x0800053a   0x00000028   Code   RO         4611    .text               mf_p.l(ffixui.o)
    0x08000562   0x08000562   0x00000002   PAD
    0x08000564   0x08000564   0x0000003c   Code   RO         4613    .text               mf_p.l(dfixui.o)
    0x080005a0   0x080005a0   0x00000020   Code   RO         4631    .text               mc_p.l(llshl.o)
    0x080005c0   0x080005c0   0x00000022   Code   RO         4633    .text               mc_p.l(llushr.o)
    0x080005e2   0x080005e2   0x00000026   Code   RO         4635    .text               mc_p.l(llsshr.o)
    0x08000608   0x08000608   0x00000000   Code   RO         4637    .text               mc_p.l(iusefp.o)
    0x08000608   0x08000608   0x00000082   Code   RO         4638    .text               mf_p.l(fepilogue.o)
    0x0800068a   0x0800068a   0x000000be   Code   RO         4640    .text               mf_p.l(depilogue.o)
    0x08000748   0x08000748   0x00000024   Code   RO         4644    .text               mc_p.l(init.o)
    0x0800076c   0x0800076c   0x00000088   Code   RO         3923    i.ADC1_DMA_Init     adc.o
    0x080007f4   0x080007f4   0x0000001c   Code   RO         3764    i.ADC1_IRQHandler   stm32f0xx_it.o
    0x08000810   0x08000810   0x00000018   Code   RO           17    i.ADC_ChannelConfig  stm32f0xx_adc.o
    0x08000828   0x08000828   0x00000004   Code   RO           19    i.ADC_ClearITPendingBit  stm32f0xx_adc.o
    0x0800082c   0x0800082c   0x00000018   Code   RO           21    i.ADC_Cmd           stm32f0xx_adc.o
    0x08000844   0x08000844   0x000000c8   Code   RO         3924    i.ADC_Config        adc.o
    0x0800090c   0x0800090c   0x00000018   Code   RO           23    i.ADC_DMACmd        stm32f0xx_adc.o
    0x08000924   0x08000924   0x00000010   Code   RO           24    i.ADC_DMARequestModeConfig  stm32f0xx_adc.o
    0x08000934   0x08000934   0x00000020   Code   RO           25    i.ADC_DeInit        stm32f0xx_adc.o
    0x08000954   0x08000954   0x00000048   Code   RO         3981    i.ADC_GPIO_Init     gpio.o
    0x0800099c   0x0800099c   0x0000003c   Code   RO           27    i.ADC_GetCalibrationFactor  stm32f0xx_adc.o
    0x080009d8   0x080009d8   0x00000030   Code   RO           29    i.ADC_GetFlagStatus  stm32f0xx_adc.o
    0x08000a08   0x08000a08   0x00000022   Code   RO           30    i.ADC_GetITStatus   stm32f0xx_adc.o
    0x08000a2a   0x08000a2a   0x00000002   PAD
    0x08000a2c   0x08000a2c   0x0000002c   Code   RO           32    i.ADC_Init          stm32f0xx_adc.o
    0x08000a58   0x08000a58   0x00000014   Code   RO           33    i.ADC_JitterCmd     stm32f0xx_adc.o
    0x08000a6c   0x08000a6c   0x0000001c   Code   RO           34    i.ADC_OverrunModeCmd  stm32f0xx_adc.o
    0x08000a88   0x08000a88   0x0000000a   Code   RO           35    i.ADC_StartOfConversion  stm32f0xx_adc.o
    0x08000a92   0x08000a92   0x00000010   Code   RO           37    i.ADC_StructInit    stm32f0xx_adc.o
    0x08000aa2   0x08000aa2   0x00000044   Code   RO         4230    i.Array_Sort        motor.o
    0x08000ae6   0x08000ae6   0x00000002   PAD
    0x08000ae8   0x08000ae8   0x00000078   Code   RO         4231    i.BLDC_ReadyStart   motor.o
    0x08000b60   0x08000b60   0x0000006c   Code   RO         3765    i.DMA1_Channel1_IRQHandler  stm32f0xx_it.o
    0x08000bcc   0x08000bcc   0x0000000a   Code   RO         3766    i.DMA1_Channel2_3_IRQHandler  stm32f0xx_it.o
    0x08000bd6   0x08000bd6   0x00000014   Code   RO         3767    i.DMA1_Channel4_5_IRQHandler  stm32f0xx_it.o
    0x08000bea   0x08000bea   0x00000002   PAD
    0x08000bec   0x08000bec   0x00000020   Code   RO         1019    i.DMA_ClearFlag     stm32f0xx_dma.o
    0x08000c0c   0x08000c0c   0x00000020   Code   RO         1020    i.DMA_ClearITPendingBit  stm32f0xx_dma.o
    0x08000c2c   0x08000c2c   0x0000001c   Code   RO         1021    i.DMA_Cmd           stm32f0xx_dma.o
    0x08000c48   0x08000c48   0x00000164   Code   RO         1022    i.DMA_DeInit        stm32f0xx_dma.o
    0x08000dac   0x08000dac   0x00000034   Code   RO         1024    i.DMA_GetFlagStatus  stm32f0xx_dma.o
    0x08000de0   0x08000de0   0x00000034   Code   RO         1025    i.DMA_GetITStatus   stm32f0xx_dma.o
    0x08000e14   0x08000e14   0x00000014   Code   RO         1026    i.DMA_ITConfig      stm32f0xx_dma.o
    0x08000e28   0x08000e28   0x00000040   Code   RO         1027    i.DMA_Init          stm32f0xx_dma.o
    0x08000e68   0x08000e68   0x00000014   Code   RO         4304    i.Delay_Ms          timer.o
    0x08000e7c   0x08000e7c   0x00000002   Code   RO         3768    i.EXTI4_15_IRQHandler  stm32f0xx_it.o
    0x08000e7e   0x08000e7e   0x00000002   PAD
    0x08000e80   0x08000e80   0x00000034   Code   RO         3983    i.ErroGPIO_Init     gpio.o
    0x08000eb4   0x08000eb4   0x00000008   Code   RO         4058    i.Feed_Dog          iwdg.o
    0x08000ebc   0x08000ebc   0x00000090   Code   RO         1368    i.GPIO_Init         stm32f0xx_gpio.o
    0x08000f4c   0x08000f4c   0x00000044   Code   RO         1369    i.GPIO_PinAFConfig  stm32f0xx_gpio.o
    0x08000f90   0x08000f90   0x00000014   Code   RO         1372    i.GPIO_ReadInputDataBit  stm32f0xx_gpio.o
    0x08000fa4   0x08000fa4   0x00000004   Code   RO         1375    i.GPIO_ResetBits    stm32f0xx_gpio.o
    0x08000fa8   0x08000fa8   0x00000018   Code   RO         3984    i.Gpio_Init         gpio.o
    0x08000fc0   0x08000fc0   0x00000044   Code   RO         3985    i.Hall_GPIO_Init    gpio.o
    0x08001004   0x08001004   0x00000004   Code   RO         3769    i.HardFault_Handler  stm32f0xx_it.o
    0x08001008   0x08001008   0x00000010   Code   RO         1725    i.IWDG_Enable       stm32f0xx_iwdg.o
    0x08001018   0x08001018   0x00000010   Code   RO         1727    i.IWDG_ReloadCounter  stm32f0xx_iwdg.o
    0x08001028   0x08001028   0x0000000c   Code   RO         1728    i.IWDG_SetPrescaler  stm32f0xx_iwdg.o
    0x08001034   0x08001034   0x0000000c   Code   RO         1729    i.IWDG_SetReload    stm32f0xx_iwdg.o
    0x08001040   0x08001040   0x0000000c   Code   RO         1731    i.IWDG_WriteAccessCmd  stm32f0xx_iwdg.o
    0x0800104c   0x0800104c   0x00000002   Code   RO         4553    i.MotorCurrent_Loop  protect.o
    0x0800104e   0x0800104e   0x00000002   PAD
    0x08001050   0x08001050   0x00000074   Code   RO         4554    i.MotorCurrent_Protect  protect.o
    0x080010c4   0x080010c4   0x0000005c   Code   RO         4555    i.MotorVoltage_Protect  protect.o
    0x08001120   0x08001120   0x000000e8   Code   RO         4232    i.Motor_CCW         motor.o
    0x08001208   0x08001208   0x000000e8   Code   RO         4233    i.Motor_CW          motor.o
    0x080012f0   0x080012f0   0x00000018   Code   RO         4234    i.Motor_DerictionAdjsut  motor.o
    0x08001308   0x08001308   0x00000020   Code   RO         4235    i.Motor_GetRunDeriction  motor.o
    0x08001328   0x08001328   0x00000024   Code   RO         4236    i.Motor_Start       motor.o
    0x0800134c   0x0800134c   0x00000034   Code   RO         4237    i.Motor_Stop        motor.o
    0x08001380   0x08001380   0x00000002   Code   RO         3770    i.NMI_Handler       stm32f0xx_it.o
    0x08001382   0x08001382   0x00000002   PAD
    0x08001384   0x08001384   0x00000070   Code   RO         1781    i.NVIC_Init         stm32f0xx_misc.o
    0x080013f4   0x080013f4   0x00000064   Code   RO         4463    i.PID_Function      bsp.o
    0x08001458   0x08001458   0x00000018   Code   RO         4464    i.PID_Init          bsp.o
    0x08001470   0x08001470   0x00000038   Code   RO         1887    i.RCC_ADCCLKConfig  stm32f0xx_rcc.o
    0x080014a8   0x080014a8   0x00000020   Code   RO         1888    i.RCC_AHBPeriphClockCmd  stm32f0xx_rcc.o
    0x080014c8   0x080014c8   0x00000020   Code   RO         1890    i.RCC_APB1PeriphClockCmd  stm32f0xx_rcc.o
    0x080014e8   0x080014e8   0x00000020   Code   RO         1892    i.RCC_APB2PeriphClockCmd  stm32f0xx_rcc.o
    0x08001508   0x08001508   0x00000020   Code   RO         1893    i.RCC_APB2PeriphResetCmd  stm32f0xx_rcc.o
    0x08001528   0x08001528   0x00000014   Code   RO         1898    i.RCC_ClearFlag     stm32f0xx_rcc.o
    0x0800153c   0x0800153c   0x00000048   Code   RO         1903    i.RCC_GetFlagStatus  stm32f0xx_rcc.o
    0x08001584   0x08001584   0x00000024   Code   RO         1920    i.RCC_PLLConfig     stm32f0xx_rcc.o
    0x080015a8   0x080015a8   0x0000001c   Code   RO         1924    i.RCC_SYSCLKConfig  stm32f0xx_rcc.o
    0x080015c4   0x080015c4   0x00000100   Code   RO         4238    i.Read_Holl_Speed   motor.o
    0x080016c4   0x080016c4   0x00000002   Code   RO         3772    i.SVC_Handler       stm32f0xx_it.o
    0x080016c6   0x080016c6   0x00000002   PAD
    0x080016c8   0x080016c8   0x00000128   Code   RO         3886    i.SetSysClock       system_stm32f0xx.o
    0x080017f0   0x080017f0   0x00000020   Code   RO         3691    i.SysVariable_Init  main.o
    0x08001810   0x08001810   0x0000007c   Code   RO         3888    i.SystemInit        system_stm32f0xx.o
    0x0800188c   0x0800188c   0x00000020   Code   RO         3774    i.TIM14_IRQHandler  stm32f0xx_it.o
    0x080018ac   0x080018ac   0x00000002   Code   RO         4305    i.TIM14_ISR         timer.o
    0x080018ae   0x080018ae   0x00000002   PAD
    0x080018b0   0x080018b0   0x0000003c   Code   RO         4306    i.TIM14_Init        timer.o
    0x080018ec   0x080018ec   0x0000001c   Code   RO         3775    i.TIM15_IRQHandler  stm32f0xx_it.o
    0x08001908   0x08001908   0x00000048   Code   RO         4307    i.TIM15_Init        timer.o
    0x08001950   0x08001950   0x00000020   Code   RO         3776    i.TIM16_IRQHandler  stm32f0xx_it.o
    0x08001970   0x08001970   0x00000054   Code   RO         4308    i.TIM16_ISR         timer.o
    0x080019c4   0x080019c4   0x00000054   Code   RO         4309    i.TIM16_Init        timer.o
    0x08001a18   0x08001a18   0x00000020   Code   RO         3777    i.TIM17_IRQHandler  stm32f0xx_it.o
    0x08001a38   0x08001a38   0x00000002   Code   RO         4310    i.TIM17_ISR         timer.o
    0x08001a3a   0x08001a3a   0x00000002   PAD
    0x08001a3c   0x08001a3c   0x00000090   Code   RO         3778    i.TIM1_CC_IRQHandler  stm32f0xx_it.o
    0x08001acc   0x08001acc   0x00000088   Code   RO         3988    i.TIM1_PWM_Gpio_Init  gpio.o
    0x08001b54   0x08001b54   0x000000d4   Code   RO         4312    i.TIM1_PWM_Init     timer.o
    0x08001c28   0x08001c28   0x0000001c   Code   RO         3779    i.TIM3_IRQHandler   stm32f0xx_it.o
    0x08001c44   0x08001c44   0x00000038   Code   RO         3989    i.TIM3_PWM_Gpio_Init  gpio.o
    0x08001c7c   0x08001c7c   0x00000074   Code   RO         4313    i.TIM3_PWM_Init     timer.o
    0x08001cf0   0x08001cf0   0x00000038   Code   RO         4314    i.TIM6_Init         timer.o
    0x08001d28   0x08001d28   0x00000020   Code   RO         2758    i.TIM_BDTRConfig    stm32f0xx_tim.o
    0x08001d48   0x08001d48   0x00000020   Code   RO         4315    i.TIM_Channel_1_PWM_ALL_Stop  timer.o
    0x08001d68   0x08001d68   0x00000020   Code   RO         4316    i.TIM_Channel_1_PWM_All_OutPut  timer.o
    0x08001d88   0x08001d88   0x00000020   Code   RO         4317    i.TIM_Channel_1_PWM_N_OutPut  timer.o
    0x08001da8   0x08001da8   0x00000020   Code   RO         4319    i.TIM_Channel_2_PWM_ALL_Stop  timer.o
    0x08001dc8   0x08001dc8   0x00000020   Code   RO         4320    i.TIM_Channel_2_PWM_All_OutPut  timer.o
    0x08001de8   0x08001de8   0x00000020   Code   RO         4321    i.TIM_Channel_2_PWM_N_OutPut  timer.o
    0x08001e08   0x08001e08   0x00000020   Code   RO         4323    i.TIM_Channel_3_PWM_ALL_Stop  timer.o
    0x08001e28   0x08001e28   0x00000020   Code   RO         4324    i.TIM_Channel_3_PWM_All_OutPut  timer.o
    0x08001e48   0x08001e48   0x00000020   Code   RO         4325    i.TIM_Channel_3_PWM_N_OutPut  timer.o
    0x08001e68   0x08001e68   0x00000006   Code   RO         2763    i.TIM_ClearFlag     stm32f0xx_tim.o
    0x08001e6e   0x08001e6e   0x00000006   Code   RO         2764    i.TIM_ClearITPendingBit  stm32f0xx_tim.o
    0x08001e74   0x08001e74   0x0000001c   Code   RO         2769    i.TIM_Cmd           stm32f0xx_tim.o
    0x08001e90   0x08001e90   0x00000022   Code   RO         2771    i.TIM_CtrlPWMOutputs  stm32f0xx_tim.o
    0x08001eb2   0x08001eb2   0x00000014   Code   RO         2789    i.TIM_GetFlagStatus  stm32f0xx_tim.o
    0x08001ec6   0x08001ec6   0x00000026   Code   RO         2790    i.TIM_GetITStatus   stm32f0xx_tim.o
    0x08001eec   0x08001eec   0x00000014   Code   RO         2794    i.TIM_ITConfig      stm32f0xx_tim.o
    0x08001f00   0x08001f00   0x00000094   Code   RO         2798    i.TIM_OC1Init       stm32f0xx_tim.o
    0x08001f94   0x08001f94   0x000000ac   Code   RO         2803    i.TIM_OC2Init       stm32f0xx_tim.o
    0x08002040   0x08002040   0x00000098   Code   RO         2808    i.TIM_OC3Init       stm32f0xx_tim.o
    0x080020d8   0x080020d8   0x00000070   Code   RO         2813    i.TIM_OC4Init       stm32f0xx_tim.o
    0x08002148   0x08002148   0x00000014   Code   RO         2828    i.TIM_SelectOutputTrigger  stm32f0xx_tim.o
    0x0800215c   0x0800215c   0x0000007c   Code   RO         2842    i.TIM_TimeBaseInit  stm32f0xx_tim.o
    0x080021d8   0x080021d8   0x0000001c   Code   RO         4327    i.Timer_Init        timer.o
    0x080021f4   0x080021f4   0x00000024   Code   RO         3780    i.USART1_IRQHandler  stm32f0xx_it.o
    0x08002218   0x08002218   0x00000014   Code   RO         3781    i.USART2_IRQHandler  stm32f0xx_it.o
    0x0800222c   0x0800222c   0x00000012   Code   RO         3325    i.USART_ClearITPendingBit  stm32f0xx_usart.o
    0x0800223e   0x0800223e   0x0000004e   Code   RO         3337    i.USART_GetITStatus  stm32f0xx_usart.o
    0x0800228c   0x0800228c   0x0000003c   Code   RO         4090    i.Usart1_Isr        usart.o
    0x080022c8   0x080022c8   0x00000030   Code   RO         4059    i.WDG_Init          iwdg.o
    0x080022f8   0x080022f8   0x0000002e   Code   RO         4642    i.__ARM_clz         mf_p.l(depilogue.o)
    0x08002326   0x08002326   0x0000001c   Code   RO         4290    i.__ARM_common_switch8  motor.o
    0x08002342   0x08002342   0x0000000e   Code   RO         4648    i.__scatterload_copy  mc_p.l(handlers.o)
    0x08002350   0x08002350   0x00000002   Code   RO         4649    i.__scatterload_null  mc_p.l(handlers.o)
    0x08002352   0x08002352   0x0000000e   Code   RO         4650    i.__scatterload_zeroinit  mc_p.l(handlers.o)
    0x08002360   0x08002360   0x0000002c   Code   RO         3692    i.main              main.o
    0x0800238c   0x0800238c   0x00000020   Data   RO         4646    Region$$Table       anon$$obj.o


    Execution Region RW_IRAM1 (Exec base: 0x20000000, Load base: 0x080023ac, Size: 0x000008f8, Max: 0x00002000, ABSOLUTE)

    Exec Addr    Load Addr    Size         Type   Attr      Idx    E Section Name        Object

    0x20000000   0x080023ac   0x00000020   Data   RW         4240    .data               motor.o
    0x20000020   0x080023cc   0x00000018   Data   RW         4328    .data               timer.o
    0x20000038   0x080023e4   0x0000000c   Data   RW         4490    .data               control.o
    0x20000044   0x080023f0   0x00000019   Data   RW         4556    .data               protect.o
    0x2000005d   0x08002409   0x00000003   PAD
    0x20000060        -       0x0000000a   Zero   RW         3929    .bss                adc.o
    0x2000006a   0x08002409   0x00000002   PAD
    0x2000006c        -       0x00000440   Zero   RW         4104    .bss                usart.o
    0x200004ac        -       0x0000003c   Zero   RW         4239    .bss                motor.o
    0x200004e8        -       0x00000010   Zero   RW         4465    .bss                bsp.o
    0x200004f8        -       0x00000400   Zero   RW            1    STACK               startup_stm32f030.o


==============================================================================

Image component sizes


      Code (inc. data)   RO Data    RW Data    ZI Data      Debug   Object Name

       336         24          0          0         10       2088   adc.o
       124         14          0          0         16       1670   bsp.o
         0          0          0         12          0        912   control.o
       408         24          0          0          0       3007   gpio.o
        56          4          0          0          0        886   iwdg.o
        76         10          0          0          0       4914   main.o
      1080        132          0         32         60       6349   motor.o
       210         34          0         25          0       2430   protect.o
        28          8        180          0       1024        672   startup_stm32f030.o
       384          8          0          0          0     240757   stm32f0xx_adc.o
       636         64          0          0          0       6047   stm32f0xx_dma.o
       236          0          0          0          0       2820   stm32f0xx_gpio.o
       528         86          0          0          0       7344   stm32f0xx_it.o
        68         34          0          0          0       2358   stm32f0xx_iwdg.o
       112          6          0          0          0        876   stm32f0xx_misc.o
       340         38          0          0          0       4857   stm32f0xx_rcc.o
       912        150          0          0          0       8846   stm32f0xx_tim.o
        96          0          0          0          0       2010   stm32f0xx_usart.o
       420         22          0          0          0       1473   system_stm32f0xx.o
      1024        112          0         24          0      10197   timer.o
        60         16          0          0       1088       2457   usart.o

    ----------------------------------------------------------------------
      7152        786        212         96       2200     312970   Object Totals
         0          0         32          0          0          0   (incl. Generated)
        18          0          0          3          2          0   (incl. Padding)

    ----------------------------------------------------------------------

      Code (inc. data)   RO Data    RW Data    ZI Data      Debug   Library Member Name

         0          0          0          0          0          0   entry.o
         0          0          0          0          0          0   entry10a.o
         0          0          0          0          0          0   entry11a.o
         4          0          0          0          0          0   entry12b.o
         8          4          0          0          0          0   entry2.o
         4          0          0          0          0          0   entry5.o
         0          0          0          0          0          0   entry7b.o
         0          0          0          0          0          0   entry8b.o
         8          4          0          0          0          0   entry9a.o
        30          0          0          0          0          0   handlers.o
        36          8          0          0          0         68   init.o
         0          0          0          0          0          0   iusefp.o
        32          0          0          0          0         68   llshl.o
        38          0          0          0          0         68   llsshr.o
        34          0          0          0          0         68   llushr.o
       360          6          0          0          0        140   dadd.o
       236          0          0          0          0        216   depilogue.o
        60         10          0          0          0         68   dfixui.o
        28          4          0          0          0         68   dfltui.o
       208          6          0          0          0         88   dmul.o
       178          0          0          0          0        108   fadd.o
       124          0          0          0          0         72   fdiv.o
       130          0          0          0          0        144   fepilogue.o
        50          0          0          0          0         60   ffixi.o
        40          0          0          0          0         60   ffixui.o
        22          0          0          0          0         68   fflti.o
        14          0          0          0          0         68   ffltui.o
       122          0          0          0          0         72   fmul.o

    ----------------------------------------------------------------------
      1768         42          0          0          0       1504   Library Totals
         2          0          0          0          0          0   (incl. Padding)

    ----------------------------------------------------------------------

      Code (inc. data)   RO Data    RW Data    ZI Data      Debug   Library Name

       194         16          0          0          0        272   mc_p.l
      1572         26          0          0          0       1232   mf_p.l

    ----------------------------------------------------------------------
      1768         42          0          0          0       1504   Library Totals

    ----------------------------------------------------------------------

==============================================================================


      Code (inc. data)   RO Data    RW Data    ZI Data      Debug   

      8920        828        212         96       2200     308686   Grand Totals
      8920        828        212         96       2200     308686   ELF Image Totals
      8920        828        212         96          0          0   ROM Totals

==============================================================================

    Total RO  Size (Code + RO Data)                 9132 (   8.92kB)
    Total RW  Size (RW Data + ZI Data)              2296 (   2.24kB)
    Total ROM Size (Code + RO Data + RW Data)       9228 (   9.01kB)

==============================================================================

