<html>
<body>
<pre>
<h1>µVision Build Log</h1>
<h2>Tool Versions:</h2>
IDE-Version: ¦ÌVision V5.32.0.0
Copyright (C) 2020 ARM Ltd and ARM Germany GmbH. All rights reserved.
License Information: WDK WDK, WDK, LIC=VGXG8-3LADN-635MB-2IXTL-4WUZZ-2J2WW
 
Tool Versions:
Toolchain:       MDK-ARM Plus  Version: 5.32.0.0
Toolchain Path:  C:\Keil_v5\ARM\ARMCC\Bin
C Compiler:      Armcc.exe V5.06 update 7 (build 960)
Assembler:       Armasm.exe V5.06 update 7 (build 960)
Linker/Locator:  ArmLink.exe V5.06 update 7 (build 960)
Library Manager: ArmAr.exe V5.06 update 7 (build 960)
Hex Converter:   FromElf.exe V5.06 update 7 (build 960)
CPU DLL:         SARMCM3.DLL V5.32.0.0
Dialog DLL:      DCM.DLL V1.17.3.0
Target DLL:      STLink\ST-LINKIII-KEIL_SWO.dll V3.0.8.0
Dialog DLL:      TCM.DLL V1.46.0.0
 
<h2>Project:</h2>
C:\Users\ThinkPad\Desktop\Code\DC-motor-drive\2.Software_code\DC_Motor_Drive\MDK-ARM\DC_Motor_Drive.uvprojx
Project File Date:  03/11/2023

<h2>Output:</h2>
*** Using Compiler 'V5.06 update 7 (build 960)', folder: 'C:\Keil_v5\ARM\ARMCC\Bin'
Build target 'DC_Motor_Drive'
assembling startup_stm32f103x6.s...
compiling stm32f1xx_hal_gpio_ex.c...
compiling stm32f1xx_hal_msp.c...
compiling stm32f1xx_hal_gpio.c...
compiling main.c...
compiling stm32f1xx_hal.c...
compiling stm32f1xx_hal_rcc_ex.c...
compiling stm32f1xx_it.c...
compiling stm32f1xx_hal_dma.c...
compiling stm32f1xx_hal_adc.c...
compiling stm32f1xx_hal_adc_ex.c...
compiling stm32f1xx_hal_rcc.c...
compiling system_stm32f1xx.c...
compiling stm32f1xx_hal_exti.c...
compiling stm32f1xx_hal_cortex.c...
compiling stm32f1xx_hal_flash_ex.c...
compiling stm32f1xx_hal_flash.c...
compiling stm32f1xx_hal_pwr.c...
compiling stm32f1xx_hal_tim_ex.c...
compiling stm32f1xx_hal_uart.c...
compiling stm32f1xx_hal_tim.c...
linking...
Program Size: Code=6544 RO-data=292 RW-data=16 ZI-data=1896  
FromELF: creating hex file...
"DC_Motor_Drive\DC_Motor_Drive.axf" - 0 Error(s), 0 Warning(s).

<h2>Software Packages used:</h2>

Package Vendor: ARM
                http://www.keil.com/pack/ARM.CMSIS.5.7.0.pack
                ARM.CMSIS.5.7.0
                CMSIS (Cortex Microcontroller Software Interface Standard)
   * Component: CORE Version: 5.4.0

Package Vendor: Keil
                http://www.keil.com/pack/Keil.STM32F1xx_DFP.2.1.0.pack
                Keil.STM32F1xx_DFP.2.1.0
                STMicroelectronics STM32F1 Series Device Support, Drivers and Examples

<h2>Collection of Component include folders:</h2>
  .\RTE\_DC_Motor_Drive
  C:\Users\ThinkPad\AppData\Local\Arm\Packs\ARM\CMSIS\5.7.0\CMSIS\Core\Include
  C:\Users\ThinkPad\AppData\Local\Arm\Packs\Keil\STM32F1xx_DFP\2.1.0\Device\Include

<h2>Collection of Component Files used:</h2>

   * Component: ARM::CMSIS:CORE:5.4.0
      Include file:  CMSIS\Core\Include\tz_context.h
Build Time Elapsed:  00:00:11
</pre>
</body>
</html>
