Component: ARM Compiler 5.06 update 7 (build 960) Tool: armlink [4d3601]

==============================================================================

Section Cross References

    startup_stm32f103x6.o(RESET) refers to startup_stm32f103x6.o(STACK) for __initial_sp
    startup_stm32f103x6.o(RESET) refers to startup_stm32f103x6.o(.text) for Reset_Handler
    startup_stm32f103x6.o(RESET) refers to stm32f1xx_it.o(i.NMI_Handler) for NMI_Handler
    startup_stm32f103x6.o(RESET) refers to stm32f1xx_it.o(i.HardFault_Handler) for HardFault_Handler
    startup_stm32f103x6.o(RESET) refers to stm32f1xx_it.o(i.MemManage_Handler) for MemManage_Handler
    startup_stm32f103x6.o(RESET) refers to stm32f1xx_it.o(i.BusFault_Handler) for BusFault_Handler
    startup_stm32f103x6.o(RESET) refers to stm32f1xx_it.o(i.UsageFault_Handler) for UsageFault_Handler
    startup_stm32f103x6.o(RESET) refers to stm32f1xx_it.o(i.SVC_Handler) for SVC_Handler
    startup_stm32f103x6.o(RESET) refers to stm32f1xx_it.o(i.DebugMon_Handler) for DebugMon_Handler
    startup_stm32f103x6.o(RESET) refers to stm32f1xx_it.o(i.PendSV_Handler) for PendSV_Handler
    startup_stm32f103x6.o(RESET) refers to stm32f1xx_it.o(i.SysTick_Handler) for SysTick_Handler
    startup_stm32f103x6.o(RESET) refers to stm32f1xx_it.o(i.TIM2_IRQHandler) for TIM2_IRQHandler
    startup_stm32f103x6.o(RESET) refers to stm32f1xx_it.o(i.TIM3_IRQHandler) for TIM3_IRQHandler
    startup_stm32f103x6.o(RESET) refers to stm32f1xx_it.o(i.USART2_IRQHandler) for USART2_IRQHandler
    startup_stm32f103x6.o(.text) refers to system_stm32f1xx.o(i.SystemInit) for SystemInit
    startup_stm32f103x6.o(.text) refers to entry.o(.ARM.Collect$$$$00000000) for __main
    main.o(i.HAL_TIM_PeriodElapsedCallback) refers to tim.o(.bss) for htim2
    main.o(i.HAL_TIM_PeriodElapsedCallback) refers to main.o(.data) for .data
    main.o(i.HAL_TIM_PeriodElapsedCallback) refers to user_function.o(.data) for KEY_Value
    main.o(i.SystemClock_Config) refers to memseta.o(.text) for __aeabi_memclr4
    main.o(i.SystemClock_Config) refers to stm32f1xx_hal_rcc.o(i.HAL_RCC_OscConfig) for HAL_RCC_OscConfig
    main.o(i.SystemClock_Config) refers to stm32f1xx_hal_rcc.o(i.HAL_RCC_ClockConfig) for HAL_RCC_ClockConfig
    main.o(i.SystemClock_Config) refers to stm32f1xx_hal_rcc_ex.o(i.HAL_RCCEx_PeriphCLKConfig) for HAL_RCCEx_PeriphCLKConfig
    main.o(i.fputc) refers to stm32f1xx_hal_uart.o(i.HAL_UART_Transmit) for HAL_UART_Transmit
    main.o(i.fputc) refers to usart.o(.bss) for huart2
    main.o(i.main) refers to stm32f1xx_hal.o(i.HAL_Init) for HAL_Init
    main.o(i.main) refers to main.o(i.SystemClock_Config) for SystemClock_Config
    main.o(i.main) refers to gpio.o(i.MX_GPIO_Init) for MX_GPIO_Init
    main.o(i.main) refers to tim.o(i.MX_TIM3_Init) for MX_TIM3_Init
    main.o(i.main) refers to adc.o(i.MX_ADC1_Init) for MX_ADC1_Init
    main.o(i.main) refers to tim.o(i.MX_TIM1_Init) for MX_TIM1_Init
    main.o(i.main) refers to usart.o(i.MX_USART2_UART_Init) for MX_USART2_UART_Init
    main.o(i.main) refers to iwdg.o(i.MX_IWDG_Init) for MX_IWDG_Init
    main.o(i.main) refers to tim.o(i.MX_TIM2_Init) for MX_TIM2_Init
    main.o(i.main) refers to stm32f1xx_hal_tim.o(i.HAL_TIM_Base_Start_IT) for HAL_TIM_Base_Start_IT
    main.o(i.main) refers to stm32f1xx_hal_tim.o(i.HAL_TIM_Encoder_Start) for HAL_TIM_Encoder_Start
    main.o(i.main) refers to stm32f1xx_hal_adc_ex.o(i.HAL_ADCEx_Calibration_Start) for HAL_ADCEx_Calibration_Start
    main.o(i.main) refers to stm32f1xx_hal_gpio.o(i.HAL_GPIO_WritePin) for HAL_GPIO_WritePin
    main.o(i.main) refers to iic_oled.o(i.OLED_Init) for OLED_Init
    main.o(i.main) refers to iic_oled.o(i.OLED_CLS) for OLED_CLS
    main.o(i.main) refers to iic_oled.o(i.OLED_DrawBMP) for OLED_DrawBMP
    main.o(i.main) refers to printfb.o(i.__0printf$bare) for __2printf
    main.o(i.main) refers to user_scheduler.o(i.Schedule) for Schedule
    main.o(i.main) refers to user_scheduler.o(i.FuncRun) for FuncRun
    main.o(i.main) refers to tim.o(.bss) for htim2
    main.o(i.main) refers to adc.o(.bss) for hadc1
    main.o(i.main) refers to main.o(.data) for .data
    main.o(i.main) refers to user_scheduler.o(.data) for tSysScanFlag
    gpio.o(i.MX_GPIO_Init) refers to stm32f1xx_hal_gpio.o(i.HAL_GPIO_WritePin) for HAL_GPIO_WritePin
    gpio.o(i.MX_GPIO_Init) refers to stm32f1xx_hal_gpio.o(i.HAL_GPIO_Init) for HAL_GPIO_Init
    adc.o(i.HAL_ADC_MspDeInit) refers to stm32f1xx_hal_gpio.o(i.HAL_GPIO_DeInit) for HAL_GPIO_DeInit
    adc.o(i.HAL_ADC_MspInit) refers to stm32f1xx_hal_gpio.o(i.HAL_GPIO_Init) for HAL_GPIO_Init
    adc.o(i.MX_ADC1_Init) refers to stm32f1xx_hal_adc.o(i.HAL_ADC_Init) for HAL_ADC_Init
    adc.o(i.MX_ADC1_Init) refers to main.o(i.Error_Handler) for Error_Handler
    adc.o(i.MX_ADC1_Init) refers to stm32f1xx_hal_adc.o(i.HAL_ADC_ConfigChannel) for HAL_ADC_ConfigChannel
    adc.o(i.MX_ADC1_Init) refers to adc.o(.bss) for .bss
[...]
    Removing stm32f1xx_hal_tim.o(i.HAL_TIM_ConfigOCrefClear), (210 bytes).
    Removing stm32f1xx_hal_tim.o(i.HAL_TIM_ConfigTI1Input), (16 bytes).
    Removing stm32f1xx_hal_tim.o(i.HAL_TIM_DMABurstState), (6 bytes).
    Removing stm32f1xx_hal_tim.o(i.HAL_TIM_DMABurst_MultiReadStart), (324 bytes).
    Removing stm32f1xx_hal_tim.o(i.HAL_TIM_DMABurst_MultiWriteStart), (324 bytes).
    Removing stm32f1xx_hal_tim.o(i.HAL_TIM_DMABurst_ReadStart), (18 bytes).
    Removing stm32f1xx_hal_tim.o(i.HAL_TIM_DMABurst_ReadStop), (102 bytes).
    Removing stm32f1xx_hal_tim.o(i.HAL_TIM_DMABurst_WriteStart), (18 bytes).
    Removing stm32f1xx_hal_tim.o(i.HAL_TIM_DMABurst_WriteStop), (102 bytes).
    Removing stm32f1xx_hal_tim.o(i.HAL_TIM_Encoder_DeInit), (76 bytes).
    Removing stm32f1xx_hal_tim.o(i.HAL_TIM_Encoder_GetState), (6 bytes).
    Removing stm32f1xx_hal_tim.o(i.HAL_TIM_Encoder_MspDeInit), (2 bytes).
    Removing stm32f1xx_hal_tim.o(i.HAL_TIM_Encoder_MspInit), (2 bytes).
    Removing stm32f1xx_hal_tim.o(i.HAL_TIM_Encoder_Start_DMA), (460 bytes).
    Removing stm32f1xx_hal_tim.o(i.HAL_TIM_Encoder_Start_IT), (182 bytes).
    Removing stm32f1xx_hal_tim.o(i.HAL_TIM_Encoder_Stop), (102 bytes).
    Removing stm32f1xx_hal_tim.o(i.HAL_TIM_Encoder_Stop_DMA), (172 bytes).
    Removing stm32f1xx_hal_tim.o(i.HAL_TIM_Encoder_Stop_IT), (144 bytes).
    Removing stm32f1xx_hal_tim.o(i.HAL_TIM_ErrorCallback), (2 bytes).
    Removing stm32f1xx_hal_tim.o(i.HAL_TIM_GenerateEvent), (38 bytes).
    Removing stm32f1xx_hal_tim.o(i.HAL_TIM_GetActiveChannel), (4 bytes).
    Removing stm32f1xx_hal_tim.o(i.HAL_TIM_GetChannelState), (34 bytes).
    Removing stm32f1xx_hal_tim.o(i.HAL_TIM_IC_CaptureHalfCpltCallback), (2 bytes).
    Removing stm32f1xx_hal_tim.o(i.HAL_TIM_IC_ConfigChannel), (270 bytes).
    Removing stm32f1xx_hal_tim.o(i.HAL_TIM_IC_DeInit), (92 bytes).
    Removing stm32f1xx_hal_tim.o(i.HAL_TIM_IC_GetState), (6 bytes).
    Removing stm32f1xx_hal_tim.o(i.HAL_TIM_IC_Init), (90 bytes).
    Removing stm32f1xx_hal_tim.o(i.HAL_TIM_IC_MspDeInit), (2 bytes).
    Removing stm32f1xx_hal_tim.o(i.HAL_TIM_IC_MspInit), (2 bytes).
    Removing stm32f1xx_hal_tim.o(i.HAL_TIM_IC_Start), (176 bytes).
    Removing stm32f1xx_hal_tim.o(i.HAL_TIM_IC_Start_DMA), (392 bytes).
    Removing stm32f1xx_hal_tim.o(i.HAL_TIM_IC_Start_IT), (216 bytes).
    Removing stm32f1xx_hal_tim.o(i.HAL_TIM_IC_Stop), (82 bytes).
    Removing stm32f1xx_hal_tim.o(i.HAL_TIM_IC_Stop_DMA), (156 bytes).
    Removing stm32f1xx_hal_tim.o(i.HAL_TIM_IC_Stop_IT), (134 bytes).
    Removing stm32f1xx_hal_tim.o(i.HAL_TIM_OC_ConfigChannel), (76 bytes).
    Removing stm32f1xx_hal_tim.o(i.HAL_TIM_OC_DeInit), (92 bytes).
    Removing stm32f1xx_hal_tim.o(i.HAL_TIM_OC_GetState), (6 bytes).
    Removing stm32f1xx_hal_tim.o(i.HAL_TIM_OC_Init), (90 bytes).
    Removing stm32f1xx_hal_tim.o(i.HAL_TIM_OC_MspDeInit), (2 bytes).
    Removing stm32f1xx_hal_tim.o(i.HAL_TIM_OC_MspInit), (2 bytes).
    Removing stm32f1xx_hal_tim.o(i.HAL_TIM_OC_Start), (148 bytes).
    Removing stm32f1xx_hal_tim.o(i.HAL_TIM_OC_Start_DMA), (376 bytes).
    Removing stm32f1xx_hal_tim.o(i.HAL_TIM_OC_Start_IT), (188 bytes).
    Removing stm32f1xx_hal_tim.o(i.HAL_TIM_OC_Stop), (112 bytes).
    Removing stm32f1xx_hal_tim.o(i.HAL_TIM_OC_Stop_DMA), (184 bytes).
    Removing stm32f1xx_hal_tim.o(i.HAL_TIM_OC_Stop_IT), (164 bytes).
    Removing stm32f1xx_hal_tim.o(i.HAL_TIM_OnePulse_ConfigChannel), (218 bytes).
    Removing stm32f1xx_hal_tim.o(i.HAL_TIM_OnePulse_DeInit), (76 bytes).
    Removing stm32f1xx_hal_tim.o(i.HAL_TIM_OnePulse_GetState), (6 bytes).
    Removing stm32f1xx_hal_tim.o(i.HAL_TIM_OnePulse_Init), (86 bytes).
    Removing stm32f1xx_hal_tim.o(i.HAL_TIM_OnePulse_MspDeInit), (2 bytes).
    Removing stm32f1xx_hal_tim.o(i.HAL_TIM_OnePulse_MspInit), (2 bytes).
    Removing stm32f1xx_hal_tim.o(i.HAL_TIM_OnePulse_Start), (104 bytes).
    Removing stm32f1xx_hal_tim.o(i.HAL_TIM_OnePulse_Start_IT), (124 bytes).
    Removing stm32f1xx_hal_tim.o(i.HAL_TIM_OnePulse_Stop), (100 bytes).
    Removing stm32f1xx_hal_tim.o(i.HAL_TIM_OnePulse_Stop_IT), (120 bytes).
    Removing stm32f1xx_hal_tim.o(i.HAL_TIM_PWM_ConfigChannel), (198 bytes).
    Removing stm32f1xx_hal_tim.o(i.HAL_TIM_PWM_DeInit), (92 bytes).
    Removing stm32f1xx_hal_tim.o(i.HAL_TIM_PWM_GetState), (6 bytes).
    Removing stm32f1xx_hal_tim.o(i.HAL_TIM_PWM_Init), (90 bytes).
    Removing stm32f1xx_hal_tim.o(i.HAL_TIM_PWM_MspDeInit), (2 bytes).
    Removing stm32f1xx_hal_tim.o(i.HAL_TIM_PWM_MspInit), (2 bytes).
    Removing stm32f1xx_hal_tim.o(i.HAL_TIM_PWM_PulseFinishedHalfCpltCallback), (2 bytes).
    Removing stm32f1xx_hal_tim.o(i.HAL_TIM_PWM_Start), (148 bytes).
    Removing stm32f1xx_hal_tim.o(i.HAL_TIM_PWM_Start_DMA), (376 bytes).
    Removing stm32f1xx_hal_tim.o(i.HAL_TIM_PWM_Start_IT), (188 bytes).
    Removing stm32f1xx_hal_tim.o(i.HAL_TIM_PWM_Stop), (112 bytes).
    Removing stm32f1xx_hal_tim.o(i.HAL_TIM_PWM_Stop_DMA), (184 bytes).
    Removing stm32f1xx_hal_tim.o(i.HAL_TIM_PWM_Stop_IT), (164 bytes).
    Removing stm32f1xx_hal_tim.o(i.HAL_TIM_PeriodElapsedCallback), (2 bytes).
    Removing stm32f1xx_hal_tim.o(i.HAL_TIM_PeriodElapsedHalfCpltCallback), (2 bytes).
    Removing stm32f1xx_hal_tim.o(i.HAL_TIM_ReadCapturedValue), (42 bytes).
    Removing stm32f1xx_hal_tim.o(i.HAL_TIM_SlaveConfigSynchro), (86 bytes).
    Removing stm32f1xx_hal_tim.o(i.HAL_TIM_SlaveConfigSynchro_IT), (86 bytes).
    Removing stm32f1xx_hal_tim.o(i.HAL_TIM_TriggerHalfCpltCallback), (2 bytes).
    Removing stm32f1xx_hal_tim.o(i.TIM_DMACaptureCplt), (110 bytes).
    Removing stm32f1xx_hal_tim.o(i.TIM_DMACaptureHalfCplt), (56 bytes).
    Removing stm32f1xx_hal_tim.o(i.TIM_DMADelayPulseCplt), (94 bytes).
    Removing stm32f1xx_hal_tim.o(i.TIM_DMADelayPulseHalfCplt), (56 bytes).
    Removing stm32f1xx_hal_tim.o(i.TIM_DMAError), (84 bytes).
    Removing stm32f1xx_hal_tim.o(i.TIM_DMAPeriodElapsedCplt), (22 bytes).
    Removing stm32f1xx_hal_tim.o(i.TIM_DMAPeriodElapsedHalfCplt), (10 bytes).
    Removing stm32f1xx_hal_tim.o(i.TIM_DMATriggerCplt), (22 bytes).
    Removing stm32f1xx_hal_tim.o(i.TIM_DMATriggerHalfCplt), (10 bytes).
    Removing stm32f1xx_hal_tim.o(i.TIM_OC1_SetConfig), (80 bytes).
    Removing stm32f1xx_hal_tim.o(i.TIM_OC2_SetConfig), (88 bytes).
    Removing stm32f1xx_hal_tim.o(i.TIM_OC3_SetConfig), (88 bytes).
    Removing stm32f1xx_hal_tim.o(i.TIM_OC4_SetConfig), (68 bytes).
    Removing stm32f1xx_hal_tim.o(i.TIM_SlaveTimer_SetConfig), (134 bytes).
    Removing stm32f1xx_hal_tim.o(i.TIM_TI1_SetConfig), (80 bytes).
    Removing stm32f1xx_hal_tim.o(i.TIM_TI2_SetConfig), (54 bytes).
    Removing stm32f1xx_hal_tim_ex.o(.rev16_text), (4 bytes).
    Removing stm32f1xx_hal_tim_ex.o(.revsh_text), (4 bytes).
    Removing stm32f1xx_hal_tim_ex.o(.rrx_text), (6 bytes).
    Removing stm32f1xx_hal_tim_ex.o(i.HAL_TIMEx_CommutHalfCpltCallback), (2 bytes).
    Removing stm32f1xx_hal_tim_ex.o(i.HAL_TIMEx_ConfigBreakDeadTime), (84 bytes).
    Removing stm32f1xx_hal_tim_ex.o(i.HAL_TIMEx_ConfigCommutEvent), (112 bytes).
    Removing stm32f1xx_hal_tim_ex.o(i.HAL_TIMEx_ConfigCommutEvent_DMA), (144 bytes).
    Removing stm32f1xx_hal_tim_ex.o(i.HAL_TIMEx_ConfigCommutEvent_IT), (112 bytes).
    Removing stm32f1xx_hal_tim_ex.o(i.HAL_TIMEx_GetChannelNState), (34 bytes).
    Removing stm32f1xx_hal_tim_ex.o(i.HAL_TIMEx_HallSensor_DeInit), (76 bytes).
    Removing stm32f1xx_hal_tim_ex.o(i.HAL_TIMEx_HallSensor_GetState), (6 bytes).
    Removing stm32f1xx_hal_tim_ex.o(i.HAL_TIMEx_HallSensor_Init), (208 bytes).
    Removing stm32f1xx_hal_tim_ex.o(i.HAL_TIMEx_HallSensor_MspDeInit), (2 bytes).
    Removing stm32f1xx_hal_tim_ex.o(i.HAL_TIMEx_HallSensor_MspInit), (2 bytes).
    Removing stm32f1xx_hal_tim_ex.o(i.HAL_TIMEx_HallSensor_Start), (120 bytes).
    Removing stm32f1xx_hal_tim_ex.o(i.HAL_TIMEx_HallSensor_Start_DMA), (172 bytes).
    Removing stm32f1xx_hal_tim_ex.o(i.HAL_TIMEx_HallSensor_Start_IT), (128 bytes).
    Removing stm32f1xx_hal_tim_ex.o(i.HAL_TIMEx_HallSensor_Stop), (58 bytes).
    Removing stm32f1xx_hal_tim_ex.o(i.HAL_TIMEx_HallSensor_Stop_DMA), (70 bytes).
    Removing stm32f1xx_hal_tim_ex.o(i.HAL_TIMEx_HallSensor_Stop_IT), (68 bytes).
    Removing stm32f1xx_hal_tim_ex.o(i.HAL_TIMEx_OCN_Start), (144 bytes).
    Removing stm32f1xx_hal_tim_ex.o(i.HAL_TIMEx_OCN_Start_DMA), (324 bytes).
    Removing stm32f1xx_hal_tim_ex.o(i.HAL_TIMEx_OCN_Start_IT), (180 bytes).
    Removing stm32f1xx_hal_tim_ex.o(i.HAL_TIMEx_OCN_Stop), (104 bytes).
    Removing stm32f1xx_hal_tim_ex.o(i.HAL_TIMEx_OCN_Stop_DMA), (158 bytes).
    Removing stm32f1xx_hal_tim_ex.o(i.HAL_TIMEx_OCN_Stop_IT), (160 bytes).
    Removing stm32f1xx_hal_tim_ex.o(i.HAL_TIMEx_OnePulseN_Start), (100 bytes).
    Removing stm32f1xx_hal_tim_ex.o(i.HAL_TIMEx_OnePulseN_Start_IT), (120 bytes).
    Removing stm32f1xx_hal_tim_ex.o(i.HAL_TIMEx_OnePulseN_Stop), (98 bytes).
    Removing stm32f1xx_hal_tim_ex.o(i.HAL_TIMEx_OnePulseN_Stop_IT), (120 bytes).
    Removing stm32f1xx_hal_tim_ex.o(i.HAL_TIMEx_PWMN_Start), (144 bytes).
    Removing stm32f1xx_hal_tim_ex.o(i.HAL_TIMEx_PWMN_Start_DMA), (324 bytes).
    Removing stm32f1xx_hal_tim_ex.o(i.HAL_TIMEx_PWMN_Start_IT), (180 bytes).
    Removing stm32f1xx_hal_tim_ex.o(i.HAL_TIMEx_PWMN_Stop), (104 bytes).
    Removing stm32f1xx_hal_tim_ex.o(i.HAL_TIMEx_PWMN_Stop_DMA), (158 bytes).
    Removing stm32f1xx_hal_tim_ex.o(i.HAL_TIMEx_PWMN_Stop_IT), (160 bytes).
    Removing stm32f1xx_hal_tim_ex.o(i.HAL_TIMEx_RemapConfig), (4 bytes).
    Removing stm32f1xx_hal_tim_ex.o(i.TIMEx_DMACommutationCplt), (16 bytes).
    Removing stm32f1xx_hal_tim_ex.o(i.TIMEx_DMACommutationHalfCplt), (16 bytes).
    Removing stm32f1xx_hal_tim_ex.o(i.TIM_CCxNChannelCmd), (26 bytes).
    Removing stm32f1xx_hal_tim_ex.o(i.TIM_DMADelayPulseNCplt), (94 bytes).
    Removing stm32f1xx_hal_tim_ex.o(i.TIM_DMAErrorCCxN), (62 bytes).
    Removing stm32f1xx_hal_uart.o(.rev16_text), (4 bytes).
    Removing stm32f1xx_hal_uart.o(.revsh_text), (4 bytes).
    Removing stm32f1xx_hal_uart.o(.rrx_text), (6 bytes).
    Removing stm32f1xx_hal_uart.o(i.HAL_HalfDuplex_EnableReceiver), (50 bytes).
    Removing stm32f1xx_hal_uart.o(i.HAL_HalfDuplex_EnableTransmitter), (50 bytes).
    Removing stm32f1xx_hal_uart.o(i.HAL_HalfDuplex_Init), (108 bytes).
    Removing stm32f1xx_hal_uart.o(i.HAL_LIN_Init), (128 bytes).
    Removing stm32f1xx_hal_uart.o(i.HAL_LIN_SendBreak), (46 bytes).
    Removing stm32f1xx_hal_uart.o(i.HAL_MultiProcessor_EnterMuteMode), (46 bytes).
    Removing stm32f1xx_hal_uart.o(i.HAL_MultiProcessor_ExitMuteMode), (46 bytes).
    Removing stm32f1xx_hal_uart.o(i.HAL_MultiProcessor_Init), (142 bytes).
    Removing stm32f1xx_hal_uart.o(i.HAL_UARTEx_ReceiveToIdle), (254 bytes).
    Removing stm32f1xx_hal_uart.o(i.HAL_UARTEx_ReceiveToIdle_DMA), (74 bytes).
    Removing stm32f1xx_hal_uart.o(i.HAL_UARTEx_ReceiveToIdle_IT), (74 bytes).
    Removing stm32f1xx_hal_uart.o(i.HAL_UART_Abort), (156 bytes).
    Removing stm32f1xx_hal_uart.o(i.HAL_UART_AbortCpltCallback), (2 bytes).
    Removing stm32f1xx_hal_uart.o(i.HAL_UART_AbortReceive), (106 bytes).
    Removing stm32f1xx_hal_uart.o(i.HAL_UART_AbortReceiveCpltCallback), (2 bytes).
    Removing stm32f1xx_hal_uart.o(i.HAL_UART_AbortReceive_IT), (112 bytes).
    Removing stm32f1xx_hal_uart.o(i.HAL_UART_AbortTransmit), (78 bytes).
    Removing stm32f1xx_hal_uart.o(i.HAL_UART_AbortTransmitCpltCallback), (2 bytes).
    Removing stm32f1xx_hal_uart.o(i.HAL_UART_AbortTransmit_IT), (84 bytes).
    Removing stm32f1xx_hal_uart.o(i.HAL_UART_Abort_IT), (188 bytes).
    Removing stm32f1xx_hal_uart.o(i.HAL_UART_DMAPause), (102 bytes).
    Removing stm32f1xx_hal_uart.o(i.HAL_UART_DMAResume), (94 bytes).
    Removing stm32f1xx_hal_uart.o(i.HAL_UART_DMAStop), (88 bytes).
    Removing stm32f1xx_hal_uart.o(i.HAL_UART_DeInit), (52 bytes).
    Removing stm32f1xx_hal_uart.o(i.HAL_UART_GetError), (4 bytes).
    Removing stm32f1xx_hal_uart.o(i.HAL_UART_GetState), (10 bytes).
    Removing stm32f1xx_hal_uart.o(i.HAL_UART_MspDeInit), (2 bytes).
    Removing stm32f1xx_hal_uart.o(i.HAL_UART_MspInit), (2 bytes).
    Removing stm32f1xx_hal_uart.o(i.HAL_UART_Receive), (192 bytes).
    Removing stm32f1xx_hal_uart.o(i.HAL_UART_Receive_DMA), (42 bytes).
    Removing stm32f1xx_hal_uart.o(i.HAL_UART_Receive_IT), (42 bytes).
    Removing stm32f1xx_hal_uart.o(i.HAL_UART_RxHalfCpltCallback), (2 bytes).
    Removing stm32f1xx_hal_uart.o(i.HAL_UART_Transmit_DMA), (128 bytes).
    Removing stm32f1xx_hal_uart.o(i.HAL_UART_Transmit_IT), (62 bytes).
    Removing stm32f1xx_hal_uart.o(i.HAL_UART_TxHalfCpltCallback), (2 bytes).
    Removing stm32f1xx_hal_uart.o(i.UART_DMAError), (74 bytes).
    Removing stm32f1xx_hal_uart.o(i.UART_DMAReceiveCplt), (90 bytes).
    Removing stm32f1xx_hal_uart.o(i.UART_DMARxAbortCallback), (44 bytes).
    Removing stm32f1xx_hal_uart.o(i.UART_DMARxHalfCplt), (26 bytes).
    Removing stm32f1xx_hal_uart.o(i.UART_DMARxOnlyAbortCallback), (22 bytes).
    Removing stm32f1xx_hal_uart.o(i.UART_DMATransmitCplt), (46 bytes).
    Removing stm32f1xx_hal_uart.o(i.UART_DMATxAbortCallback), (44 bytes).
    Removing stm32f1xx_hal_uart.o(i.UART_DMATxHalfCplt), (10 bytes).
    Removing stm32f1xx_hal_uart.o(i.UART_DMATxOnlyAbortCallback), (20 bytes).
    Removing stm32f1xx_hal_uart.o(i.UART_EndTxTransfer), (18 bytes).
    Removing stm32f1xx_hal_uart.o(i.UART_Start_Receive_DMA), (112 bytes).
    Removing stm32f1xx_hal_uart.o(i.UART_Start_Receive_IT), (54 bytes).
    Removing system_stm32f1xx.o(.rev16_text), (4 bytes).
    Removing system_stm32f1xx.o(.revsh_text), (4 bytes).
    Removing system_stm32f1xx.o(.rrx_text), (6 bytes).
    Removing system_stm32f1xx.o(i.SystemCoreClockUpdate), (104 bytes).
    Removing user_function.o(.rev16_text), (4 bytes).
    Removing user_function.o(.revsh_text), (4 bytes).
    Removing user_function.o(.rrx_text), (6 bytes).
    Removing user_function.o(.data), (1 bytes).
    Removing user_function.o(.data), (1 bytes).
    Removing user_scheduler.o(.rev16_text), (4 bytes).
    Removing user_scheduler.o(.revsh_text), (4 bytes).
    Removing user_scheduler.o(.rrx_text), (6 bytes).
    Removing iic_oled.o(.rev16_text), (4 bytes).
    Removing iic_oled.o(.revsh_text), (4 bytes).
    Removing iic_oled.o(.rrx_text), (6 bytes).
    Removing iic_oled.o(i.OLED_OFF), (24 bytes).
    Removing iic_oled.o(i.OLED_ON), (24 bytes).
    Removing iic_oled.o(i.OLED_ShowCN), (72 bytes).
    Removing iic_oled.o(i.oled_come), (106 bytes).
    Removing iic_oled.o(i.oled_mainshow), (236 bytes).
    Removing iic_oled.o(i.oled_start), (84 bytes).
    Removing iic.o(.rev16_text), (4 bytes).
    Removing iic.o(.revsh_text), (4 bytes).
    Removing iic.o(.rrx_text), (6 bytes).
    Removing iic.o(i.I2C_Ack), (72 bytes).
    Removing iic.o(i.I2C_NAck), (60 bytes).
    Removing iic.o(i.I2C_ReadByte), (88 bytes).
    Removing iic.o(i.read_i2c), (64 bytes).
    Removing get_adc_value.o(.rev16_text), (4 bytes).
    Removing get_adc_value.o(.revsh_text), (4 bytes).
    Removing get_adc_value.o(.rrx_text), (6 bytes).
    Removing get_adc_value.o(i.get_adc_value), (100 bytes).
    Removing get_adc_value.o(.bss), (16 bytes).
    Removing key.o(.rev16_text), (4 bytes).
    Removing key.o(.revsh_text), (4 bytes).
    Removing key.o(.rrx_text), (6 bytes).
    Removing motor.o(.rev16_text), (4 bytes).
    Removing motor.o(.revsh_text), (4 bytes).
    Removing motor.o(.rrx_text), (6 bytes).
    Removing motor.o(i.Motor_Run), (24 bytes).
    Removing motor.o(i.Motor_Start), (40 bytes).
    Removing motor.o(i.Motor_Stop), (88 bytes).
    Removing motor.o(i.ROTOR_Pre_positioning), (120 bytes).
    Removing motor.o(i.Six_step), (284 bytes).
    Removing menu.o(.rev16_text), (4 bytes).
    Removing menu.o(.revsh_text), (4 bytes).
    Removing menu.o(.rrx_text), (6 bytes).
    Removing dadd.o(.text), (334 bytes).
    Removing dmul.o(.text), (228 bytes).
    Removing ddiv.o(.text), (222 bytes).
    Removing dfixul.o(.text), (48 bytes).
    Removing cdrcmple.o(.text), (48 bytes).
    Removing depilogue.o(.text), (186 bytes).

467 unused section(s) (total 30369 bytes) removed from the image.

==============================================================================

Image Symbol Table

    Local Symbols

    Symbol Name                              Value     Ov Type        Size  Object(Section)

    ../Core/Src/adc.c                        0x00000000   Number         0  adc.o ABSOLUTE
    ../Core/Src/gpio.c                       0x00000000   Number         0  gpio.o ABSOLUTE
    ../Core/Src/iwdg.c                       0x00000000   Number         0  iwdg.o ABSOLUTE
    ../Core/Src/main.c                       0x00000000   Number         0  main.o ABSOLUTE
    ../Core/Src/stm32f1xx_hal_msp.c          0x00000000   Number         0  stm32f1xx_hal_msp.o ABSOLUTE
    ../Core/Src/stm32f1xx_it.c               0x00000000   Number         0  stm32f1xx_it.o ABSOLUTE
    ../Core/Src/system_stm32f1xx.c           0x00000000   Number         0  system_stm32f1xx.o ABSOLUTE
    ../Core/Src/tim.c                        0x00000000   Number         0  tim.o ABSOLUTE
    ../Core/Src/usart.c                      0x00000000   Number         0  usart.o ABSOLUTE
    ../Drivers/STM32F1xx_HAL_Driver/Src/stm32f1xx_hal.c 0x00000000   Number         0  stm32f1xx_hal.o ABSOLUTE
    ../Drivers/STM32F1xx_HAL_Driver/Src/stm32f1xx_hal_adc.c 0x00000000   Number         0  stm32f1xx_hal_adc.o ABSOLUTE
    ../Drivers/STM32F1xx_HAL_Driver/Src/stm32f1xx_hal_adc_ex.c 0x00000000   Number         0  stm32f1xx_hal_adc_ex.o ABSOLUTE
    ../Drivers/STM32F1xx_HAL_Driver/Src/stm32f1xx_hal_cortex.c 0x00000000   Number         0  stm32f1xx_hal_cortex.o ABSOLUTE
    ../Drivers/STM32F1xx_HAL_Driver/Src/stm32f1xx_hal_dma.c 0x00000000   Number         0  stm32f1xx_hal_dma.o ABSOLUTE
    ../Drivers/STM32F1xx_HAL_Driver/Src/stm32f1xx_hal_exti.c 0x00000000   Number         0  stm32f1xx_hal_exti.o ABSOLUTE
    ../Drivers/STM32F1xx_HAL_Driver/Src/stm32f1xx_hal_flash.c 0x00000000   Number         0  stm32f1xx_hal_flash.o ABSOLUTE
    ../Drivers/STM32F1xx_HAL_Driver/Src/stm32f1xx_hal_flash_ex.c 0x00000000   Number         0  stm32f1xx_hal_flash_ex.o ABSOLUTE
    ../Drivers/STM32F1xx_HAL_Driver/Src/stm32f1xx_hal_gpio.c 0x00000000   Number         0  stm32f1xx_hal_gpio.o ABSOLUTE
    ../Drivers/STM32F1xx_HAL_Driver/Src/stm32f1xx_hal_gpio_ex.c 0x00000000   Number         0  stm32f1xx_hal_gpio_ex.o ABSOLUTE
    ../Drivers/STM32F1xx_HAL_Driver/Src/stm32f1xx_hal_iwdg.c 0x00000000   Number         0  stm32f1xx_hal_iwdg.o ABSOLUTE
    ../Drivers/STM32F1xx_HAL_Driver/Src/stm32f1xx_hal_pwr.c 0x00000000   Number         0  stm32f1xx_hal_pwr.o ABSOLUTE
    ../Drivers/STM32F1xx_HAL_Driver/Src/stm32f1xx_hal_rcc.c 0x00000000   Number         0  stm32f1xx_hal_rcc.o ABSOLUTE
    ../Drivers/STM32F1xx_HAL_Driver/Src/stm32f1xx_hal_rcc_ex.c 0x00000000   Number         0  stm32f1xx_hal_rcc_ex.o ABSOLUTE
    ../Drivers/STM32F1xx_HAL_Driver/Src/stm32f1xx_hal_tim.c 0x00000000   Number         0  stm32f1xx_hal_tim.o ABSOLUTE
    ../Drivers/STM32F1xx_HAL_Driver/Src/stm32f1xx_hal_tim_ex.c 0x00000000   Number         0  stm32f1xx_hal_tim_ex.o ABSOLUTE
    ../Drivers/STM32F1xx_HAL_Driver/Src/stm32f1xx_hal_uart.c 0x00000000   Number         0  stm32f1xx_hal_uart.o ABSOLUTE
    ../clib/../cmprslib/zerorunl2.c          0x00000000   Number         0  __dczerorl2.o ABSOLUTE
    ../clib/microlib/division.c              0x00000000   Number         0  uldiv.o ABSOLUTE
    ../clib/microlib/division.c              0x00000000   Number         0  uidiv.o ABSOLUTE
    ../clib/microlib/init/entry.s            0x00000000   Number         0  entry7a.o ABSOLUTE
    ../clib/microlib/init/entry.s            0x00000000   Number         0  entry12a.o ABSOLUTE
    ../clib/microlib/init/entry.s            0x00000000   Number         0  entry11b.o ABSOLUTE
    ../clib/microlib/init/entry.s            0x00000000   Number         0  entry12b.o ABSOLUTE
    ../clib/microlib/init/entry.s            0x00000000   Number         0  entry11a.o ABSOLUTE
    ../clib/microlib/init/entry.s            0x00000000   Number         0  entry10b.o ABSOLUTE
    ../clib/microlib/init/entry.s            0x00000000   Number         0  entry.o ABSOLUTE
    ../clib/microlib/init/entry.s            0x00000000   Number         0  entry10a.o ABSOLUTE
    ../clib/microlib/init/entry.s            0x00000000   Number         0  entry8a.o ABSOLUTE
    ../clib/microlib/init/entry.s            0x00000000   Number         0  entry5.o ABSOLUTE
    ../clib/microlib/init/entry.s            0x00000000   Number         0  entry2.o ABSOLUTE
    ../clib/microlib/init/entry.s            0x00000000   Number         0  entry9b.o ABSOLUTE
    ../clib/microlib/init/entry.s            0x00000000   Number         0  entry9a.o ABSOLUTE
    ../clib/microlib/init/entry.s            0x00000000   Number         0  entry8b.o ABSOLUTE
    ../clib/microlib/init/entry.s            0x00000000   Number         0  entry7b.o ABSOLUTE
    ../clib/microlib/longlong.c              0x00000000   Number         0  llshl.o ABSOLUTE
    ../clib/microlib/longlong.c              0x00000000   Number         0  llushr.o ABSOLUTE
    ../clib/microlib/longlong.c              0x00000000   Number         0  llsshr.o ABSOLUTE
    ../clib/microlib/printf/printf.c         0x00000000   Number         0  printf3.o ABSOLUTE
    ../clib/microlib/printf/printf.c         0x00000000   Number         0  printf2.o ABSOLUTE
    ../clib/microlib/printf/printf.c         0x00000000   Number         0  printf1.o ABSOLUTE
    ../clib/microlib/printf/printf.c         0x00000000   Number         0  printf0.o ABSOLUTE
    ../clib/microlib/printf/printf.c         0x00000000   Number         0  printfb.o ABSOLUTE
    ../clib/microlib/printf/printf.c         0x00000000   Number         0  printfa.o ABSOLUTE
    ../clib/microlib/printf/printf.c         0x00000000   Number         0  printf8.o ABSOLUTE
    ../clib/microlib/printf/printf.c         0x00000000   Number         0  printf7.o ABSOLUTE
    ../clib/microlib/printf/printf.c         0x00000000   Number         0  printf6.o ABSOLUTE
    ../clib/microlib/printf/printf.c         0x00000000   Number         0  printf5.o ABSOLUTE
    ../clib/microlib/printf/printf.c         0x00000000   Number         0  printf4.o ABSOLUTE
    ../clib/microlib/stdio/streams.c         0x00000000   Number         0  stdout.o ABSOLUTE
    ../clib/microlib/string/memset.c         0x00000000   Number         0  memseta.o ABSOLUTE
    ../clib/microlib/stubs.s                 0x00000000   Number         0  iusefp.o ABSOLUTE
    ../fplib/microlib/fpadd.c                0x00000000   Number         0  dadd.o ABSOLUTE
    ../fplib/microlib/fpdiv.c                0x00000000   Number         0  ddiv.o ABSOLUTE
    ../fplib/microlib/fpepilogue.c           0x00000000   Number         0  depilogue.o ABSOLUTE
    ../fplib/microlib/fpfix.c                0x00000000   Number         0  dfixul.o ABSOLUTE
    ../fplib/microlib/fpmul.c                0x00000000   Number         0  dmul.o ABSOLUTE
    ..\Core\MY\Get_ADC_Value.c               0x00000000   Number         0  get_adc_value.o ABSOLUTE
    ..\Core\MY\IIC.c                         0x00000000   Number         0  iic.o ABSOLUTE
    ..\Core\MY\IIC_OLED.c                    0x00000000   Number         0  iic_oled.o ABSOLUTE
    ..\Core\MY\Motor.c                       0x00000000   Number         0  motor.o ABSOLUTE
    ..\Core\MY\User_Function.c               0x00000000   Number         0  user_function.o ABSOLUTE
    ..\Core\MY\User_Scheduler.c              0x00000000   Number         0  user_scheduler.o ABSOLUTE
    ..\Core\MY\key.c                         0x00000000   Number         0  key.o ABSOLUTE
    ..\Core\MY\menu.c                        0x00000000   Number         0  menu.o ABSOLUTE
    ..\Core\Src\adc.c                        0x00000000   Number         0  adc.o ABSOLUTE
    ..\Core\Src\gpio.c                       0x00000000   Number         0  gpio.o ABSOLUTE
    ..\Core\Src\iwdg.c                       0x00000000   Number         0  iwdg.o ABSOLUTE
    ..\Core\Src\main.c                       0x00000000   Number         0  main.o ABSOLUTE
    ..\Core\Src\stm32f1xx_hal_msp.c          0x00000000   Number         0  stm32f1xx_hal_msp.o ABSOLUTE
    ..\Core\Src\stm32f1xx_it.c               0x00000000   Number         0  stm32f1xx_it.o ABSOLUTE
    ..\Core\Src\system_stm32f1xx.c           0x00000000   Number         0  system_stm32f1xx.o ABSOLUTE
    ..\Core\Src\tim.c                        0x00000000   Number         0  tim.o ABSOLUTE
    ..\Core\Src\usart.c                      0x00000000   Number         0  usart.o ABSOLUTE
    ..\Drivers\STM32F1xx_HAL_Driver\Src\stm32f1xx_hal.c 0x00000000   Number         0  stm32f1xx_hal.o ABSOLUTE
    ..\Drivers\STM32F1xx_HAL_Driver\Src\stm32f1xx_hal_adc.c 0x00000000   Number         0  stm32f1xx_hal_adc.o ABSOLUTE
    ..\Drivers\STM32F1xx_HAL_Driver\Src\stm32f1xx_hal_adc_ex.c 0x00000000   Number         0  stm32f1xx_hal_adc_ex.o ABSOLUTE
    ..\Drivers\STM32F1xx_HAL_Driver\Src\stm32f1xx_hal_cortex.c 0x00000000   Number         0  stm32f1xx_hal_cortex.o ABSOLUTE
    ..\Drivers\STM32F1xx_HAL_Driver\Src\stm32f1xx_hal_dma.c 0x00000000   Number         0  stm32f1xx_hal_dma.o ABSOLUTE
    ..\Drivers\STM32F1xx_HAL_Driver\Src\stm32f1xx_hal_exti.c 0x00000000   Number         0  stm32f1xx_hal_exti.o ABSOLUTE
    ..\Drivers\STM32F1xx_HAL_Driver\Src\stm32f1xx_hal_flash.c 0x00000000   Number         0  stm32f1xx_hal_flash.o ABSOLUTE
    ..\Drivers\STM32F1xx_HAL_Driver\Src\stm32f1xx_hal_flash_ex.c 0x00000000   Number         0  stm32f1xx_hal_flash_ex.o ABSOLUTE
    ..\Drivers\STM32F1xx_HAL_Driver\Src\stm32f1xx_hal_gpio.c 0x00000000   Number         0  stm32f1xx_hal_gpio.o ABSOLUTE
    ..\Drivers\STM32F1xx_HAL_Driver\Src\stm32f1xx_hal_gpio_ex.c 0x00000000   Number         0  stm32f1xx_hal_gpio_ex.o ABSOLUTE
    ..\Drivers\STM32F1xx_HAL_Driver\Src\stm32f1xx_hal_iwdg.c 0x00000000   Number         0  stm32f1xx_hal_iwdg.o ABSOLUTE
    ..\Drivers\STM32F1xx_HAL_Driver\Src\stm32f1xx_hal_pwr.c 0x00000000   Number         0  stm32f1xx_hal_pwr.o ABSOLUTE
    ..\Drivers\STM32F1xx_HAL_Driver\Src\stm32f1xx_hal_rcc.c 0x00000000   Number         0  stm32f1xx_hal_rcc.o ABSOLUTE
    ..\Drivers\STM32F1xx_HAL_Driver\Src\stm32f1xx_hal_rcc_ex.c 0x00000000   Number         0  stm32f1xx_hal_rcc_ex.o ABSOLUTE
    ..\Drivers\STM32F1xx_HAL_Driver\Src\stm32f1xx_hal_tim.c 0x00000000   Number         0  stm32f1xx_hal_tim.o ABSOLUTE
    ..\Drivers\STM32F1xx_HAL_Driver\Src\stm32f1xx_hal_tim_ex.c 0x00000000   Number         0  stm32f1xx_hal_tim_ex.o ABSOLUTE
    ..\Drivers\STM32F1xx_HAL_Driver\Src\stm32f1xx_hal_uart.c 0x00000000   Number         0  stm32f1xx_hal_uart.o ABSOLUTE
    ..\\Core\\MY\\Get_ADC_Value.c            0x00000000   Number         0  get_adc_value.o ABSOLUTE
    ..\\Core\\MY\\IIC.c                      0x00000000   Number         0  iic.o ABSOLUTE
    ..\\Core\\MY\\IIC_OLED.c                 0x00000000   Number         0  iic_oled.o ABSOLUTE
    ..\\Core\\MY\\Motor.c                    0x00000000   Number         0  motor.o ABSOLUTE
    ..\\Core\\MY\\User_Function.c            0x00000000   Number         0  user_function.o ABSOLUTE
    ..\\Core\\MY\\User_Scheduler.c           0x00000000   Number         0  user_scheduler.o ABSOLUTE
    ..\\Core\\MY\\key.c                      0x00000000   Number         0  key.o ABSOLUTE
    ..\\Core\\MY\\menu.c                     0x00000000   Number         0  menu.o ABSOLUTE
    cdrcmple.s                               0x00000000   Number         0  cdrcmple.o ABSOLUTE
    dc.s                                     0x00000000   Number         0  dc.o ABSOLUTE
    handlers.s                               0x00000000   Number         0  handlers.o ABSOLUTE
    init.s                                   0x00000000   Number         0  init.o ABSOLUTE
    startup_stm32f103x6.s                    0x00000000   Number         0  startup_stm32f103x6.o ABSOLUTE
    RESET                                    0x08000000   Section      236  startup_stm32f103x6.o(RESET)
    .ARM.Collect$$$$00000000                 0x080000ec   Section        0  entry.o(.ARM.Collect$$$$00000000)
    .ARM.Collect$$$$00000001                 0x080000ec   Section        4  entry2.o(.ARM.Collect$$$$00000001)
    .ARM.Collect$$$$00000004                 0x080000f0   Section        4  entry5.o(.ARM.Collect$$$$00000004)
    .ARM.Collect$$$$00000008                 0x080000f4   Section        0  entry7b.o(.ARM.Collect$$$$00000008)
    .ARM.Collect$$$$0000000A                 0x080000f4   Section        0  entry8b.o(.ARM.Collect$$$$0000000A)
    .ARM.Collect$$$$0000000B                 0x080000f4   Section        8  entry9a.o(.ARM.Collect$$$$0000000B)
    .ARM.Collect$$$$0000000E                 0x080000fc   Section        4  entry12b.o(.ARM.Collect$$$$0000000E)
    .ARM.Collect$$$$0000000F                 0x08000100   Section        0  entry10a.o(.ARM.Collect$$$$0000000F)
    .ARM.Collect$$$$00000011                 0x08000100   Section        0  entry11a.o(.ARM.Collect$$$$00000011)
    .ARM.Collect$$$$00002712                 0x08000100   Section        4  entry2.o(.ARM.Collect$$$$00002712)
    __lit__00000000                          0x08000100   Data           4  entry2.o(.ARM.Collect$$$$00002712)
    .text                                    0x08000104   Section       36  startup_stm32f103x6.o(.text)
    .text                                    0x08000128   Section        0  memseta.o(.text)
    .text                                    0x0800014c   Section       36  init.o(.text)
    .text                                    0x08000170   Section        0  __dczerorl2.o(.text)
    i.ADC_ConversionStop_Disable             0x080001c8   Section        0  stm32f1xx_hal_adc.o(i.ADC_ConversionStop_Disable)
    i.ADC_Enable                             0x08000220   Section        0  stm32f1xx_hal_adc.o(i.ADC_Enable)
    i.BusFault_Handler                       0x0800029c   Section        0  stm32f1xx_it.o(i.BusFault_Handler)
    i.DebugMon_Handler                       0x0800029e   Section        0  stm32f1xx_it.o(i.DebugMon_Handler)
    i.Error_Handler                          0x080002a0   Section        0  main.o(i.Error_Handler)
    i.FuncRun                                0x080002a4   Section        0  user_scheduler.o(i.FuncRun)
    i.HAL_ADCEx_Calibration_Start            0x080002f0   Section        0  stm32f1xx_hal_adc_ex.o(i.HAL_ADCEx_Calibration_Start)
    i.HAL_ADC_ConfigChannel                  0x080003c8   Section        0  stm32f1xx_hal_adc.o(i.HAL_ADC_ConfigChannel)
    i.HAL_ADC_Init                           0x080004c4   Section        0  stm32f1xx_hal_adc.o(i.HAL_ADC_Init)
    i.HAL_ADC_MspInit                        0x080005e0   Section        0  adc.o(i.HAL_ADC_MspInit)
    i.HAL_DMA_Abort                          0x08000658   Section        0  stm32f1xx_hal_dma.o(i.HAL_DMA_Abort)
    i.HAL_DMA_Abort_IT                       0x080006a0   Section        0  stm32f1xx_hal_dma.o(i.HAL_DMA_Abort_IT)
    i.HAL_Delay                              0x08000738   Section        0  stm32f1xx_hal.o(i.HAL_Delay)
    i.HAL_GPIO_Init                          0x0800075c   Section        0  stm32f1xx_hal_gpio.o(i.HAL_GPIO_Init)
    i.HAL_GPIO_ReadPin                       0x0800091c   Section        0  stm32f1xx_hal_gpio.o(i.HAL_GPIO_ReadPin)
    i.HAL_GPIO_TogglePin                     0x08000926   Section        0  stm32f1xx_hal_gpio.o(i.HAL_GPIO_TogglePin)
    i.HAL_GPIO_WritePin                      0x08000936   Section        0  stm32f1xx_hal_gpio.o(i.HAL_GPIO_WritePin)
    i.HAL_GetTick                            0x08000940   Section        0  stm32f1xx_hal.o(i.HAL_GetTick)
    i.HAL_IWDG_Init                          0x0800094c   Section        0  stm32f1xx_hal_iwdg.o(i.HAL_IWDG_Init)
    i.HAL_IWDG_Refresh                       0x080009a6   Section        0  stm32f1xx_hal_iwdg.o(i.HAL_IWDG_Refresh)
    i.HAL_IncTick                            0x080009b4   Section        0  stm32f1xx_hal.o(i.HAL_IncTick)
    i.HAL_Init                               0x080009c4   Section        0  stm32f1xx_hal.o(i.HAL_Init)
    i.HAL_InitTick                           0x080009e8   Section        0  stm32f1xx_hal.o(i.HAL_InitTick)
    i.HAL_MspInit                            0x08000a28   Section        0  stm32f1xx_hal_msp.o(i.HAL_MspInit)
    i.HAL_NVIC_EnableIRQ                     0x08000a64   Section        0  stm32f1xx_hal_cortex.o(i.HAL_NVIC_EnableIRQ)
    i.HAL_NVIC_SetPriority                   0x08000a80   Section        0  stm32f1xx_hal_cortex.o(i.HAL_NVIC_SetPriority)
    i.HAL_NVIC_SetPriorityGrouping           0x08000ac0   Section        0  stm32f1xx_hal_cortex.o(i.HAL_NVIC_SetPriorityGrouping)
    i.HAL_RCCEx_GetPeriphCLKFreq             0x08000ae4   Section        0  stm32f1xx_hal_rcc_ex.o(i.HAL_RCCEx_GetPeriphCLKFreq)
    i.HAL_RCCEx_PeriphCLKConfig              0x08000bac   Section        0  stm32f1xx_hal_rcc_ex.o(i.HAL_RCCEx_PeriphCLKConfig)
    i.HAL_RCC_ClockConfig                    0x08000c98   Section        0  stm32f1xx_hal_rcc.o(i.HAL_RCC_ClockConfig)
    i.HAL_RCC_GetPCLK1Freq                   0x08000dc4   Section        0  stm32f1xx_hal_rcc.o(i.HAL_RCC_GetPCLK1Freq)
    i.HAL_RCC_GetPCLK2Freq                   0x08000de4   Section        0  stm32f1xx_hal_rcc.o(i.HAL_RCC_GetPCLK2Freq)
    i.HAL_RCC_GetSysClockFreq                0x08000e04   Section        0  stm32f1xx_hal_rcc.o(i.HAL_RCC_GetSysClockFreq)
    i.HAL_RCC_OscConfig                      0x08000e70   Section        0  stm32f1xx_hal_rcc.o(i.HAL_RCC_OscConfig)
    i.HAL_SYSTICK_Config                     0x08001190   Section        0  stm32f1xx_hal_cortex.o(i.HAL_SYSTICK_Config)
    i.HAL_TIMEx_BreakCallback                0x080011b8   Section        0  stm32f1xx_hal_tim_ex.o(i.HAL_TIMEx_BreakCallback)
    i.HAL_TIMEx_CommutCallback               0x080011ba   Section        0  stm32f1xx_hal_tim_ex.o(i.HAL_TIMEx_CommutCallback)
    i.HAL_TIMEx_MasterConfigSynchronization  0x080011bc   Section        0  stm32f1xx_hal_tim_ex.o(i.HAL_TIMEx_MasterConfigSynchronization)
    i.HAL_TIM_Base_Init                      0x0800121c   Section        0  stm32f1xx_hal_tim.o(i.HAL_TIM_Base_Init)
    i.HAL_TIM_Base_MspInit                   0x08001278   Section        0  tim.o(i.HAL_TIM_Base_MspInit)
    i.HAL_TIM_Base_Start_IT                  0x080012c8   Section        0  stm32f1xx_hal_tim.o(i.HAL_TIM_Base_Start_IT)
    i.HAL_TIM_ConfigClockSource              0x08001318   Section        0  stm32f1xx_hal_tim.o(i.HAL_TIM_ConfigClockSource)
    i.HAL_TIM_Encoder_Init                   0x080013ee   Section        0  stm32f1xx_hal_tim.o(i.HAL_TIM_Encoder_Init)
    i.HAL_TIM_Encoder_MspInit                0x08001494   Section        0  tim.o(i.HAL_TIM_Encoder_MspInit)
    i.HAL_TIM_Encoder_Start                  0x080014f8   Section        0  stm32f1xx_hal_tim.o(i.HAL_TIM_Encoder_Start)
    i.HAL_TIM_IC_CaptureCallback             0x08001586   Section        0  stm32f1xx_hal_tim.o(i.HAL_TIM_IC_CaptureCallback)
    i.HAL_TIM_IRQHandler                     0x08001588   Section        0  stm32f1xx_hal_tim.o(i.HAL_TIM_IRQHandler)
    i.HAL_TIM_OC_DelayElapsedCallback        0x080016ee   Section        0  stm32f1xx_hal_tim.o(i.HAL_TIM_OC_DelayElapsedCallback)
    i.HAL_TIM_PWM_PulseFinishedCallback      0x080016f0   Section        0  stm32f1xx_hal_tim.o(i.HAL_TIM_PWM_PulseFinishedCallback)
    i.HAL_TIM_PeriodElapsedCallback          0x080016f4   Section        0  main.o(i.HAL_TIM_PeriodElapsedCallback)
    i.HAL_TIM_TriggerCallback                0x08001730   Section        0  stm32f1xx_hal_tim.o(i.HAL_TIM_TriggerCallback)
    i.HAL_UARTEx_RxEventCallback             0x08001732   Section        0  stm32f1xx_hal_uart.o(i.HAL_UARTEx_RxEventCallback)
    i.HAL_UART_ErrorCallback                 0x08001734   Section        0  stm32f1xx_hal_uart.o(i.HAL_UART_ErrorCallback)
    i.HAL_UART_IRQHandler                    0x08001738   Section        0  stm32f1xx_hal_uart.o(i.HAL_UART_IRQHandler)
    i.HAL_UART_Init                          0x08001944   Section        0  stm32f1xx_hal_uart.o(i.HAL_UART_Init)
    i.HAL_UART_MspInit                       0x080019a8   Section        0  usart.o(i.HAL_UART_MspInit)
    i.HAL_UART_RxCpltCallback                0x08001a28   Section        0  stm32f1xx_hal_uart.o(i.HAL_UART_RxCpltCallback)
    i.HAL_UART_Transmit                      0x08001a2c   Section        0  stm32f1xx_hal_uart.o(i.HAL_UART_Transmit)
    i.HAL_UART_TxCpltCallback                0x08001ade   Section        0  stm32f1xx_hal_uart.o(i.HAL_UART_TxCpltCallback)
    i.HardFault_Handler                      0x08001ae0   Section        0  stm32f1xx_it.o(i.HardFault_Handler)
    i.I2C_Delay                              0x08001ae2   Section        0  iic.o(i.I2C_Delay)
    I2C_Delay                                0x08001ae3   Thumb Code    12  iic.o(i.I2C_Delay)
    i.I2C_InitGPIO                           0x08001af0   Section        0  iic.o(i.I2C_InitGPIO)
    i.I2C_SendByte                           0x08001b40   Section        0  iic.o(i.I2C_SendByte)
    i.I2C_Start                              0x08001bac   Section        0  iic.o(i.I2C_Start)
    i.I2C_Stop                               0x08001bf4   Section        0  iic.o(i.I2C_Stop)
    i.I2C_WaitAck                            0x08001c28   Section        0  iic.o(i.I2C_WaitAck)
    i.Key_scan                               0x08001c78   Section        0  key.o(i.Key_scan)
    i.MX_ADC1_Init                           0x08001ce0   Section        0  adc.o(i.MX_ADC1_Init)
    i.MX_GPIO_Init                           0x08001d70   Section        0  gpio.o(i.MX_GPIO_Init)
    i.MX_IWDG_Init                           0x08001e1c   Section        0  iwdg.o(i.MX_IWDG_Init)
    i.MX_TIM1_Init                           0x08001e48   Section        0  tim.o(i.MX_TIM1_Init)
    i.MX_TIM2_Init                           0x08001eb0   Section        0  tim.o(i.MX_TIM2_Init)
    i.MX_TIM3_Init                           0x08001f18   Section        0  tim.o(i.MX_TIM3_Init)
    i.MX_USART2_UART_Init                    0x08001f84   Section        0  usart.o(i.MX_USART2_UART_Init)
    i.MemManage_Handler                      0x08001fbc   Section        0  stm32f1xx_it.o(i.MemManage_Handler)
    i.Mune                                   0x08001fc0   Section        0  user_function.o(i.Mune)
    i.NMI_Handler                            0x08002038   Section        0  stm32f1xx_it.o(i.NMI_Handler)
    i.OLED_CLS                               0x0800203a   Section        0  iic_oled.o(i.OLED_CLS)
    i.OLED_DrawBMP                           0x08002040   Section        0  iic_oled.o(i.OLED_DrawBMP)
    i.OLED_Fill                              0x08002080   Section        0  iic_oled.o(i.OLED_Fill)
    i.OLED_Init                              0x080020b8   Section        0  iic_oled.o(i.OLED_Init)
    i.OLED_SetPos                            0x08002170   Section        0  iic_oled.o(i.OLED_SetPos)
    i.OLED_ShowChar                          0x08002198   Section        0  iic_oled.o(i.OLED_ShowChar)
    i.OLED_ShowNum                           0x08002220   Section        0  iic_oled.o(i.OLED_ShowNum)
    i.OLED_ShowStr                           0x0800228c   Section        0  iic_oled.o(i.OLED_ShowStr)
    i.PendSV_Handler                         0x08002364   Section        0  stm32f1xx_it.o(i.PendSV_Handler)
    i.SVC_Handler                            0x08002366   Section        0  stm32f1xx_it.o(i.SVC_Handler)
    i.Schedule                               0x08002368   Section        0  user_scheduler.o(i.Schedule)
    i.SysTick_Handler                        0x080023dc   Section        0  stm32f1xx_it.o(i.SysTick_Handler)
    i.SystemClock_Config                     0x080023e0   Section        0  main.o(i.SystemClock_Config)
    i.SystemInit                             0x08002460   Section        0  system_stm32f1xx.o(i.SystemInit)
    i.TIM2_IRQHandler                        0x08002464   Section        0  stm32f1xx_it.o(i.TIM2_IRQHandler)
    i.TIM3_IRQHandler                        0x08002470   Section        0  stm32f1xx_it.o(i.TIM3_IRQHandler)
    i.TIM_Base_SetConfig                     0x0800247c   Section        0  stm32f1xx_hal_tim.o(i.TIM_Base_SetConfig)
    i.TIM_CCxChannelCmd                      0x080024d8   Section        0  stm32f1xx_hal_tim.o(i.TIM_CCxChannelCmd)
    i.TIM_ETR_SetConfig                      0x080024f2   Section        0  stm32f1xx_hal_tim.o(i.TIM_ETR_SetConfig)
    i.TIM_ITRx_SetConfig                     0x08002506   Section        0  stm32f1xx_hal_tim.o(i.TIM_ITRx_SetConfig)
    TIM_ITRx_SetConfig                       0x08002507   Thumb Code    16  stm32f1xx_hal_tim.o(i.TIM_ITRx_SetConfig)
    i.TIM_TI1_ConfigInputStage               0x08002516   Section        0  stm32f1xx_hal_tim.o(i.TIM_TI1_ConfigInputStage)
    TIM_TI1_ConfigInputStage                 0x08002517   Thumb Code    34  stm32f1xx_hal_tim.o(i.TIM_TI1_ConfigInputStage)
    i.TIM_TI2_ConfigInputStage               0x08002538   Section        0  stm32f1xx_hal_tim.o(i.TIM_TI2_ConfigInputStage)
    TIM_TI2_ConfigInputStage                 0x08002539   Thumb Code    36  stm32f1xx_hal_tim.o(i.TIM_TI2_ConfigInputStage)
    i.UART_DMAAbortOnError                   0x0800255c   Section        0  stm32f1xx_hal_uart.o(i.UART_DMAAbortOnError)
    UART_DMAAbortOnError                     0x0800255d   Thumb Code    16  stm32f1xx_hal_uart.o(i.UART_DMAAbortOnError)
    i.UART_EndRxTransfer                     0x0800256c   Section        0  stm32f1xx_hal_uart.o(i.UART_EndRxTransfer)
    UART_EndRxTransfer                       0x0800256d   Thumb Code    48  stm32f1xx_hal_uart.o(i.UART_EndRxTransfer)
    i.UART_Receive_IT                        0x0800259c   Section        0  stm32f1xx_hal_uart.o(i.UART_Receive_IT)
    UART_Receive_IT                          0x0800259d   Thumb Code   182  stm32f1xx_hal_uart.o(i.UART_Receive_IT)
    i.UART_SetConfig                         0x08002654   Section        0  stm32f1xx_hal_uart.o(i.UART_SetConfig)
    UART_SetConfig                           0x08002655   Thumb Code   178  stm32f1xx_hal_uart.o(i.UART_SetConfig)
    i.UART_WaitOnFlagUntilTimeout            0x0800270c   Section        0  stm32f1xx_hal_uart.o(i.UART_WaitOnFlagUntilTimeout)
    UART_WaitOnFlagUntilTimeout              0x0800270d   Thumb Code   100  stm32f1xx_hal_uart.o(i.UART_WaitOnFlagUntilTimeout)
    i.USART2_IRQHandler                      0x08002770   Section        0  stm32f1xx_it.o(i.USART2_IRQHandler)
    i.UsageFault_Handler                     0x0800277c   Section        0  stm32f1xx_it.o(i.UsageFault_Handler)
    i.WriteCmd                               0x0800277e   Section        0  iic_oled.o(i.WriteCmd)
    i.WriteDat                               0x08002788   Section        0  iic_oled.o(i.WriteDat)
    i.__0printf$bare                         0x08002794   Section        0  printfb.o(i.__0printf$bare)
    i.__NVIC_SetPriority                     0x080027a4   Section        0  stm32f1xx_hal_cortex.o(i.__NVIC_SetPriority)
    __NVIC_SetPriority                       0x080027a5   Thumb Code    32  stm32f1xx_hal_cortex.o(i.__NVIC_SetPriority)
    i.__scatterload_copy                     0x080027c4   Section       14  handlers.o(i.__scatterload_copy)
    i.__scatterload_null                     0x080027d2   Section        2  handlers.o(i.__scatterload_null)
    i.__scatterload_zeroinit                 0x080027d4   Section       14  handlers.o(i.__scatterload_zeroinit)
    i._printf_core                           0x080027e2   Section        0  printfb.o(i._printf_core)
    _printf_core                             0x080027e3   Thumb Code    34  printfb.o(i._printf_core)
    i.display_UI                             0x08002804   Section        0  user_function.o(i.display_UI)
    i.fputc                                  0x0800282c   Section        0  main.o(i.fputc)
    i.fun_0                                  0x08002848   Section        0  menu.o(i.fun_0)
    i.fun_a1                                 0x08002860   Section        0  menu.o(i.fun_a1)
    i.fun_a21                                0x080028e0   Section        0  menu.o(i.fun_a21)
    i.fun_a22                                0x08002948   Section        0  menu.o(i.fun_a22)
    i.fun_b1                                 0x080029b0   Section        0  menu.o(i.fun_b1)
    i.fun_b21                                0x08002a30   Section        0  menu.o(i.fun_b21)
    i.fun_b22                                0x08002a70   Section        0  menu.o(i.fun_b22)
    i.fun_b23                                0x08002aa4   Section        0  menu.o(i.fun_b23)
    i.fun_c1                                 0x08002ae4   Section        0  menu.o(i.fun_c1)
    i.fun_c21                                0x08002b64   Section        0  menu.o(i.fun_c21)
    i.fun_d1                                 0x08002bdc   Section        0  menu.o(i.fun_d1)
    i.fun_d21                                0x08002c5c   Section        0  menu.o(i.fun_d21)
    i.main                                   0x08002c94   Section        0  main.o(i.main)
    i.mypow                                  0x08002d60   Section        0  iic_oled.o(i.mypow)
    i.write_i2c                              0x08002d70   Section        0  iic.o(i.write_i2c)
    .constdata                               0x08002da2   Section       16  system_stm32f1xx.o(.constdata)
    .constdata                               0x08002db2   Section        8  system_stm32f1xx.o(.constdata)
    .constdata                               0x08002dba   Section     2776  iic_oled.o(.constdata)
    .data                                    0x20000000   Section     1025  main.o(.data)
    .data                                    0x20000404   Section       12  stm32f1xx_hal.o(.data)
    .data                                    0x20000410   Section        4  system_stm32f1xx.o(.data)
    .data                                    0x20000414   Section        8  user_function.o(.data)
    .data                                    0x2000041c   Section        1  user_function.o(.data)
    .data                                    0x20000420   Section       11  user_scheduler.o(.data)
    .data                                    0x2000042c   Section      144  menu.o(.data)
    .data                                    0x200004bc   Section        4  stdout.o(.data)
    .bss                                     0x200004c0   Section       48  adc.o(.bss)
    .bss                                     0x200004f0   Section       12  iwdg.o(.bss)
    .bss                                     0x200004fc   Section      216  tim.o(.bss)
    .bss                                     0x200005d4   Section       68  usart.o(.bss)
    STACK                                    0x20000618   Section     1024  startup_stm32f103x6.o(STACK)

    Global Symbols

    Symbol Name                              Value     Ov Type        Size  Object(Section)

    BuildAttributes$$THM_ISAv4$P$D$K$B$S$PE$A:L22UL41UL21$X:L11$S22US41US21$IEEE1$IW$USESV6$~STKCKD$USESV7$~SHL$OSPACE$ROPI$EBA8$MICROLIB$REQ8$PRES8$EABIv2 0x00000000   Number         0  anon$$obj.o ABSOLUTE
    __ARM_use_no_argv                        0x00000000   Number         0  main.o ABSOLUTE
    __arm_fini_                               - Undefined Weak Reference
    __cpp_initialize__aeabi_                  - Undefined Weak Reference
    __cxa_finalize                            - Undefined Weak Reference
    _clock_init                               - Undefined Weak Reference
    _microlib_exit                            - Undefined Weak Reference
    __Vectors_Size                           0x000000ec   Number         0  startup_stm32f103x6.o ABSOLUTE
    __Vectors                                0x08000000   Data           4  startup_stm32f103x6.o(RESET)
    __Vectors_End                            0x080000ec   Data           0  startup_stm32f103x6.o(RESET)
    __main                                   0x080000ed   Thumb Code     0  entry.o(.ARM.Collect$$$$00000000)
    _main_stk                                0x080000ed   Thumb Code     0  entry2.o(.ARM.Collect$$$$00000001)
    _main_scatterload                        0x080000f1   Thumb Code     0  entry5.o(.ARM.Collect$$$$00000004)
    __main_after_scatterload                 0x080000f5   Thumb Code     0  entry5.o(.ARM.Collect$$$$00000004)
    _main_clock                              0x080000f5   Thumb Code     0  entry7b.o(.ARM.Collect$$$$00000008)
    _main_cpp_init                           0x080000f5   Thumb Code     0  entry8b.o(.ARM.Collect$$$$0000000A)
    _main_init                               0x080000f5   Thumb Code     0  entry9a.o(.ARM.Collect$$$$0000000B)
    __rt_lib_shutdown_fini                   0x080000fd   Thumb Code     0  entry12b.o(.ARM.Collect$$$$0000000E)
    __rt_final_cpp                           0x08000101   Thumb Code     0  entry10a.o(.ARM.Collect$$$$0000000F)
    __rt_final_exit                          0x08000101   Thumb Code     0  entry11a.o(.ARM.Collect$$$$00000011)
    Reset_Handler                            0x08000105   Thumb Code     8  startup_stm32f103x6.o(.text)
    ADC1_2_IRQHandler                        0x0800011f   Thumb Code     0  startup_stm32f103x6.o(.text)
    CAN1_RX1_IRQHandler                      0x0800011f   Thumb Code     0  startup_stm32f103x6.o(.text)
    CAN1_SCE_IRQHandler                      0x0800011f   Thumb Code     0  startup_stm32f103x6.o(.text)
    DMA1_Channel1_IRQHandler                 0x0800011f   Thumb Code     0  startup_stm32f103x6.o(.text)
    DMA1_Channel2_IRQHandler                 0x0800011f   Thumb Code     0  startup_stm32f103x6.o(.text)
    DMA1_Channel3_IRQHandler                 0x0800011f   Thumb Code     0  startup_stm32f103x6.o(.text)
    DMA1_Channel4_IRQHandler                 0x0800011f   Thumb Code     0  startup_stm32f103x6.o(.text)
    DMA1_Channel5_IRQHandler                 0x0800011f   Thumb Code     0  startup_stm32f103x6.o(.text)
    DMA1_Channel6_IRQHandler                 0x0800011f   Thumb Code     0  startup_stm32f103x6.o(.text)
    DMA1_Channel7_IRQHandler                 0x0800011f   Thumb Code     0  startup_stm32f103x6.o(.text)
    EXTI0_IRQHandler                         0x0800011f   Thumb Code     0  startup_stm32f103x6.o(.text)
    EXTI15_10_IRQHandler                     0x0800011f   Thumb Code     0  startup_stm32f103x6.o(.text)
    EXTI1_IRQHandler                         0x0800011f   Thumb Code     0  startup_stm32f103x6.o(.text)
    EXTI2_IRQHandler                         0x0800011f   Thumb Code     0  startup_stm32f103x6.o(.text)
    EXTI3_IRQHandler                         0x0800011f   Thumb Code     0  startup_stm32f103x6.o(.text)
    EXTI4_IRQHandler                         0x0800011f   Thumb Code     0  startup_stm32f103x6.o(.text)
    EXTI9_5_IRQHandler                       0x0800011f   Thumb Code     0  startup_stm32f103x6.o(.text)
    FLASH_IRQHandler                         0x0800011f   Thumb Code     0  startup_stm32f103x6.o(.text)
    I2C1_ER_IRQHandler                       0x0800011f   Thumb Code     0  startup_stm32f103x6.o(.text)
    I2C1_EV_IRQHandler                       0x0800011f   Thumb Code     0  startup_stm32f103x6.o(.text)
    PVD_IRQHandler                           0x0800011f   Thumb Code     0  startup_stm32f103x6.o(.text)
    RCC_IRQHandler                           0x0800011f   Thumb Code     0  startup_stm32f103x6.o(.text)
    RTC_Alarm_IRQHandler                     0x0800011f   Thumb Code     0  startup_stm32f103x6.o(.text)
    RTC_IRQHandler                           0x0800011f   Thumb Code     0  startup_stm32f103x6.o(.text)
    SPI1_IRQHandler                          0x0800011f   Thumb Code     0  startup_stm32f103x6.o(.text)
    TAMPER_IRQHandler                        0x0800011f   Thumb Code     0  startup_stm32f103x6.o(.text)
    TIM1_BRK_IRQHandler                      0x0800011f   Thumb Code     0  startup_stm32f103x6.o(.text)
    TIM1_CC_IRQHandler                       0x0800011f   Thumb Code     0  startup_stm32f103x6.o(.text)
    TIM1_TRG_COM_IRQHandler                  0x0800011f   Thumb Code     0  startup_stm32f103x6.o(.text)
    TIM1_UP_IRQHandler                       0x0800011f   Thumb Code     0  startup_stm32f103x6.o(.text)
    USART1_IRQHandler                        0x0800011f   Thumb Code     0  startup_stm32f103x6.o(.text)
    USBWakeUp_IRQHandler                     0x0800011f   Thumb Code     0  startup_stm32f103x6.o(.text)
    USB_HP_CAN1_TX_IRQHandler                0x0800011f   Thumb Code     0  startup_stm32f103x6.o(.text)
    USB_LP_CAN1_RX0_IRQHandler               0x0800011f   Thumb Code     0  startup_stm32f103x6.o(.text)
    WWDG_IRQHandler                          0x0800011f   Thumb Code     0  startup_stm32f103x6.o(.text)
    __aeabi_memset                           0x08000129   Thumb Code    14  memseta.o(.text)
    __aeabi_memset4                          0x08000129   Thumb Code     0  memseta.o(.text)
    __aeabi_memset8                          0x08000129   Thumb Code     0  memseta.o(.text)
    __aeabi_memclr                           0x08000137   Thumb Code     4  memseta.o(.text)
    __aeabi_memclr4                          0x08000137   Thumb Code     0  memseta.o(.text)
    __aeabi_memclr8                          0x08000137   Thumb Code     0  memseta.o(.text)
    _memset$wrapper                          0x0800013b   Thumb Code    18  memseta.o(.text)
    __scatterload                            0x0800014d   Thumb Code    28  init.o(.text)
    __scatterload_rt2                        0x0800014d   Thumb Code     0  init.o(.text)
    __decompress                             0x08000171   Thumb Code     0  __dczerorl2.o(.text)
    __decompress1                            0x08000171   Thumb Code    86  __dczerorl2.o(.text)
    ADC_ConversionStop_Disable               0x080001c9   Thumb Code    86  stm32f1xx_hal_adc.o(i.ADC_ConversionStop_Disable)
    ADC_Enable                               0x08000221   Thumb Code   114  stm32f1xx_hal_adc.o(i.ADC_Enable)
    BusFault_Handler                         0x0800029d   Thumb Code     2  stm32f1xx_it.o(i.BusFault_Handler)
    DebugMon_Handler                         0x0800029f   Thumb Code     2  stm32f1xx_it.o(i.DebugMon_Handler)
    Error_Handler                            0x080002a1   Thumb Code     4  main.o(i.Error_Handler)
    FuncRun                                  0x080002a5   Thumb Code    66  user_scheduler.o(i.FuncRun)
    HAL_ADCEx_Calibration_Start              0x080002f1   Thumb Code   210  stm32f1xx_hal_adc_ex.o(i.HAL_ADCEx_Calibration_Start)
    HAL_ADC_ConfigChannel                    0x080003c9   Thumb Code   240  stm32f1xx_hal_adc.o(i.HAL_ADC_ConfigChannel)
    HAL_ADC_Init                             0x080004c5   Thumb Code   272  stm32f1xx_hal_adc.o(i.HAL_ADC_Init)
    HAL_ADC_MspInit                          0x080005e1   Thumb Code   102  adc.o(i.HAL_ADC_MspInit)
    HAL_DMA_Abort                            0x08000659   Thumb Code    70  stm32f1xx_hal_dma.o(i.HAL_DMA_Abort)
    HAL_DMA_Abort_IT                         0x080006a1   Thumb Code   148  stm32f1xx_hal_dma.o(i.HAL_DMA_Abort_IT)
    HAL_Delay                                0x08000739   Thumb Code    32  stm32f1xx_hal.o(i.HAL_Delay)
    HAL_GPIO_Init                            0x0800075d   Thumb Code   418  stm32f1xx_hal_gpio.o(i.HAL_GPIO_Init)
    HAL_GPIO_ReadPin                         0x0800091d   Thumb Code    10  stm32f1xx_hal_gpio.o(i.HAL_GPIO_ReadPin)
    HAL_GPIO_TogglePin                       0x08000927   Thumb Code    16  stm32f1xx_hal_gpio.o(i.HAL_GPIO_TogglePin)
    HAL_GPIO_WritePin                        0x08000937   Thumb Code    10  stm32f1xx_hal_gpio.o(i.HAL_GPIO_WritePin)
    HAL_GetTick                              0x08000941   Thumb Code     6  stm32f1xx_hal.o(i.HAL_GetTick)
    HAL_IWDG_Init                            0x0800094d   Thumb Code    90  stm32f1xx_hal_iwdg.o(i.HAL_IWDG_Init)
    HAL_IWDG_Refresh                         0x080009a7   Thumb Code    12  stm32f1xx_hal_iwdg.o(i.HAL_IWDG_Refresh)
    HAL_IncTick                              0x080009b5   Thumb Code    12  stm32f1xx_hal.o(i.HAL_IncTick)
    HAL_Init                                 0x080009c5   Thumb Code    32  stm32f1xx_hal.o(i.HAL_Init)
    HAL_InitTick                             0x080009e9   Thumb Code    54  stm32f1xx_hal.o(i.HAL_InitTick)
    HAL_MspInit                              0x08000a29   Thumb Code    52  stm32f1xx_hal_msp.o(i.HAL_MspInit)
    HAL_NVIC_EnableIRQ                       0x08000a65   Thumb Code    26  stm32f1xx_hal_cortex.o(i.HAL_NVIC_EnableIRQ)
    HAL_NVIC_SetPriority                     0x08000a81   Thumb Code    60  stm32f1xx_hal_cortex.o(i.HAL_NVIC_SetPriority)
    HAL_NVIC_SetPriorityGrouping             0x08000ac1   Thumb Code    26  stm32f1xx_hal_cortex.o(i.HAL_NVIC_SetPriorityGrouping)
    HAL_RCCEx_GetPeriphCLKFreq               0x08000ae5   Thumb Code   166  stm32f1xx_hal_rcc_ex.o(i.HAL_RCCEx_GetPeriphCLKFreq)
    HAL_RCCEx_PeriphCLKConfig                0x08000bad   Thumb Code   224  stm32f1xx_hal_rcc_ex.o(i.HAL_RCCEx_PeriphCLKConfig)
    HAL_RCC_ClockConfig                      0x08000c99   Thumb Code   280  stm32f1xx_hal_rcc.o(i.HAL_RCC_ClockConfig)
    HAL_RCC_GetPCLK1Freq                     0x08000dc5   Thumb Code    20  stm32f1xx_hal_rcc.o(i.HAL_RCC_GetPCLK1Freq)
    HAL_RCC_GetPCLK2Freq                     0x08000de5   Thumb Code    20  stm32f1xx_hal_rcc.o(i.HAL_RCC_GetPCLK2Freq)
    HAL_RCC_GetSysClockFreq                  0x08000e05   Thumb Code    74  stm32f1xx_hal_rcc.o(i.HAL_RCC_GetSysClockFreq)
    HAL_RCC_OscConfig                        0x08000e71   Thumb Code   778  stm32f1xx_hal_rcc.o(i.HAL_RCC_OscConfig)
    HAL_SYSTICK_Config                       0x08001191   Thumb Code    40  stm32f1xx_hal_cortex.o(i.HAL_SYSTICK_Config)
    HAL_TIMEx_BreakCallback                  0x080011b9   Thumb Code     2  stm32f1xx_hal_tim_ex.o(i.HAL_TIMEx_BreakCallback)
    HAL_TIMEx_CommutCallback                 0x080011bb   Thumb Code     2  stm32f1xx_hal_tim_ex.o(i.HAL_TIMEx_CommutCallback)
    HAL_TIMEx_MasterConfigSynchronization    0x080011bd   Thumb Code    86  stm32f1xx_hal_tim_ex.o(i.HAL_TIMEx_MasterConfigSynchronization)
    HAL_TIM_Base_Init                        0x0800121d   Thumb Code    90  stm32f1xx_hal_tim.o(i.HAL_TIM_Base_Init)
    HAL_TIM_Base_MspInit                     0x08001279   Thumb Code    72  tim.o(i.HAL_TIM_Base_MspInit)
    HAL_TIM_Base_Start_IT                    0x080012c9   Thumb Code    70  stm32f1xx_hal_tim.o(i.HAL_TIM_Base_Start_IT)
    HAL_TIM_ConfigClockSource                0x08001319   Thumb Code   214  stm32f1xx_hal_tim.o(i.HAL_TIM_ConfigClockSource)
    HAL_TIM_Encoder_Init                     0x080013ef   Thumb Code   164  stm32f1xx_hal_tim.o(i.HAL_TIM_Encoder_Init)
    HAL_TIM_Encoder_MspInit                  0x08001495   Thumb Code    88  tim.o(i.HAL_TIM_Encoder_MspInit)
    HAL_TIM_Encoder_Start                    0x080014f9   Thumb Code   142  stm32f1xx_hal_tim.o(i.HAL_TIM_Encoder_Start)
    HAL_TIM_IC_CaptureCallback               0x08001587   Thumb Code     2  stm32f1xx_hal_tim.o(i.HAL_TIM_IC_CaptureCallback)
    HAL_TIM_IRQHandler                       0x08001589   Thumb Code   358  stm32f1xx_hal_tim.o(i.HAL_TIM_IRQHandler)
    HAL_TIM_OC_DelayElapsedCallback          0x080016ef   Thumb Code     2  stm32f1xx_hal_tim.o(i.HAL_TIM_OC_DelayElapsedCallback)
    HAL_TIM_PWM_PulseFinishedCallback        0x080016f1   Thumb Code     2  stm32f1xx_hal_tim.o(i.HAL_TIM_PWM_PulseFinishedCallback)
    HAL_TIM_PeriodElapsedCallback            0x080016f5   Thumb Code    44  main.o(i.HAL_TIM_PeriodElapsedCallback)
    HAL_TIM_TriggerCallback                  0x08001731   Thumb Code     2  stm32f1xx_hal_tim.o(i.HAL_TIM_TriggerCallback)
    HAL_UARTEx_RxEventCallback               0x08001733   Thumb Code     2  stm32f1xx_hal_uart.o(i.HAL_UARTEx_RxEventCallback)
    HAL_UART_ErrorCallback                   0x08001735   Thumb Code     2  stm32f1xx_hal_uart.o(i.HAL_UART_ErrorCallback)
    HAL_UART_IRQHandler                      0x08001739   Thumb Code   520  stm32f1xx_hal_uart.o(i.HAL_UART_IRQHandler)
    HAL_UART_Init                            0x08001945   Thumb Code    98  stm32f1xx_hal_uart.o(i.HAL_UART_Init)
    HAL_UART_MspInit                         0x080019a9   Thumb Code   114  usart.o(i.HAL_UART_MspInit)
    HAL_UART_RxCpltCallback                  0x08001a29   Thumb Code     2  stm32f1xx_hal_uart.o(i.HAL_UART_RxCpltCallback)
    HAL_UART_Transmit                        0x08001a2d   Thumb Code   178  stm32f1xx_hal_uart.o(i.HAL_UART_Transmit)
    HAL_UART_TxCpltCallback                  0x08001adf   Thumb Code     2  stm32f1xx_hal_uart.o(i.HAL_UART_TxCpltCallback)
    HardFault_Handler                        0x08001ae1   Thumb Code     2  stm32f1xx_it.o(i.HardFault_Handler)
    I2C_InitGPIO                             0x08001af1   Thumb Code    68  iic.o(i.I2C_InitGPIO)
    I2C_SendByte                             0x08001b41   Thumb Code    98  iic.o(i.I2C_SendByte)
    I2C_Start                                0x08001bad   Thumb Code    64  iic.o(i.I2C_Start)
    I2C_Stop                                 0x08001bf5   Thumb Code    42  iic.o(i.I2C_Stop)
    I2C_WaitAck                              0x08001c29   Thumb Code    70  iic.o(i.I2C_WaitAck)
    Key_scan                                 0x08001c79   Thumb Code    96  key.o(i.Key_scan)
    MX_ADC1_Init                             0x08001ce1   Thumb Code   136  adc.o(i.MX_ADC1_Init)
    MX_GPIO_Init                             0x08001d71   Thumb Code   160  gpio.o(i.MX_GPIO_Init)
    MX_IWDG_Init                             0x08001e1d   Thumb Code    36  iwdg.o(i.MX_IWDG_Init)
    MX_TIM1_Init                             0x08001e49   Thumb Code    96  tim.o(i.MX_TIM1_Init)
    MX_TIM2_Init                             0x08001eb1   Thumb Code    98  tim.o(i.MX_TIM2_Init)
    MX_TIM3_Init                             0x08001f19   Thumb Code   100  tim.o(i.MX_TIM3_Init)
    MX_USART2_UART_Init                      0x08001f85   Thumb Code    48  usart.o(i.MX_USART2_UART_Init)
    MemManage_Handler                        0x08001fbd   Thumb Code     2  stm32f1xx_it.o(i.MemManage_Handler)
    Mune                                     0x08001fc1   Thumb Code   110  user_function.o(i.Mune)
    NMI_Handler                              0x08002039   Thumb Code     2  stm32f1xx_it.o(i.NMI_Handler)
    OLED_CLS                                 0x0800203b   Thumb Code     6  iic_oled.o(i.OLED_CLS)
    OLED_DrawBMP                             0x08002041   Thumb Code    62  iic_oled.o(i.OLED_DrawBMP)
    OLED_Fill                                0x08002081   Thumb Code    56  iic_oled.o(i.OLED_Fill)
    OLED_Init                                0x080020b9   Thumb Code   184  iic_oled.o(i.OLED_Init)
    OLED_SetPos                              0x08002171   Thumb Code    38  iic_oled.o(i.OLED_SetPos)
    OLED_ShowChar                            0x08002199   Thumb Code   126  iic_oled.o(i.OLED_ShowChar)
    OLED_ShowNum                             0x08002221   Thumb Code   106  iic_oled.o(i.OLED_ShowNum)
    OLED_ShowStr                             0x0800228d   Thumb Code   208  iic_oled.o(i.OLED_ShowStr)
    PendSV_Handler                           0x08002365   Thumb Code     2  stm32f1xx_it.o(i.PendSV_Handler)
    SVC_Handler                              0x08002367   Thumb Code     2  stm32f1xx_it.o(i.SVC_Handler)
    Schedule                                 0x08002369   Thumb Code   106  user_scheduler.o(i.Schedule)
    SysTick_Handler                          0x080023dd   Thumb Code     4  stm32f1xx_it.o(i.SysTick_Handler)
    SystemClock_Config                       0x080023e1   Thumb Code   128  main.o(i.SystemClock_Config)
    SystemInit                               0x08002461   Thumb Code     2  system_stm32f1xx.o(i.SystemInit)
    TIM2_IRQHandler                          0x08002465   Thumb Code     6  stm32f1xx_it.o(i.TIM2_IRQHandler)
    TIM3_IRQHandler                          0x08002471   Thumb Code     6  stm32f1xx_it.o(i.TIM3_IRQHandler)
    TIM_Base_SetConfig                       0x0800247d   Thumb Code    84  stm32f1xx_hal_tim.o(i.TIM_Base_SetConfig)
    TIM_CCxChannelCmd                        0x080024d9   Thumb Code    26  stm32f1xx_hal_tim.o(i.TIM_CCxChannelCmd)
    TIM_ETR_SetConfig                        0x080024f3   Thumb Code    20  stm32f1xx_hal_tim.o(i.TIM_ETR_SetConfig)
    USART2_IRQHandler                        0x08002771   Thumb Code     6  stm32f1xx_it.o(i.USART2_IRQHandler)
    UsageFault_Handler                       0x0800277d   Thumb Code     2  stm32f1xx_it.o(i.UsageFault_Handler)
    WriteCmd                                 0x0800277f   Thumb Code    10  iic_oled.o(i.WriteCmd)
    WriteDat                                 0x08002789   Thumb Code    10  iic_oled.o(i.WriteDat)
    __0printf$bare                           0x08002795   Thumb Code     8  printfb.o(i.__0printf$bare)
    __1printf$bare                           0x08002795   Thumb Code     0  printfb.o(i.__0printf$bare)
    __2printf                                0x08002795   Thumb Code     0  printfb.o(i.__0printf$bare)
    __scatterload_copy                       0x080027c5   Thumb Code    14  handlers.o(i.__scatterload_copy)
    __scatterload_null                       0x080027d3   Thumb Code     2  handlers.o(i.__scatterload_null)
    __scatterload_zeroinit                   0x080027d5   Thumb Code    14  handlers.o(i.__scatterload_zeroinit)
    display_UI                               0x08002805   Thumb Code    30  user_function.o(i.display_UI)
    fputc                                    0x0800282d   Thumb Code    24  main.o(i.fputc)
    fun_0                                    0x08002849   Thumb Code    20  menu.o(i.fun_0)
    fun_a1                                   0x08002861   Thumb Code    66  menu.o(i.fun_a1)
    fun_a21                                  0x080028e1   Thumb Code    54  menu.o(i.fun_a21)
    fun_a22                                  0x08002949   Thumb Code    54  menu.o(i.fun_a22)
    fun_b1                                   0x080029b1   Thumb Code    66  menu.o(i.fun_b1)
    fun_b21                                  0x08002a31   Thumb Code    46  menu.o(i.fun_b21)
    fun_b22                                  0x08002a71   Thumb Code    34  menu.o(i.fun_b22)
    fun_b23                                  0x08002aa5   Thumb Code    48  menu.o(i.fun_b23)
    fun_c1                                   0x08002ae5   Thumb Code    66  menu.o(i.fun_c1)
    fun_c21                                  0x08002b65   Thumb Code    54  menu.o(i.fun_c21)
    fun_d1                                   0x08002bdd   Thumb Code    66  menu.o(i.fun_d1)
    fun_d21                                  0x08002c5d   Thumb Code    30  menu.o(i.fun_d21)
    main                                     0x08002c95   Thumb Code   132  main.o(i.main)
    mypow                                    0x08002d61   Thumb Code    16  iic_oled.o(i.mypow)
    write_i2c                                0x08002d71   Thumb Code    50  iic.o(i.write_i2c)
    AHBPrescTable                            0x08002da2   Data          16  system_stm32f1xx.o(.constdata)
    APBPrescTable                            0x08002db2   Data           8  system_stm32f1xx.o(.constdata)
    F16x16                                   0x08002dba   Data         704  iic_oled.o(.constdata)
    F6x8                                     0x0800307a   Data         552  iic_oled.o(.constdata)
    F8X16                                    0x080032a2   Data        1520  iic_oled.o(.constdata)
    Region$$Table$$Base                      0x08003894   Number         0  anon$$obj.o(Region$$Table)
    Region$$Table$$Limit                     0x080038b4   Number         0  anon$$obj.o(Region$$Table)
    SYS_TIME1S_FLAG                          0x20000000   Data           1  main.o(.data)
    BMP0                                     0x20000001   Data        1024  main.o(.data)
    uwTickFreq                               0x20000404   Data           1  stm32f1xx_hal.o(.data)
    uwTickPrio                               0x20000408   Data           4  stm32f1xx_hal.o(.data)
    uwTick                                   0x2000040c   Data           4  stm32f1xx_hal.o(.data)
    SystemCoreClock                          0x20000410   Data           4  system_stm32f1xx.o(.data)
    KEY_Value                                0x20000414   Data           1  user_function.o(.data)
    index                                    0x20000415   Data           1  user_function.o(.data)
    current_operation_index                  0x20000418   Data           4  user_function.o(.data)
    Speed                                    0x2000041c   Data           1  user_function.o(.data)
    MS_count                                 0x20000420   Data           2  user_scheduler.o(.data)
    tSysScanFlag                             0x20000424   Data           7  user_scheduler.o(.data)
    table                                    0x2000042c   Data         144  menu.o(.data)
    __stdout                                 0x200004bc   Data           4  stdout.o(.data)
    hadc1                                    0x200004c0   Data          48  adc.o(.bss)
    hiwdg                                    0x200004f0   Data          12  iwdg.o(.bss)
    htim1                                    0x200004fc   Data          72  tim.o(.bss)
    htim2                                    0x20000544   Data          72  tim.o(.bss)
    htim3                                    0x2000058c   Data          72  tim.o(.bss)
    huart2                                   0x200005d4   Data          68  usart.o(.bss)
    __initial_sp                             0x20000a18   Data           0  startup_stm32f103x6.o(STACK)



==============================================================================

Memory Map of the image

  Image Entry point : 0x080000ed

  Load Region LR_IROM1 (Base: 0x08000000, Size: 0x00003d74, Max: 0x00040000, ABSOLUTE, COMPRESSED[0x00003aac])

    Execution Region ER_IROM1 (Exec base: 0x08000000, Load base: 0x08000000, Size: 0x000038b4, Max: 0x00040000, ABSOLUTE)

    Exec Addr    Load Addr    Size         Type   Attr      Idx    E Section Name        Object

    0x08000000   0x08000000   0x000000ec   Data   RO            3    RESET               startup_stm32f103x6.o
    0x080000ec   0x080000ec   0x00000000   Code   RO         3827  * .ARM.Collect$$$$00000000  mc_w.l(entry.o)
    0x080000ec   0x080000ec   0x00000004   Code   RO         4094    .ARM.Collect$$$$00000001  mc_w.l(entry2.o)
    0x080000f0   0x080000f0   0x00000004   Code   RO         4097    .ARM.Collect$$$$00000004  mc_w.l(entry5.o)
    0x080000f4   0x080000f4   0x00000000   Code   RO         4099    .ARM.Collect$$$$00000008  mc_w.l(entry7b.o)
    0x080000f4   0x080000f4   0x00000000   Code   RO         4101    .ARM.Collect$$$$0000000A  mc_w.l(entry8b.o)
    0x080000f4   0x080000f4   0x00000008   Code   RO         4102    .ARM.Collect$$$$0000000B  mc_w.l(entry9a.o)
    0x080000fc   0x080000fc   0x00000004   Code   RO         4109    .ARM.Collect$$$$0000000E  mc_w.l(entry12b.o)
    0x08000100   0x08000100   0x00000000   Code   RO         4104    .ARM.Collect$$$$0000000F  mc_w.l(entry10a.o)
    0x08000100   0x08000100   0x00000000   Code   RO         4106    .ARM.Collect$$$$00000011  mc_w.l(entry11a.o)
    0x08000100   0x08000100   0x00000004   Code   RO         4095    .ARM.Collect$$$$00002712  mc_w.l(entry2.o)
    0x08000104   0x08000104   0x00000024   Code   RO            4    .text               startup_stm32f103x6.o
    0x08000128   0x08000128   0x00000024   Code   RO         3832    .text               mc_w.l(memseta.o)
    0x0800014c   0x0800014c   0x00000024   Code   RO         4126    .text               mc_w.l(init.o)
    0x08000170   0x08000170   0x00000056   Code   RO         4142    .text               mc_w.l(__dczerorl2.o)
    0x080001c6   0x080001c6   0x00000002   PAD
    0x080001c8   0x080001c8   0x00000056   Code   RO          668    i.ADC_ConversionStop_Disable  stm32f1xx_hal_adc.o
    0x0800021e   0x0800021e   0x00000002   PAD
    0x08000220   0x08000220   0x0000007c   Code   RO          672    i.ADC_Enable        stm32f1xx_hal_adc.o
    0x0800029c   0x0800029c   0x00000002   Code   RO          514    i.BusFault_Handler  stm32f1xx_it.o
    0x0800029e   0x0800029e   0x00000002   Code   RO          515    i.DebugMon_Handler  stm32f1xx_it.o
    0x080002a0   0x080002a0   0x00000004   Code   RO           13    i.Error_Handler     main.o
    0x080002a4   0x080002a4   0x0000004c   Code   RO         3373    i.FuncRun           user_scheduler.o
    0x080002f0   0x080002f0   0x000000d8   Code   RO          848    i.HAL_ADCEx_Calibration_Start  stm32f1xx_hal_adc_ex.o
    0x080003c8   0x080003c8   0x000000fc   Code   RO          674    i.HAL_ADC_ConfigChannel  stm32f1xx_hal_adc.o
    0x080004c4   0x080004c4   0x0000011c   Code   RO          683    i.HAL_ADC_Init      stm32f1xx_hal_adc.o
    0x080005e0   0x080005e0   0x00000078   Code   RO          335    i.HAL_ADC_MspInit   adc.o
    0x08000658   0x08000658   0x00000046   Code   RO         1323    i.HAL_DMA_Abort     stm32f1xx_hal_dma.o
    0x0800069e   0x0800069e   0x00000002   PAD
    0x080006a0   0x080006a0   0x00000098   Code   RO         1324    i.HAL_DMA_Abort_IT  stm32f1xx_hal_dma.o
    0x08000738   0x08000738   0x00000024   Code   RO          951    i.HAL_Delay         stm32f1xx_hal.o
    0x0800075c   0x0800075c   0x000001c0   Code   RO         1259    i.HAL_GPIO_Init     stm32f1xx_hal_gpio.o
    0x0800091c   0x0800091c   0x0000000a   Code   RO         1261    i.HAL_GPIO_ReadPin  stm32f1xx_hal_gpio.o
    0x08000926   0x08000926   0x00000010   Code   RO         1262    i.HAL_GPIO_TogglePin  stm32f1xx_hal_gpio.o
    0x08000936   0x08000936   0x0000000a   Code   RO         1263    i.HAL_GPIO_WritePin  stm32f1xx_hal_gpio.o
    0x08000940   0x08000940   0x0000000c   Code   RO          955    i.HAL_GetTick       stm32f1xx_hal.o
    0x0800094c   0x0800094c   0x0000005a   Code   RO         1909    i.HAL_IWDG_Init     stm32f1xx_hal_iwdg.o
    0x080009a6   0x080009a6   0x0000000c   Code   RO         1910    i.HAL_IWDG_Refresh  stm32f1xx_hal_iwdg.o
    0x080009b2   0x080009b2   0x00000002   PAD
    0x080009b4   0x080009b4   0x00000010   Code   RO          961    i.HAL_IncTick       stm32f1xx_hal.o
    0x080009c4   0x080009c4   0x00000024   Code   RO          962    i.HAL_Init          stm32f1xx_hal.o
    0x080009e8   0x080009e8   0x00000040   Code   RO          963    i.HAL_InitTick      stm32f1xx_hal.o
    0x08000a28   0x08000a28   0x0000003c   Code   RO          608    i.HAL_MspInit       stm32f1xx_hal_msp.o
    0x08000a64   0x08000a64   0x0000001a   Code   RO         1419    i.HAL_NVIC_EnableIRQ  stm32f1xx_hal_cortex.o
    0x08000a7e   0x08000a7e   0x00000002   PAD
    0x08000a80   0x08000a80   0x00000040   Code   RO         1425    i.HAL_NVIC_SetPriority  stm32f1xx_hal_cortex.o
    0x08000ac0   0x08000ac0   0x00000024   Code   RO         1426    i.HAL_NVIC_SetPriorityGrouping  stm32f1xx_hal_cortex.o
    0x08000ae4   0x08000ae4   0x000000c8   Code   RO         1221    i.HAL_RCCEx_GetPeriphCLKFreq  stm32f1xx_hal_rcc_ex.o
    0x08000bac   0x08000bac   0x000000ec   Code   RO         1222    i.HAL_RCCEx_PeriphCLKConfig  stm32f1xx_hal_rcc_ex.o
    0x08000c98   0x08000c98   0x0000012c   Code   RO         1119    i.HAL_RCC_ClockConfig  stm32f1xx_hal_rcc.o
    0x08000dc4   0x08000dc4   0x00000020   Code   RO         1126    i.HAL_RCC_GetPCLK1Freq  stm32f1xx_hal_rcc.o
    0x08000de4   0x08000de4   0x00000020   Code   RO         1127    i.HAL_RCC_GetPCLK2Freq  stm32f1xx_hal_rcc.o
    0x08000e04   0x08000e04   0x0000006c   Code   RO         1128    i.HAL_RCC_GetSysClockFreq  stm32f1xx_hal_rcc.o
    0x08000e70   0x08000e70   0x00000320   Code   RO         1131    i.HAL_RCC_OscConfig  stm32f1xx_hal_rcc.o
    0x08001190   0x08001190   0x00000028   Code   RO         1430    i.HAL_SYSTICK_Config  stm32f1xx_hal_cortex.o
    0x080011b8   0x080011b8   0x00000002   Code   RO         2645    i.HAL_TIMEx_BreakCallback  stm32f1xx_hal_tim_ex.o
    0x080011ba   0x080011ba   0x00000002   Code   RO         2646    i.HAL_TIMEx_CommutCallback  stm32f1xx_hal_tim_ex.o
    0x080011bc   0x080011bc   0x00000060   Code   RO         2664    i.HAL_TIMEx_MasterConfigSynchronization  stm32f1xx_hal_tim_ex.o
    0x0800121c   0x0800121c   0x0000005a   Code   RO         1941    i.HAL_TIM_Base_Init  stm32f1xx_hal_tim.o
    0x08001276   0x08001276   0x00000002   PAD
    0x08001278   0x08001278   0x00000050   Code   RO          407    i.HAL_TIM_Base_MspInit  tim.o
    0x080012c8   0x080012c8   0x00000050   Code   RO         1946    i.HAL_TIM_Base_Start_IT  stm32f1xx_hal_tim.o
    0x08001318   0x08001318   0x000000d6   Code   RO         1950    i.HAL_TIM_ConfigClockSource  stm32f1xx_hal_tim.o
    0x080013ee   0x080013ee   0x000000a4   Code   RO         1962    i.HAL_TIM_Encoder_Init  stm32f1xx_hal_tim.o
    0x08001492   0x08001492   0x00000002   PAD
    0x08001494   0x08001494   0x00000064   Code   RO          409    i.HAL_TIM_Encoder_MspInit  tim.o
    0x080014f8   0x080014f8   0x0000008e   Code   RO         1965    i.HAL_TIM_Encoder_Start  stm32f1xx_hal_tim.o
    0x08001586   0x08001586   0x00000002   Code   RO         1975    i.HAL_TIM_IC_CaptureCallback  stm32f1xx_hal_tim.o
    0x08001588   0x08001588   0x00000166   Code   RO         1989    i.HAL_TIM_IRQHandler  stm32f1xx_hal_tim.o
    0x080016ee   0x080016ee   0x00000002   Code   RO         1992    i.HAL_TIM_OC_DelayElapsedCallback  stm32f1xx_hal_tim.o
    0x080016f0   0x080016f0   0x00000002   Code   RO         2019    i.HAL_TIM_PWM_PulseFinishedCallback  stm32f1xx_hal_tim.o
    0x080016f2   0x080016f2   0x00000002   PAD
    0x080016f4   0x080016f4   0x0000003c   Code   RO           14    i.HAL_TIM_PeriodElapsedCallback  main.o
    0x08001730   0x08001730   0x00000002   Code   RO         2032    i.HAL_TIM_TriggerCallback  stm32f1xx_hal_tim.o
    0x08001732   0x08001732   0x00000002   Code   RO         2923    i.HAL_UARTEx_RxEventCallback  stm32f1xx_hal_uart.o
    0x08001734   0x08001734   0x00000002   Code   RO         2937    i.HAL_UART_ErrorCallback  stm32f1xx_hal_uart.o
    0x08001736   0x08001736   0x00000002   PAD
    0x08001738   0x08001738   0x0000020c   Code   RO         2940    i.HAL_UART_IRQHandler  stm32f1xx_hal_uart.o
    0x08001944   0x08001944   0x00000062   Code   RO         2941    i.HAL_UART_Init     stm32f1xx_hal_uart.o
    0x080019a6   0x080019a6   0x00000002   PAD
    0x080019a8   0x080019a8   0x00000080   Code   RO          473    i.HAL_UART_MspInit  usart.o
    0x08001a28   0x08001a28   0x00000002   Code   RO         2947    i.HAL_UART_RxCpltCallback  stm32f1xx_hal_uart.o
    0x08001a2a   0x08001a2a   0x00000002   PAD
    0x08001a2c   0x08001a2c   0x000000b2   Code   RO         2949    i.HAL_UART_Transmit  stm32f1xx_hal_uart.o
    0x08001ade   0x08001ade   0x00000002   Code   RO         2952    i.HAL_UART_TxCpltCallback  stm32f1xx_hal_uart.o
    0x08001ae0   0x08001ae0   0x00000002   Code   RO          516    i.HardFault_Handler  stm32f1xx_it.o
    0x08001ae2   0x08001ae2   0x0000000c   Code   RO         3548    i.I2C_Delay         iic.o
    0x08001aee   0x08001aee   0x00000002   PAD
    0x08001af0   0x08001af0   0x00000050   Code   RO         3549    i.I2C_InitGPIO      iic.o
    0x08001b40   0x08001b40   0x0000006c   Code   RO         3552    i.I2C_SendByte      iic.o
    0x08001bac   0x08001bac   0x00000048   Code   RO         3553    i.I2C_Start         iic.o
    0x08001bf4   0x08001bf4   0x00000034   Code   RO         3554    i.I2C_Stop          iic.o
    0x08001c28   0x08001c28   0x00000050   Code   RO         3555    i.I2C_WaitAck       iic.o
    0x08001c78   0x08001c78   0x00000068   Code   RO         3661    i.Key_scan          key.o
    0x08001ce0   0x08001ce0   0x00000090   Code   RO          336    i.MX_ADC1_Init      adc.o
    0x08001d70   0x08001d70   0x000000ac   Code   RO          216    i.MX_GPIO_Init      gpio.o
    0x08001e1c   0x08001e1c   0x0000002c   Code   RO          376    i.MX_IWDG_Init      iwdg.o
    0x08001e48   0x08001e48   0x00000068   Code   RO          410    i.MX_TIM1_Init      tim.o
    0x08001eb0   0x08001eb0   0x00000068   Code   RO          411    i.MX_TIM2_Init      tim.o
    0x08001f18   0x08001f18   0x0000006c   Code   RO          412    i.MX_TIM3_Init      tim.o
    0x08001f84   0x08001f84   0x00000038   Code   RO          474    i.MX_USART2_UART_Init  usart.o
    0x08001fbc   0x08001fbc   0x00000002   Code   RO          517    i.MemManage_Handler  stm32f1xx_it.o
    0x08001fbe   0x08001fbe   0x00000002   PAD
    0x08001fc0   0x08001fc0   0x00000078   Code   RO         3307    i.Mune              user_function.o
    0x08002038   0x08002038   0x00000002   Code   RO          518    i.NMI_Handler       stm32f1xx_it.o
    0x0800203a   0x0800203a   0x00000006   Code   RO         3421    i.OLED_CLS          iic_oled.o
    0x08002040   0x08002040   0x0000003e   Code   RO         3422    i.OLED_DrawBMP      iic_oled.o
    0x0800207e   0x0800207e   0x00000002   PAD
    0x08002080   0x08002080   0x00000038   Code   RO         3423    i.OLED_Fill         iic_oled.o
    0x080020b8   0x080020b8   0x000000b8   Code   RO         3424    i.OLED_Init         iic_oled.o
    0x08002170   0x08002170   0x00000026   Code   RO         3427    i.OLED_SetPos       iic_oled.o
    0x08002196   0x08002196   0x00000002   PAD
    0x08002198   0x08002198   0x00000088   Code   RO         3429    i.OLED_ShowChar     iic_oled.o
    0x08002220   0x08002220   0x0000006a   Code   RO         3430    i.OLED_ShowNum      iic_oled.o
    0x0800228a   0x0800228a   0x00000002   PAD
    0x0800228c   0x0800228c   0x000000d8   Code   RO         3431    i.OLED_ShowStr      iic_oled.o
    0x08002364   0x08002364   0x00000002   Code   RO          519    i.PendSV_Handler    stm32f1xx_it.o
    0x08002366   0x08002366   0x00000002   Code   RO          520    i.SVC_Handler       stm32f1xx_it.o
    0x08002368   0x08002368   0x00000074   Code   RO         3374    i.Schedule          user_scheduler.o
    0x080023dc   0x080023dc   0x00000004   Code   RO          521    i.SysTick_Handler   stm32f1xx_it.o
    0x080023e0   0x080023e0   0x00000080   Code   RO           15    i.SystemClock_Config  main.o
    0x08002460   0x08002460   0x00000002   Code   RO         3270    i.SystemInit        system_stm32f1xx.o
    0x08002462   0x08002462   0x00000002   PAD
    0x08002464   0x08002464   0x0000000c   Code   RO          522    i.TIM2_IRQHandler   stm32f1xx_it.o
    0x08002470   0x08002470   0x0000000c   Code   RO          523    i.TIM3_IRQHandler   stm32f1xx_it.o
    0x0800247c   0x0800247c   0x0000005c   Code   RO         2034    i.TIM_Base_SetConfig  stm32f1xx_hal_tim.o
    0x080024d8   0x080024d8   0x0000001a   Code   RO         2035    i.TIM_CCxChannelCmd  stm32f1xx_hal_tim.o
    0x080024f2   0x080024f2   0x00000014   Code   RO         2045    i.TIM_ETR_SetConfig  stm32f1xx_hal_tim.o
    0x08002506   0x08002506   0x00000010   Code   RO         2046    i.TIM_ITRx_SetConfig  stm32f1xx_hal_tim.o
    0x08002516   0x08002516   0x00000022   Code   RO         2052    i.TIM_TI1_ConfigInputStage  stm32f1xx_hal_tim.o
    0x08002538   0x08002538   0x00000024   Code   RO         2054    i.TIM_TI2_ConfigInputStage  stm32f1xx_hal_tim.o
    0x0800255c   0x0800255c   0x00000010   Code   RO         2954    i.UART_DMAAbortOnError  stm32f1xx_hal_uart.o
    0x0800256c   0x0800256c   0x00000030   Code   RO         2964    i.UART_EndRxTransfer  stm32f1xx_hal_uart.o
    0x0800259c   0x0800259c   0x000000b6   Code   RO         2966    i.UART_Receive_IT   stm32f1xx_hal_uart.o
    0x08002652   0x08002652   0x00000002   PAD
    0x08002654   0x08002654   0x000000b8   Code   RO         2967    i.UART_SetConfig    stm32f1xx_hal_uart.o
    0x0800270c   0x0800270c   0x00000064   Code   RO         2970    i.UART_WaitOnFlagUntilTimeout  stm32f1xx_hal_uart.o
    0x08002770   0x08002770   0x0000000c   Code   RO          524    i.USART2_IRQHandler  stm32f1xx_it.o
    0x0800277c   0x0800277c   0x00000002   Code   RO          525    i.UsageFault_Handler  stm32f1xx_it.o
    0x0800277e   0x0800277e   0x0000000a   Code   RO         3432    i.WriteCmd          iic_oled.o
    0x08002788   0x08002788   0x0000000a   Code   RO         3433    i.WriteDat          iic_oled.o
    0x08002792   0x08002792   0x00000002   PAD
    0x08002794   0x08002794   0x00000010   Code   RO         3835    i.__0printf$bare    mc_w.l(printfb.o)
    0x080027a4   0x080027a4   0x00000020   Code   RO         1432    i.__NVIC_SetPriority  stm32f1xx_hal_cortex.o
    0x080027c4   0x080027c4   0x0000000e   Code   RO         4136    i.__scatterload_copy  mc_w.l(handlers.o)
    0x080027d2   0x080027d2   0x00000002   Code   RO         4137    i.__scatterload_null  mc_w.l(handlers.o)
    0x080027d4   0x080027d4   0x0000000e   Code   RO         4138    i.__scatterload_zeroinit  mc_w.l(handlers.o)
    0x080027e2   0x080027e2   0x00000022   Code   RO         3842    i._printf_core      mc_w.l(printfb.o)
    0x08002804   0x08002804   0x00000028   Code   RO         3308    i.display_UI        user_function.o
    0x0800282c   0x0800282c   0x0000001c   Code   RO           16    i.fputc             main.o
    0x08002848   0x08002848   0x00000018   Code   RO         3736    i.fun_0             menu.o
    0x08002860   0x08002860   0x00000080   Code   RO         3737    i.fun_a1            menu.o
    0x080028e0   0x080028e0   0x00000068   Code   RO         3738    i.fun_a21           menu.o
    0x08002948   0x08002948   0x00000068   Code   RO         3739    i.fun_a22           menu.o
    0x080029b0   0x080029b0   0x00000080   Code   RO         3740    i.fun_b1            menu.o
    0x08002a30   0x08002a30   0x00000040   Code   RO         3741    i.fun_b21           menu.o
    0x08002a70   0x08002a70   0x00000034   Code   RO         3742    i.fun_b22           menu.o
    0x08002aa4   0x08002aa4   0x00000040   Code   RO         3743    i.fun_b23           menu.o
    0x08002ae4   0x08002ae4   0x00000080   Code   RO         3744    i.fun_c1            menu.o
    0x08002b64   0x08002b64   0x00000078   Code   RO         3745    i.fun_c21           menu.o
    0x08002bdc   0x08002bdc   0x00000080   Code   RO         3746    i.fun_d1            menu.o
    0x08002c5c   0x08002c5c   0x00000038   Code   RO         3747    i.fun_d21           menu.o
    0x08002c94   0x08002c94   0x000000cc   Code   RO           17    i.main              main.o
    0x08002d60   0x08002d60   0x00000010   Code   RO         3434    i.mypow             iic_oled.o
    0x08002d70   0x08002d70   0x00000032   Code   RO         3557    i.write_i2c         iic.o
    0x08002da2   0x08002da2   0x00000010   Data   RO         3271    .constdata          system_stm32f1xx.o
    0x08002db2   0x08002db2   0x00000008   Data   RO         3272    .constdata          system_stm32f1xx.o
    0x08002dba   0x08002dba   0x00000ad8   Data   RO         3438    .constdata          iic_oled.o
    0x08003892   0x08003892   0x00000002   PAD
    0x08003894   0x08003894   0x00000020   Data   RO         4134    Region$$Table       anon$$obj.o


    Execution Region RW_IRAM1 (Exec base: 0x20000000, Load base: 0x080038b4, Size: 0x00000a18, Max: 0x0000c000, ABSOLUTE, COMPRESSED[0x000001f8])

    Exec Addr    Load Addr    Size         Type   Attr      Idx    E Section Name        Object

    0x20000000   COMPRESSED   0x00000401   Data   RW           18    .data               main.o
    0x20000401   COMPRESSED   0x00000003   PAD
    0x20000404   COMPRESSED   0x0000000c   Data   RW          969    .data               stm32f1xx_hal.o
    0x20000410   COMPRESSED   0x00000004   Data   RW         3273    .data               system_stm32f1xx.o
    0x20000414   COMPRESSED   0x00000008   Data   RW         3309    .data               user_function.o
    0x2000041c   COMPRESSED   0x00000001   Data   RW         3310    .data               user_function.o
    0x2000041d   COMPRESSED   0x00000003   PAD
    0x20000420   COMPRESSED   0x0000000b   Data   RW         3375    .data               user_scheduler.o
    0x2000042b   COMPRESSED   0x00000001   PAD
    0x2000042c   COMPRESSED   0x00000090   Data   RW         3748    .data               menu.o
    0x200004bc   COMPRESSED   0x00000004   Data   RW         4110    .data               mc_w.l(stdout.o)
    0x200004c0        -       0x00000030   Zero   RW          337    .bss                adc.o
    0x200004f0        -       0x0000000c   Zero   RW          377    .bss                iwdg.o
    0x200004fc        -       0x000000d8   Zero   RW          413    .bss                tim.o
    0x200005d4        -       0x00000044   Zero   RW          475    .bss                usart.o
    0x20000618        -       0x00000400   Zero   RW            1    STACK               startup_stm32f103x6.o


==============================================================================

Image component sizes


      Code (inc. data)   RO Data    RW Data    ZI Data      Debug   Object Name

       264         26          0          0         48       1757   adc.o
       172         12          0          0          0     436707   gpio.o
       454         50          0          0          0       3923   iic.o
       840         18       2776          0          0       7862   iic_oled.o
        44          8          0          0         12        711   iwdg.o
       104          8          0          0          0        559   key.o
       424         92          0       1025          0     408022   main.o
      1100        496          0        144          0       5947   menu.o
        36          8        236          0       1024        804   startup_stm32f103x6.o
       164         28          0         12          0       5581   stm32f1xx_hal.o
       746         34          0          0          0       4077   stm32f1xx_hal_adc.o
       216          6          0          0          0       1434   stm32f1xx_hal_adc_ex.o
       198         14          0          0          0      28947   stm32f1xx_hal_cortex.o
       222          4          0          0          0       1775   stm32f1xx_hal_dma.o
       484         30          0          0          0       4124   stm32f1xx_hal_gpio.o
       102          0          0          0          0       1839   stm32f1xx_hal_iwdg.o
        60          8          0          0          0        874   stm32f1xx_hal_msp.o
      1272        100          0          0          0       5204   stm32f1xx_hal_rcc.o
       436         46          0          0          0       2537   stm32f1xx_hal_rcc_ex.o
      1280         18          0          0          0      12164   stm32f1xx_hal_tim.o
       100         10          0          0          0       2377   stm32f1xx_hal_tim_ex.o
      1338         10          0          0          0       9692   stm32f1xx_hal_uart.o
        56         18          0          0          0       5194   stm32f1xx_it.o
         2          0         24          4          0       1119   system_stm32f1xx.o
       496         42          0          0        216       3630   tim.o
       184         22          0          0         68       1698   usart.o
       160         20          0          9          0       2226   user_function.o
       192         20          0         11          0       2467   user_scheduler.o

    ----------------------------------------------------------------------
     11182       1148       3070       1212       1368     963251   Object Totals
         0          0         32          0          0          0   (incl. Generated)
        36          0          2          7          0          0   (incl. Padding)

    ----------------------------------------------------------------------

      Code (inc. data)   RO Data    RW Data    ZI Data      Debug   Library Member Name

        86          0          0          0          0          0   __dczerorl2.o
         0          0          0          0          0          0   entry.o
         0          0          0          0          0          0   entry10a.o
         0          0          0          0          0          0   entry11a.o
         4          0          0          0          0          0   entry12b.o
         8          4          0          0          0          0   entry2.o
         4          0          0          0          0          0   entry5.o
         0          0          0          0          0          0   entry7b.o
         0          0          0          0          0          0   entry8b.o
         8          4          0          0          0          0   entry9a.o
        30          0          0          0          0          0   handlers.o
        36          8          0          0          0         68   init.o
        36          0          0          0          0        108   memseta.o
        50          8          0          0          0        152   printfb.o
         0          0          0          4          0          0   stdout.o

    ----------------------------------------------------------------------
       264         24          0          4          0        328   Library Totals
         2          0          0          0          0          0   (incl. Padding)

    ----------------------------------------------------------------------

      Code (inc. data)   RO Data    RW Data    ZI Data      Debug   Library Name

       262         24          0          4          0        328   mc_w.l

    ----------------------------------------------------------------------
       264         24          0          4          0        328   Library Totals

    ----------------------------------------------------------------------

==============================================================================


      Code (inc. data)   RO Data    RW Data    ZI Data      Debug   

     11446       1172       3070       1216       1368     957415   Grand Totals
     11446       1172       3070        504       1368     957415   ELF Image Totals (compressed)
     11446       1172       3070        504          0          0   ROM Totals

==============================================================================

    Total RO  Size (Code + RO Data)                14516 (  14.18kB)
    Total RW  Size (RW Data + ZI Data)              2584 (   2.52kB)
    Total ROM Size (Code + RO Data + RW Data)      15020 (  14.67kB)

==============================================================================

